Archive member included to satisfy reference by file (symbol)

C:/ST/STM32CubeIDE_1.13.2/STM32CubeIDE/plugins/com.st.stm32cube.ide.mcu.externaltools.gnu-tools-for-stm32.11.3.rel1.win32_1.1.1.202309131626/tools/bin/../lib/gcc/arm-none-eabi/11.3.1/../../../../arm-none-eabi/lib/thumb/v7-m/nofp\libc_nano.a(libc_a-atof.o)
                              ./Core/Src/solveEquation.o (atof)
C:/ST/STM32CubeIDE_1.13.2/STM32CubeIDE/plugins/com.st.stm32cube.ide.mcu.externaltools.gnu-tools-for-stm32.11.3.rel1.win32_1.1.1.202309131626/tools/bin/../lib/gcc/arm-none-eabi/11.3.1/../../../../arm-none-eabi/lib/thumb/v7-m/nofp\libc_nano.a(libc_a-exit.o)
                              C:/ST/STM32CubeIDE_1.13.2/STM32CubeIDE/plugins/com.st.stm32cube.ide.mcu.externaltools.gnu-tools-for-stm32.11.3.rel1.win32_1.1.1.202309131626/tools/bin/../lib/gcc/arm-none-eabi/11.3.1/../../../../arm-none-eabi/lib/thumb/v7-m/nofp/crt0.o (exit)
C:/ST/STM32CubeIDE_1.13.2/STM32CubeIDE/plugins/com.st.stm32cube.ide.mcu.externaltools.gnu-tools-for-stm32.11.3.rel1.win32_1.1.1.202309131626/tools/bin/../lib/gcc/arm-none-eabi/11.3.1/../../../../arm-none-eabi/lib/thumb/v7-m/nofp\libc_nano.a(libc_a-malloc.o)
                              ./Core/Src/binaryExpression.o (malloc)
C:/ST/STM32CubeIDE_1.13.2/STM32CubeIDE/plugins/com.st.stm32cube.ide.mcu.externaltools.gnu-tools-for-stm32.11.3.rel1.win32_1.1.1.202309131626/tools/bin/../lib/gcc/arm-none-eabi/11.3.1/../../../../arm-none-eabi/lib/thumb/v7-m/nofp\libc_nano.a(libc_a-mallocr.o)
                              C:/ST/STM32CubeIDE_1.13.2/STM32CubeIDE/plugins/com.st.stm32cube.ide.mcu.externaltools.gnu-tools-for-stm32.11.3.rel1.win32_1.1.1.202309131626/tools/bin/../lib/gcc/arm-none-eabi/11.3.1/../../../../arm-none-eabi/lib/thumb/v7-m/nofp\libc_nano.a(libc_a-malloc.o) (_malloc_r)
C:/ST/STM32CubeIDE_1.13.2/STM32CubeIDE/plugins/com.st.stm32cube.ide.mcu.externaltools.gnu-tools-for-stm32.11.3.rel1.win32_1.1.1.202309131626/tools/bin/../lib/gcc/arm-none-eabi/11.3.1/../../../../arm-none-eabi/lib/thumb/v7-m/nofp\libc_nano.a(libc_a-mlock.o)
                              C:/ST/STM32CubeIDE_1.13.2/STM32CubeIDE/plugins/com.st.stm32cube.ide.mcu.externaltools.gnu-tools-for-stm32.11.3.rel1.win32_1.1.1.202309131626/tools/bin/../lib/gcc/arm-none-eabi/11.3.1/../../../../arm-none-eabi/lib/thumb/v7-m/nofp\libc_nano.a(libc_a-mallocr.o) (__malloc_lock)
C:/ST/STM32CubeIDE_1.13.2/STM32CubeIDE/plugins/com.st.stm32cube.ide.mcu.externaltools.gnu-tools-for-stm32.11.3.rel1.win32_1.1.1.202309131626/tools/bin/../lib/gcc/arm-none-eabi/11.3.1/../../../../arm-none-eabi/lib/thumb/v7-m/nofp\libc_nano.a(libc_a-strtod.o)
                              C:/ST/STM32CubeIDE_1.13.2/STM32CubeIDE/plugins/com.st.stm32cube.ide.mcu.externaltools.gnu-tools-for-stm32.11.3.rel1.win32_1.1.1.202309131626/tools/bin/../lib/gcc/arm-none-eabi/11.3.1/../../../../arm-none-eabi/lib/thumb/v7-m/nofp\libc_nano.a(libc_a-atof.o) (strtod)
C:/ST/STM32CubeIDE_1.13.2/STM32CubeIDE/plugins/com.st.stm32cube.ide.mcu.externaltools.gnu-tools-for-stm32.11.3.rel1.win32_1.1.1.202309131626/tools/bin/../lib/gcc/arm-none-eabi/11.3.1/../../../../arm-none-eabi/lib/thumb/v7-m/nofp\libc_nano.a(libc_a-strtol.o)
                              ./Core/Src/binaryExpression.o (strtol)
C:/ST/STM32CubeIDE_1.13.2/STM32CubeIDE/plugins/com.st.stm32cube.ide.mcu.externaltools.gnu-tools-for-stm32.11.3.rel1.win32_1.1.1.202309131626/tools/bin/../lib/gcc/arm-none-eabi/11.3.1/../../../../arm-none-eabi/lib/thumb/v7-m/nofp\libc_nano.a(libc_a-ctype_.o)
                              C:/ST/STM32CubeIDE_1.13.2/STM32CubeIDE/plugins/com.st.stm32cube.ide.mcu.externaltools.gnu-tools-for-stm32.11.3.rel1.win32_1.1.1.202309131626/tools/bin/../lib/gcc/arm-none-eabi/11.3.1/../../../../arm-none-eabi/lib/thumb/v7-m/nofp\libc_nano.a(libc_a-strtol.o) (_ctype_)
C:/ST/STM32CubeIDE_1.13.2/STM32CubeIDE/plugins/com.st.stm32cube.ide.mcu.externaltools.gnu-tools-for-stm32.11.3.rel1.win32_1.1.1.202309131626/tools/bin/../lib/gcc/arm-none-eabi/11.3.1/../../../../arm-none-eabi/lib/thumb/v7-m/nofp\libc_nano.a(libc_a-findfp.o)
                              C:/ST/STM32CubeIDE_1.13.2/STM32CubeIDE/plugins/com.st.stm32cube.ide.mcu.externaltools.gnu-tools-for-stm32.11.3.rel1.win32_1.1.1.202309131626/tools/bin/../lib/gcc/arm-none-eabi/11.3.1/../../../../arm-none-eabi/lib/thumb/v7-m/nofp\libc_nano.a(libc_a-exit.o) (__stdio_exit_handler)
C:/ST/STM32CubeIDE_1.13.2/STM32CubeIDE/plugins/com.st.stm32cube.ide.mcu.externaltools.gnu-tools-for-stm32.11.3.rel1.win32_1.1.1.202309131626/tools/bin/../lib/gcc/arm-none-eabi/11.3.1/../../../../arm-none-eabi/lib/thumb/v7-m/nofp\libc_nano.a(libc_a-fwalk.o)
                              C:/ST/STM32CubeIDE_1.13.2/STM32CubeIDE/plugins/com.st.stm32cube.ide.mcu.externaltools.gnu-tools-for-stm32.11.3.rel1.win32_1.1.1.202309131626/tools/bin/../lib/gcc/arm-none-eabi/11.3.1/../../../../arm-none-eabi/lib/thumb/v7-m/nofp\libc_nano.a(libc_a-findfp.o) (_fwalk_sglue)
[...]
Memory Configuration

Name             Origin             Length             Attributes
RAM              0x0000000020000000 0x000000000000c000 xrw
FLASH            0x0000000008000000 0x0000000000040000 xr
*default*        0x0000000000000000 0xffffffffffffffff

Linker script and memory map

LOAD C:/ST/STM32CubeIDE_1.13.2/STM32CubeIDE/plugins/com.st.stm32cube.ide.mcu.externaltools.gnu-tools-for-stm32.11.3.rel1.win32_1.1.1.202309131626/tools/bin/../lib/gcc/arm-none-eabi/11.3.1/thumb/v7-m/nofp/crti.o
LOAD C:/ST/STM32CubeIDE_1.13.2/STM32CubeIDE/plugins/com.st.stm32cube.ide.mcu.externaltools.gnu-tools-for-stm32.11.3.rel1.win32_1.1.1.202309131626/tools/bin/../lib/gcc/arm-none-eabi/11.3.1/thumb/v7-m/nofp/crtbegin.o
LOAD C:/ST/STM32CubeIDE_1.13.2/STM32CubeIDE/plugins/com.st.stm32cube.ide.mcu.externaltools.gnu-tools-for-stm32.11.3.rel1.win32_1.1.1.202309131626/tools/bin/../lib/gcc/arm-none-eabi/11.3.1/../../../../arm-none-eabi/lib/thumb/v7-m/nofp/crt0.o
LOAD ./Core/Src/24cxx.o
LOAD ./Core/Src/binaryExpression.o
LOAD ./Core/Src/calc.o
LOAD ./Core/Src/calcExpression.o
LOAD ./Core/Src/ctiic.o
LOAD ./Core/Src/delay.o
LOAD ./Core/Src/ft5206.o
LOAD ./Core/Src/gpio.o
LOAD ./Core/Src/gt9147.o
LOAD ./Core/Src/lcd.o
LOAD ./Core/Src/main.o
LOAD ./Core/Src/myiic.o
LOAD ./Core/Src/ott2001a.o
LOAD ./Core/Src/rtc.o
LOAD ./Core/Src/solveEquation.o
LOAD ./Core/Src/stack.o
LOAD ./Core/Src/stm32f1xx_hal_msp.o
LOAD ./Core/Src/stm32f1xx_it.o
LOAD ./Core/Src/sys.o
LOAD ./Core/Src/syscalls.o
LOAD ./Core/Src/sysmem.o
LOAD ./Core/Src/system_stm32f1xx.o
LOAD ./Core/Src/tim.o
LOAD ./Core/Src/touch.o
LOAD ./Core/Src/usart.o
LOAD ./Core/Src/utils.o
LOAD ./Core/Startup/startup_stm32f103rctx.o
LOAD ./Drivers/STM32F1xx_HAL_Driver/Src/stm32f1xx_hal.o
LOAD ./Drivers/STM32F1xx_HAL_Driver/Src/stm32f1xx_hal_cortex.o
LOAD ./Drivers/STM32F1xx_HAL_Driver/Src/stm32f1xx_hal_dma.o
LOAD ./Drivers/STM32F1xx_HAL_Driver/Src/stm32f1xx_hal_exti.o
LOAD ./Drivers/STM32F1xx_HAL_Driver/Src/stm32f1xx_hal_flash.o
LOAD ./Drivers/STM32F1xx_HAL_Driver/Src/stm32f1xx_hal_flash_ex.o
LOAD ./Drivers/STM32F1xx_HAL_Driver/Src/stm32f1xx_hal_gpio.o
LOAD ./Drivers/STM32F1xx_HAL_Driver/Src/stm32f1xx_hal_gpio_ex.o
LOAD ./Drivers/STM32F1xx_HAL_Driver/Src/stm32f1xx_hal_pwr.o
LOAD ./Drivers/STM32F1xx_HAL_Driver/Src/stm32f1xx_hal_rcc.o
LOAD ./Drivers/STM32F1xx_HAL_Driver/Src/stm32f1xx_hal_rcc_ex.o
LOAD ./Drivers/STM32F1xx_HAL_Driver/Src/stm32f1xx_hal_rtc.o
LOAD ./Drivers/STM32F1xx_HAL_Driver/Src/stm32f1xx_hal_rtc_ex.o
LOAD ./Drivers/STM32F1xx_HAL_Driver/Src/stm32f1xx_hal_tim.o
LOAD ./Drivers/STM32F1xx_HAL_Driver/Src/stm32f1xx_hal_tim_ex.o
LOAD ./Drivers/STM32F1xx_HAL_Driver/Src/stm32f1xx_hal_uart.o
START GROUP
LOAD C:/ST/STM32CubeIDE_1.13.2/STM32CubeIDE/plugins/com.st.stm32cube.ide.mcu.externaltools.gnu-tools-for-stm32.11.3.rel1.win32_1.1.1.202309131626/tools/bin/../lib/gcc/arm-none-eabi/11.3.1/../../../../arm-none-eabi/lib/thumb/v7-m/nofp\libc_nano.a
LOAD C:/ST/STM32CubeIDE_1.13.2/STM32CubeIDE/plugins/com.st.stm32cube.ide.mcu.externaltools.gnu-tools-for-stm32.11.3.rel1.win32_1.1.1.202309131626/tools/bin/../lib/gcc/arm-none-eabi/11.3.1/../../../../arm-none-eabi/lib/thumb/v7-m/nofp\libm.a
END GROUP
START GROUP
LOAD C:/ST/STM32CubeIDE_1.13.2/STM32CubeIDE/plugins/com.st.stm32cube.ide.mcu.externaltools.gnu-tools-for-stm32.11.3.rel1.win32_1.1.1.202309131626/tools/bin/../lib/gcc/arm-none-eabi/11.3.1/thumb/v7-m/nofp\libgcc.a
LOAD C:/ST/STM32CubeIDE_1.13.2/STM32CubeIDE/plugins/com.st.stm32cube.ide.mcu.externaltools.gnu-tools-for-stm32.11.3.rel1.win32_1.1.1.202309131626/tools/bin/../lib/gcc/arm-none-eabi/11.3.1/../../../../arm-none-eabi/lib/thumb/v7-m/nofp\libc_nano.a
END GROUP
START GROUP
LOAD C:/ST/STM32CubeIDE_1.13.2/STM32CubeIDE/plugins/com.st.stm32cube.ide.mcu.externaltools.gnu-tools-for-stm32.11.3.rel1.win32_1.1.1.202309131626/tools/bin/../lib/gcc/arm-none-eabi/11.3.1/thumb/v7-m/nofp\libgcc.a
LOAD C:/ST/STM32CubeIDE_1.13.2/STM32CubeIDE/plugins/com.st.stm32cube.ide.mcu.externaltools.gnu-tools-for-stm32.11.3.rel1.win32_1.1.1.202309131626/tools/bin/../lib/gcc/arm-none-eabi/11.3.1/../../../../arm-none-eabi/lib/thumb/v7-m/nofp\libc_nano.a
LOAD C:/ST/STM32CubeIDE_1.13.2/STM32CubeIDE/plugins/com.st.stm32cube.ide.mcu.externaltools.gnu-tools-for-stm32.11.3.rel1.win32_1.1.1.202309131626/tools/bin/../lib/gcc/arm-none-eabi/11.3.1/../../../../arm-none-eabi/lib/thumb/v7-m/nofp\libnosys.a
END GROUP
START GROUP
LOAD C:/ST/STM32CubeIDE_1.13.2/STM32CubeIDE/plugins/com.st.stm32cube.ide.mcu.externaltools.gnu-tools-for-stm32.11.3.rel1.win32_1.1.1.202309131626/tools/bin/../lib/gcc/arm-none-eabi/11.3.1/thumb/v7-m/nofp\libgcc.a
LOAD C:/ST/STM32CubeIDE_1.13.2/STM32CubeIDE/plugins/com.st.stm32cube.ide.mcu.externaltools.gnu-tools-for-stm32.11.3.rel1.win32_1.1.1.202309131626/tools/bin/../lib/gcc/arm-none-eabi/11.3.1/../../../../arm-none-eabi/lib/thumb/v7-m/nofp\libc_nano.a
LOAD C:/ST/STM32CubeIDE_1.13.2/STM32CubeIDE/plugins/com.st.stm32cube.ide.mcu.externaltools.gnu-tools-for-stm32.11.3.rel1.win32_1.1.1.202309131626/tools/bin/../lib/gcc/arm-none-eabi/11.3.1/../../../../arm-none-eabi/lib/thumb/v7-m/nofp\libnosys.a
END GROUP
LOAD C:/ST/STM32CubeIDE_1.13.2/STM32CubeIDE/plugins/com.st.stm32cube.ide.mcu.externaltools.gnu-tools-for-stm32.11.3.rel1.win32_1.1.1.202309131626/tools/bin/../lib/gcc/arm-none-eabi/11.3.1/thumb/v7-m/nofp/crtend.o
LOAD C:/ST/STM32CubeIDE_1.13.2/STM32CubeIDE/plugins/com.st.stm32cube.ide.mcu.externaltools.gnu-tools-for-stm32.11.3.rel1.win32_1.1.1.202309131626/tools/bin/../lib/gcc/arm-none-eabi/11.3.1/thumb/v7-m/nofp/crtn.o
                0x000000002000c000                _estack = (ORIGIN (RAM) + LENGTH (RAM))
                0x0000000000000200                _Min_Heap_Size = 0x200
                0x0000000000000400                _Min_Stack_Size = 0x400

.isr_vector     0x0000000008000000      0x1e4
                0x0000000008000000                . = ALIGN (0x4)
 *(.isr_vector)
 .isr_vector    0x0000000008000000      0x1e4 ./Core/Startup/startup_stm32f103rctx.o
                0x0000000008000000                g_pfnVectors
                0x00000000080001e4                . = ALIGN (0x4)

.text           0x00000000080001e8    0x110cc
                0x00000000080001e8                . = ALIGN (0x4)
 *(.text)
 .text          0x00000000080001e8       0x40 C:/ST/STM32CubeIDE_1.13.2/STM32CubeIDE/plugins/com.st.stm32cube.ide.mcu.externaltools.gnu-tools-for-stm32.11.3.rel1.win32_1.1.1.202309131626/tools/bin/../lib/gcc/arm-none-eabi/11.3.1/thumb/v7-m/nofp/crtbegin.o
 .text          0x0000000008000228       0x14 C:/ST/STM32CubeIDE_1.13.2/STM32CubeIDE/plugins/com.st.stm32cube.ide.mcu.externaltools.gnu-tools-for-stm32.11.3.rel1.win32_1.1.1.202309131626/tools/bin/../lib/gcc/arm-none-eabi/11.3.1/../../../../arm-none-eabi/lib/thumb/v7-m/nofp\libc_nano.a(libc_a-strcmp.o)
                0x0000000008000228                strcmp
 .text          0x000000000800023c       0x10 C:/ST/STM32CubeIDE_1.13.2/STM32CubeIDE/plugins/com.st.stm32cube.ide.mcu.externaltools.gnu-tools-for-stm32.11.3.rel1.win32_1.1.1.202309131626/tools/bin/../lib/gcc/arm-none-eabi/11.3.1/../../../../arm-none-eabi/lib/thumb/v7-m/nofp\libc_nano.a(libc_a-strlen.o)
                0x000000000800023c                strlen
 .text          0x000000000800024c      0x378 C:/ST/STM32CubeIDE_1.13.2/STM32CubeIDE/plugins/com.st.stm32cube.ide.mcu.externaltools.gnu-tools-for-stm32.11.3.rel1.win32_1.1.1.202309131626/tools/bin/../lib/gcc/arm-none-eabi/11.3.1/thumb/v7-m/nofp\libgcc.a(_arm_addsubdf3.o)
                0x000000000800024c                __aeabi_drsub
                0x0000000008000254                __aeabi_dsub
                0x0000000008000254                __subdf3
                0x0000000008000258                __aeabi_dadd
                0x0000000008000258                __adddf3
                0x00000000080004d0                __floatunsidf
                0x00000000080004d0                __aeabi_ui2d
                0x00000000080004f0                __floatsidf
                0x00000000080004f0                __aeabi_i2d
                0x0000000008000514                __aeabi_f2d
                0x0000000008000514                __extendsfdf2
                0x0000000008000558                __floatundidf
                0x0000000008000558                __aeabi_ul2d
                0x0000000008000568                __floatdidf
                0x0000000008000568                __aeabi_l2d
 .text          0x00000000080005c4      0x424 C:/ST/STM32CubeIDE_1.13.2/STM32CubeIDE/plugins/com.st.stm32cube.ide.mcu.externaltools.gnu-tools-for-stm32.11.3.rel1.win32_1.1.1.202309131626/tools/bin/../lib/gcc/arm-none-eabi/11.3.1/thumb/v7-m/nofp\libgcc.a(_arm_muldivdf3.o)
                0x00000000080005c4                __aeabi_dmul
                0x00000000080005c4                __muldf3
                0x0000000008000818                __divdf3
                0x0000000008000818                __aeabi_ddiv
 .text          0x00000000080009e8      0x110 C:/ST/STM32CubeIDE_1.13.2/STM32CubeIDE/plugins/com.st.stm32cube.ide.mcu.externaltools.gnu-tools-for-stm32.11.3.rel1.win32_1.1.1.202309131626/tools/bin/../lib/gcc/arm-none-eabi/11.3.1/thumb/v7-m/nofp\libgcc.a(_arm_cmpdf2.o)
                0x00000000080009e8                __gtdf2
                0x00000000080009e8                __gedf2
                0x00000000080009f0                __ltdf2
                0x00000000080009f0                __ledf2
                0x00000000080009f8                __nedf2
                0x00000000080009f8                __eqdf2
                0x00000000080009f8                __cmpdf2
                0x0000000008000a74                __aeabi_cdrcmple
                0x0000000008000a84                __aeabi_cdcmpeq
                0x0000000008000a84                __aeabi_cdcmple
                0x0000000008000a94                __aeabi_dcmpeq
                0x0000000008000aa8                __aeabi_dcmplt
                0x0000000008000abc                __aeabi_dcmple
                0x0000000008000ad0                __aeabi_dcmpge
                0x0000000008000ae4                __aeabi_dcmpgt
 .text          0x0000000008000af8       0x2c C:/ST/STM32CubeIDE_1.13.2/STM32CubeIDE/plugins/com.st.stm32cube.ide.mcu.externaltools.gnu-tools-for-stm32.11.3.rel1.win32_1.1.1.202309131626/tools/bin/../lib/gcc/arm-none-eabi/11.3.1/thumb/v7-m/nofp\libgcc.a(_arm_unorddf2.o)
                0x0000000008000af8                __unorddf2
                0x0000000008000af8                __aeabi_dcmpun
 .text          0x0000000008000b24       0x40 C:/ST/STM32CubeIDE_1.13.2/STM32CubeIDE/plugins/com.st.stm32cube.ide.mcu.externaltools.gnu-tools-for-stm32.11.3.rel1.win32_1.1.1.202309131626/tools/bin/../lib/gcc/arm-none-eabi/11.3.1/thumb/v7-m/nofp\libgcc.a(_arm_fixunsdfsi.o)
                0x0000000008000b24                __aeabi_d2uiz
                0x0000000008000b24                __fixunsdfsi
 .text          0x0000000008000b64       0xa0 C:/ST/STM32CubeIDE_1.13.2/STM32CubeIDE/plugins/com.st.stm32cube.ide.mcu.externaltools.gnu-tools-for-stm32.11.3.rel1.win32_1.1.1.202309131626/tools/bin/../lib/gcc/arm-none-eabi/11.3.1/thumb/v7-m/nofp\libgcc.a(_arm_truncdfsf2.o)
                0x0000000008000b64                __truncdfsf2
                0x0000000008000b64                __aeabi_d2f
 .text          0x0000000008000c04      0x21c C:/ST/STM32CubeIDE_1.13.2/STM32CubeIDE/plugins/com.st.stm32cube.ide.mcu.externaltools.gnu-tools-for-stm32.11.3.rel1.win32_1.1.1.202309131626/tools/bin/../lib/gcc/arm-none-eabi/11.3.1/thumb/v7-m/nofp\libgcc.a(_arm_addsubsf3.o)
                0x0000000008000c04                __aeabi_frsub
                0x0000000008000c0c                __subsf3
                0x0000000008000c0c                __aeabi_fsub
                0x0000000008000c10                __aeabi_fadd
                0x0000000008000c10                __addsf3
                0x0000000008000d70                __aeabi_ui2f
                0x0000000008000d70                __floatunsisf
                0x0000000008000d78                __aeabi_i2f
                0x0000000008000d78                __floatsisf
                0x0000000008000d94                __aeabi_ul2f
                0x0000000008000d94                __floatundisf
                0x0000000008000da4                __aeabi_l2f
                0x0000000008000da4                __floatdisf
 .text          0x0000000008000e20      0x2a0 C:/ST/STM32CubeIDE_1.13.2/STM32CubeIDE/plugins/com.st.stm32cube.ide.mcu.externaltools.gnu-tools-for-stm32.11.3.rel1.win32_1.1.1.202309131626/tools/bin/../lib/gcc/arm-none-eabi/11.3.1/thumb/v7-m/nofp\libgcc.a(_arm_muldivsf3.o)
                0x0000000008000e20                __mulsf3
                0x0000000008000e20                __aeabi_fmul
                0x0000000008000f88                __aeabi_fdiv
                0x0000000008000f88                __divsf3
 .text          0x00000000080010c0       0xec C:/ST/STM32CubeIDE_1.13.2/STM32CubeIDE/plugins/com.st.stm32cube.ide.mcu.externaltools.gnu-tools-for-stm32.11.3.rel1.win32_1.1.1.202309131626/tools/bin/../lib/gcc/arm-none-eabi/11.3.1/thumb/v7-m/nofp\libgcc.a(_arm_cmpsf2.o)
                0x00000000080010c0                __gesf2
                0x00000000080010c0                __gtsf2
                0x00000000080010c8                __lesf2
                0x00000000080010c8                __ltsf2
                0x00000000080010d0                __nesf2
                0x00000000080010d0                __eqsf2
                0x00000000080010d0                __cmpsf2
                0x0000000008001130                __aeabi_cfrcmple
                0x0000000008001138                __aeabi_cfcmpeq
                0x0000000008001138                __aeabi_cfcmple
                0x0000000008001148                __aeabi_fcmpeq
                0x000000000800115c                __aeabi_fcmplt
                0x0000000008001170                __aeabi_fcmple
                0x0000000008001184                __aeabi_fcmpge
                0x0000000008001198                __aeabi_fcmpgt
 .text          0x00000000080011ac       0x4c C:/ST/STM32CubeIDE_1.13.2/STM32CubeIDE/plugins/com.st.stm32cube.ide.mcu.externaltools.gnu-tools-for-stm32.11.3.rel1.win32_1.1.1.202309131626/tools/bin/../lib/gcc/arm-none-eabi/11.3.1/thumb/v7-m/nofp\libgcc.a(_arm_fixsfsi.o)
                0x00000000080011ac                __aeabi_f2iz
                0x00000000080011ac                __fixsfsi
 .text          0x00000000080011f8       0x40 C:/ST/STM32CubeIDE_1.13.2/STM32CubeIDE/plugins/com.st.stm32cube.ide.mcu.externaltools.gnu-tools-for-stm32.11.3.rel1.win32_1.1.1.202309131626/tools/bin/../lib/gcc/arm-none-eabi/11.3.1/thumb/v7-m/nofp\libgcc.a(_arm_fixunssfsi.o)
                0x00000000080011f8                __fixunssfsi
                0x00000000080011f8                __aeabi_f2uiz
 .text          0x0000000008001238       0xa0 C:/ST/STM32CubeIDE_1.13.2/STM32CubeIDE/plugins/com.st.stm32cube.ide.mcu.externaltools.gnu-tools-for-stm32.11.3.rel1.win32_1.1.1.202309131626/tools/bin/../lib/gcc/arm-none-eabi/11.3.1/thumb/v7-m/nofp\libgcc.a(_aeabi_ldivmod.o)
                0x0000000008001238                __aeabi_ldivmod
 .text          0x00000000080012d8      0x2cc C:/ST/STM32CubeIDE_1.13.2/STM32CubeIDE/plugins/com.st.stm32cube.ide.mcu.externaltools.gnu-tools-for-stm32.11.3.rel1.win32_1.1.1.202309131626/tools/bin/../lib/gcc/arm-none-eabi/11.3.1/thumb/v7-m/nofp\libgcc.a(_udivmoddi4.o)
                0x00000000080012d8                __udivmoddi4
 .text          0x00000000080015a4        0x4 C:/ST/STM32CubeIDE_1.13.2/STM32CubeIDE/plugins/com.st.stm32cube.ide.mcu.externaltools.gnu-tools-for-stm32.11.3.rel1.win32_1.1.1.202309131626/tools/bin/../lib/gcc/arm-none-eabi/11.3.1/thumb/v7-m/nofp\libgcc.a(_dvmd_tls.o)
                0x00000000080015a4                __aeabi_idiv0
                0x00000000080015a4                __aeabi_ldiv0
 *(.text*)
 .text.AT24CXX_Init
                0x00000000080015a8        0xc ./Core/Src/24cxx.o
                0x00000000080015a8                AT24CXX_Init
 .text.AT24CXX_ReadOneByte
                0x00000000080015b4       0x60 ./Core/Src/24cxx.o
                0x00000000080015b4                AT24CXX_ReadOneByte
 .text.AT24CXX_WriteOneByte
                0x0000000008001614       0x5a ./Core/Src/24cxx.o
                0x0000000008001614                AT24CXX_WriteOneByte
 .text.AT24CXX_Read
                0x000000000800166e       0x3e ./Core/Src/24cxx.o
                0x000000000800166e                AT24CXX_Read
 .text.AT24CXX_Write
                0x00000000080016ac       0x40 ./Core/Src/24cxx.o
                0x00000000080016ac                AT24CXX_Write
 .text.decimalToStr
                0x00000000080016ec       0xc2 ./Core/Src/binaryExpression.o
                0x00000000080016ec                decimalToStr
 .text.CalcBinaryExpression
                0x00000000080017ae      0x1c2 ./Core/Src/binaryExpression.o
                0x00000000080017ae                CalcBinaryExpression
 .text.cal_loc  0x0000000008001970      0x104 ./Core/Src/calcExpression.o
                0x0000000008001970                cal_loc
 .text.CalcExpression
                0x0000000008001a74      0x4e8 ./Core/Src/calcExpression.o
                0x0000000008001a74                CalcExpression
 .text.CT_Delay
                0x0000000008001f5c        0xe ./Core/Src/ctiic.o
                0x0000000008001f5c                CT_Delay
 *fill*         0x0000000008001f6a        0x2 
 .text.CT_IIC_Init
                0x0000000008001f6c       0x60 ./Core/Src/ctiic.o
                0x0000000008001f6c                CT_IIC_Init
 .text.CT_IIC_Start
                0x0000000008001fcc       0x50 ./Core/Src/ctiic.o
                0x0000000008001fcc                CT_IIC_Start
 .text.CT_IIC_Stop
                0x000000000800201c       0x48 ./Core/Src/ctiic.o
                0x000000000800201c                CT_IIC_Stop
 .text.CT_IIC_Wait_Ack
                0x0000000008002064       0x74 ./Core/Src/ctiic.o
                0x0000000008002064                CT_IIC_Wait_Ack
 .text.CT_IIC_Ack
                0x00000000080020d8       0x50 ./Core/Src/ctiic.o
                0x00000000080020d8                CT_IIC_Ack
 .text.CT_IIC_NAck
                0x0000000008002128       0x50 ./Core/Src/ctiic.o
                0x0000000008002128                CT_IIC_NAck
 .text.CT_IIC_Send_Byte
                0x0000000008002178       0x78 ./Core/Src/ctiic.o
                0x0000000008002178                CT_IIC_Send_Byte
 .text.CT_IIC_Read_Byte
                0x00000000080021f0       0x88 ./Core/Src/ctiic.o
                0x00000000080021f0                CT_IIC_Read_Byte
 .text.delay_init
                0x0000000008002278       0x24 ./Core/Src/delay.o
                0x0000000008002278                delay_init
 .text.delay_us
                0x000000000800229c       0x7c ./Core/Src/delay.o
                0x000000000800229c                delay_us
 .text.delay_ms
                0x0000000008002318       0x30 ./Core/Src/delay.o
                0x0000000008002318                delay_ms
 .text.FT5206_WR_Reg
                0x0000000008002348       0x72 ./Core/Src/ft5206.o
                0x0000000008002348                FT5206_WR_Reg
 .text.FT5206_RD_Reg
                0x00000000080023ba       0x7c ./Core/Src/ft5206.o
                0x00000000080023ba                FT5206_RD_Reg
 *fill*         0x0000000008002436        0x2 
 .text.FT5206_Init
                0x0000000008002438       0xf4 ./Core/Src/ft5206.o
                0x0000000008002438                FT5206_Init
 .text.FT5206_Scan
                0x000000000800252c      0x230 ./Core/Src/ft5206.o
                0x000000000800252c                FT5206_Scan
 .text.MX_GPIO_Init
                0x000000000800275c      0x148 ./Core/Src/gpio.o
                0x000000000800275c                MX_GPIO_Init
 .text.GT9147_Send_Cfg
                0x00000000080028a4       0x68 ./Core/Src/gt9147.o
                0x00000000080028a4                GT9147_Send_Cfg
 .text.GT9147_WR_Reg
                0x000000000800290c       0x84 ./Core/Src/gt9147.o
                0x000000000800290c                GT9147_WR_Reg
 .text.GT9147_RD_Reg
                0x0000000008002990       0x8e ./Core/Src/gt9147.o
                0x0000000008002990                GT9147_RD_Reg
 *fill*         0x0000000008002a1e        0x2 
 .text.GT9147_Init
                0x0000000008002a20      0x138 ./Core/Src/gt9147.o
                0x0000000008002a20                GT9147_Init
 .text.GT9147_Scan
                0x0000000008002b58      0x274 ./Core/Src/gt9147.o
                0x0000000008002b58                GT9147_Scan
 .text.LCD_WR_REG
                0x0000000008002dcc       0x48 ./Core/Src/lcd.o
                0x0000000008002dcc                LCD_WR_REG
 .text.LCD_WR_DATAX
                0x0000000008002e14       0x48 ./Core/Src/lcd.o
                0x0000000008002e14                LCD_WR_DATAX
 .text.LCD_RD_DATA
                0x0000000008002e5c       0x88 ./Core/Src/lcd.o
                0x0000000008002e5c                LCD_RD_DATA
 .text.LCD_WriteReg
                0x0000000008002ee4       0x54 ./Core/Src/lcd.o
                0x0000000008002ee4                LCD_WriteReg
 .text.LCD_ReadReg
                0x0000000008002f38       0x20 ./Core/Src/lcd.o
                0x0000000008002f38                LCD_ReadReg
 .text.LCD_WriteRAM_Prepare
                0x0000000008002f58       0x18 ./Core/Src/lcd.o
                0x0000000008002f58                LCD_WriteRAM_Prepare
 .text.LCD_SetCursor
                0x0000000008002f70      0x598 ./Core/Src/lcd.o
                0x0000000008002f70                LCD_SetCursor
 .text.LCD_Scan_Dir
                0x0000000008003508      0x624 ./Core/Src/lcd.o
                0x0000000008003508                LCD_Scan_Dir
 .text.LCD_DrawPoint
                0x0000000008003b2c       0x60 ./Core/Src/lcd.o
                0x0000000008003b2c                LCD_DrawPoint
 .text.LCD_Fast_DrawPoint
                0x0000000008003b8c      0x52c ./Core/Src/lcd.o
                0x0000000008003b8c                LCD_Fast_DrawPoint
 .text.LCD_SSD_BackLightSet
                0x00000000080040b8      0x148 ./Core/Src/lcd.o
                0x00000000080040b8                LCD_SSD_BackLightSet
 .text.LCD_Display_Dir
                0x0000000008004200      0x218 ./Core/Src/lcd.o
                0x0000000008004200                LCD_Display_Dir
 .text.LCD_Init
                0x0000000008004418     0x3e5c ./Core/Src/lcd.o
                0x0000000008004418                LCD_Init
 .text.LCD_Clear
                0x0000000008008274       0xc4 ./Core/Src/lcd.o
                0x0000000008008274                LCD_Clear
 .text.LCD_DrawLine
                0x0000000008008338      0x108 ./Core/Src/lcd.o
                0x0000000008008338                LCD_DrawLine
 .text.LCD_Draw_Circle
                0x0000000008008440      0x13a ./Core/Src/lcd.o
                0x0000000008008440                LCD_Draw_Circle
 *fill*         0x000000000800857a        0x2 
 .text.LCD_ShowChar
                0x000000000800857c      0x15c ./Core/Src/lcd.o
                0x000000000800857c                LCD_ShowChar
 .text.LCD_Pow  0x00000000080086d8       0x36 ./Core/Src/lcd.o
                0x00000000080086d8                LCD_Pow
 *fill*         0x000000000800870e        0x2 
 .text.LCD_ShowNum
                0x0000000008008710       0xe4 ./Core/Src/lcd.o
                0x0000000008008710                LCD_ShowNum
 .text.LCD_ShowString
                0x00000000080087f4       0x9a ./Core/Src/lcd.o
                0x00000000080087f4                LCD_ShowString
 .text.LCD_ShowPicture
                0x000000000800888e       0x6e ./Core/Src/lcd.o
                0x000000000800888e                LCD_ShowPicture
 .text.rtp_test
                0x00000000080088fc      0x128 ./Core/Src/main.o
                0x00000000080088fc                rtp_test
 .text.main     0x0000000008008a24       0xc8 ./Core/Src/main.o
                0x0000000008008a24                main
 .text.SystemClock_Config
                0x0000000008008aec       0xbe ./Core/Src/main.o
                0x0000000008008aec                SystemClock_Config
 .text.Error_Handler
                0x0000000008008baa        0xa ./Core/Src/main.o
                0x0000000008008baa                Error_Handler
 .text.IIC_Init
                0x0000000008008bb4       0x60 ./Core/Src/myiic.o
                0x0000000008008bb4                IIC_Init
 .text.IIC_Start
                0x0000000008008c14       0x50 ./Core/Src/myiic.o
                0x0000000008008c14                IIC_Start
 .text.IIC_Stop
                0x0000000008008c64       0x50 ./Core/Src/myiic.o
                0x0000000008008c64                IIC_Stop
 .text.IIC_Wait_Ack
                0x0000000008008cb4       0x78 ./Core/Src/myiic.o
                0x0000000008008cb4                IIC_Wait_Ack
 .text.IIC_Ack  0x0000000008008d2c       0x50 ./Core/Src/myiic.o
                0x0000000008008d2c                IIC_Ack
 .text.IIC_NAck
                0x0000000008008d7c       0x50 ./Core/Src/myiic.o
                0x0000000008008d7c                IIC_NAck
 .text.IIC_Send_Byte
                0x0000000008008dcc       0x80 ./Core/Src/myiic.o
                0x0000000008008dcc                IIC_Send_Byte
 .text.IIC_Read_Byte
                0x0000000008008e4c       0x8c ./Core/Src/myiic.o
                0x0000000008008e4c                IIC_Read_Byte
 .text.OTT2001A_WR_Reg
                0x0000000008008ed8       0x84 ./Core/Src/ott2001a.o
                0x0000000008008ed8                OTT2001A_WR_Reg
 .text.OTT2001A_RD_Reg
                0x0000000008008f5c       0x8e ./Core/Src/ott2001a.o
                0x0000000008008f5c                OTT2001A_RD_Reg
 .text.OTT2001A_SensorControl
                0x0000000008008fea       0x30 ./Core/Src/ott2001a.o
                0x0000000008008fea                OTT2001A_SensorControl
 *fill*         0x000000000800901a        0x2 
 .text.OTT2001A_Init
                0x000000000800901c       0xb0 ./Core/Src/ott2001a.o
                0x000000000800901c                OTT2001A_Init
 *fill*         0x00000000080090cc        0x4 
 .text.OTT2001A_Scan
                0x00000000080090d0      0x254 ./Core/Src/ott2001a.o
                0x00000000080090d0                OTT2001A_Scan
 .text.MX_RTC_Init
                0x0000000008009324      0x140 ./Core/Src/rtc.o
                0x0000000008009324                MX_RTC_Init
 .text.HAL_RTC_MspInit
                0x0000000008009464       0x58 ./Core/Src/rtc.o
                0x0000000008009464                HAL_RTC_MspInit
 .text.HAL_RTCEx_RTCEventCallback
                0x00000000080094bc       0x14 ./Core/Src/rtc.o
                0x00000000080094bc                HAL_RTCEx_RTCEventCallback
 .text.InitStack
                0x00000000080094d0       0x30 ./Core/Src/stack.o
                0x00000000080094d0                InitStack
 .text.pushC    0x0000000008009500       0x44 ./Core/Src/stack.o
                0x0000000008009500                pushC
 .text.popC     0x0000000008009544       0x24 ./Core/Src/stack.o
                0x0000000008009544                popC
 .text.pushF    0x0000000008009568       0x44 ./Core/Src/stack.o
                0x0000000008009568                pushF
 .text.popF     0x00000000080095ac       0x28 ./Core/Src/stack.o
                0x00000000080095ac                popF
 .text.HAL_MspInit
                0x00000000080095d4       0x68 ./Core/Src/stm32f1xx_hal_msp.o
                0x00000000080095d4                HAL_MspInit
 .text.NMI_Handler
                0x000000000800963c        0x6 ./Core/Src/stm32f1xx_it.o
                0x000000000800963c                NMI_Handler
 .text.HardFault_Handler
                0x0000000008009642        0x6 ./Core/Src/stm32f1xx_it.o
                0x0000000008009642                HardFault_Handler
 .text.MemManage_Handler
                0x0000000008009648        0x6 ./Core/Src/stm32f1xx_it.o
                0x0000000008009648                MemManage_Handler
 .text.BusFault_Handler
                0x000000000800964e        0x6 ./Core/Src/stm32f1xx_it.o
                0x000000000800964e                BusFault_Handler
 .text.UsageFault_Handler
                0x0000000008009654        0x6 ./Core/Src/stm32f1xx_it.o
                0x0000000008009654                UsageFault_Handler
 .text.SVC_Handler
                0x000000000800965a        0xc ./Core/Src/stm32f1xx_it.o
                0x000000000800965a                SVC_Handler
 .text.DebugMon_Handler
                0x0000000008009666        0xc ./Core/Src/stm32f1xx_it.o
                0x0000000008009666                DebugMon_Handler
 .text.PendSV_Handler
                0x0000000008009672        0xc ./Core/Src/stm32f1xx_it.o
                0x0000000008009672                PendSV_Handler
 .text.SysTick_Handler
                0x000000000800967e        0xc ./Core/Src/stm32f1xx_it.o
                0x000000000800967e                SysTick_Handler
 *fill*         0x000000000800968a        0x2 
 .text.RTC_IRQHandler
                0x000000000800968c       0x14 ./Core/Src/stm32f1xx_it.o
                0x000000000800968c                RTC_IRQHandler
 .text.EXTI0_IRQHandler
                0x00000000080096a0        0xe ./Core/Src/stm32f1xx_it.o
                0x00000000080096a0                EXTI0_IRQHandler
 .text.EXTI9_5_IRQHandler
                0x00000000080096ae        0xe ./Core/Src/stm32f1xx_it.o
                0x00000000080096ae                EXTI9_5_IRQHandler
 .text.TIM3_IRQHandler
                0x00000000080096bc       0x14 ./Core/Src/stm32f1xx_it.o
                0x00000000080096bc                TIM3_IRQHandler
 .text.USART1_IRQHandler
                0x00000000080096d0       0x20 ./Core/Src/stm32f1xx_it.o
                0x00000000080096d0                USART1_IRQHandler
 .text.EXTI15_10_IRQHandler
                0x00000000080096f0       0x10 ./Core/Src/stm32f1xx_it.o
                0x00000000080096f0                EXTI15_10_IRQHandler
 .text.HAL_UART_RxCpltCallback
                0x0000000008009700       0x68 ./Core/Src/stm32f1xx_it.o
                0x0000000008009700                HAL_UART_RxCpltCallback
 .text.HAL_GPIO_EXTI_Callback
                0x0000000008009768       0x78 ./Core/Src/stm32f1xx_it.o
                0x0000000008009768                HAL_GPIO_EXTI_Callback
 .text.Stm32_Clock_Init
                0x00000000080097e0       0x7e ./Core/Src/sys.o
                0x00000000080097e0                Stm32_Clock_Init
 .text._read    0x000000000800985e       0x3a ./Core/Src/syscalls.o
                0x000000000800985e                _read
 .text._write   0x0000000008009898       0x38 ./Core/Src/syscalls.o
                0x0000000008009898                _write
 .text._close   0x00000000080098d0       0x16 ./Core/Src/syscalls.o
                0x00000000080098d0                _close
 .text._fstat   0x00000000080098e6       0x1e ./Core/Src/syscalls.o
                0x00000000080098e6                _fstat
 .text._isatty  0x0000000008009904       0x14 ./Core/Src/syscalls.o
                0x0000000008009904                _isatty
 .text._lseek   0x0000000008009918       0x18 ./Core/Src/syscalls.o
                0x0000000008009918                _lseek
 .text._sbrk    0x0000000008009930       0x6c ./Core/Src/sysmem.o
                0x0000000008009930                _sbrk
 .text.SystemInit
                0x000000000800999c        0xc ./Core/Src/system_stm32f1xx.o
                0x000000000800999c                SystemInit
 .text.MX_TIM3_Init
                0x00000000080099a8       0x9c ./Core/Src/tim.o
                0x00000000080099a8                MX_TIM3_Init
 .text.HAL_TIM_Base_MspInit
                0x0000000008009a44       0x4c ./Core/Src/tim.o
                0x0000000008009a44                HAL_TIM_Base_MspInit
 .text.TP_Write_Byte
                0x0000000008009a90       0x60 ./Core/Src/touch.o
                0x0000000008009a90                TP_Write_Byte
 .text.TP_Read_AD
                0x0000000008009af0       0xb0 ./Core/Src/touch.o
                0x0000000008009af0                TP_Read_AD
 .text.TP_Read_XOY
                0x0000000008009ba0       0xf4 ./Core/Src/touch.o
                0x0000000008009ba0                TP_Read_XOY
 .text.TP_Read_XY
                0x0000000008009c94       0x44 ./Core/Src/touch.o
                0x0000000008009c94                TP_Read_XY
 .text.TP_Read_XY2
                0x0000000008009cd8       0xc4 ./Core/Src/touch.o
                0x0000000008009cd8                TP_Read_XY2
 .text.TP_Drow_Touch_Point
                0x0000000008009d9c       0xa8 ./Core/Src/touch.o
                0x0000000008009d9c                TP_Drow_Touch_Point
 .text.TP_Scan  0x0000000008009e44      0x13c ./Core/Src/touch.o
                0x0000000008009e44                TP_Scan
 .text.TP_Save_Adjdata
                0x0000000008009f80       0x20 ./Core/Src/touch.o
                0x0000000008009f80                TP_Save_Adjdata
 .text.TP_Get_Adjdata
                0x0000000008009fa0       0x64 ./Core/Src/touch.o
                0x0000000008009fa0                TP_Get_Adjdata
 .text.TP_Adj_Info_Show
                0x000000000800a004      0x1c4 ./Core/Src/touch.o
                0x000000000800a004                TP_Adj_Info_Show
 .text.TP_Adjust
                0x000000000800a1c8      0x878 ./Core/Src/touch.o
                0x000000000800a1c8                TP_Adjust
 .text.TP_Init  0x000000000800aa40      0x154 ./Core/Src/touch.o
                0x000000000800aa40                TP_Init
 .text.MX_USART1_UART_Init
                0x000000000800ab94       0x54 ./Core/Src/usart.o
                0x000000000800ab94                MX_USART1_UART_Init
 .text.HAL_UART_MspInit
                0x000000000800abe8       0xa8 ./Core/Src/usart.o
                0x000000000800abe8                HAL_UART_MspInit
 .text.getDayOfWeekString
                0x000000000800ac90       0x38 ./Core/Src/utils.o
                0x000000000800ac90                getDayOfWeekString
 .text.draw_initial_screen
                0x000000000800acc8       0xb0 ./Core/Src/utils.o
                0x000000000800acc8                draw_initial_screen
 .text.Is_Leap_Year
                0x000000000800ad78       0x64 ./Core/Src/utils.o
                0x000000000800ad78                Is_Leap_Year
 .text.calculate_week
                0x000000000800addc       0xc8 ./Core/Src/utils.o
                0x000000000800addc                calculate_week
 .text.RTC_Get  0x000000000800aea4      0x1bc ./Core/Src/utils.o
                0x000000000800aea4                RTC_Get
 .text.RTC_Set  0x000000000800b060      0x184 ./Core/Src/utils.o
                0x000000000800b060                RTC_Set
 .text.update_time
                0x000000000800b1e4       0xd8 ./Core/Src/utils.o
                0x000000000800b1e4                update_time
 .text.draw_chat_screen
                0x000000000800b2bc       0x38 ./Core/Src/utils.o
                0x000000000800b2bc                draw_chat_screen
 .text.draw_calc_screen
                0x000000000800b2f4      0x228 ./Core/Src/utils.o
                0x000000000800b2f4                draw_calc_screen
 .text.draw_pic_screen
                0x000000000800b51c       0x38 ./Core/Src/utils.o
                0x000000000800b51c                draw_pic_screen
 .text.press_between
                0x000000000800b554       0x4e ./Core/Src/utils.o
                0x000000000800b554                press_between
 *fill*         0x000000000800b5a2        0x2 
 .text.press_calc_button
                0x000000000800b5a4       0x9c ./Core/Src/utils.o
                0x000000000800b5a4                press_calc_button
 .text.clear_calc_equation
                0x000000000800b640       0x24 ./Core/Src/utils.o
                0x000000000800b640                clear_calc_equation
 .text.display_calc_equation
                0x000000000800b664       0x24 ./Core/Src/utils.o
                0x000000000800b664                display_calc_equation
 .text.work_for_calc
                0x000000000800b688      0x638 ./Core/Src/utils.o
                0x000000000800b688                work_for_calc
 .text.calc_touch_screen_handler
                0x000000000800bcc0       0xd8 ./Core/Src/utils.o
                0x000000000800bcc0                calc_touch_screen_handler
 .text.Reset_Handler
                0x000000000800bd98       0x48 ./Core/Startup/startup_stm32f103rctx.o
                0x000000000800bd98                Reset_Handler
 .text.Default_Handler
                0x000000000800bde0        0x2 ./Core/Startup/startup_stm32f103rctx.o
                0x000000000800bde0                RTC_Alarm_IRQHandler
                0x000000000800bde0                EXTI2_IRQHandler
                0x000000000800bde0                TIM8_TRG_COM_IRQHandler
                0x000000000800bde0                TIM8_CC_IRQHandler
                0x000000000800bde0                TIM1_CC_IRQHandler
                0x000000000800bde0                TIM6_IRQHandler
                0x000000000800bde0                PVD_IRQHandler
                0x000000000800bde0                SDIO_IRQHandler
                0x000000000800bde0                EXTI3_IRQHandler
                0x000000000800bde0                I2C2_EV_IRQHandler
                0x000000000800bde0                ADC1_2_IRQHandler
                0x000000000800bde0                SPI1_IRQHandler
                0x000000000800bde0                TAMPER_IRQHandler
                0x000000000800bde0                TIM8_UP_IRQHandler
                0x000000000800bde0                DMA2_Channel2_IRQHandler
                0x000000000800bde0                DMA1_Channel4_IRQHandler
                0x000000000800bde0                USART3_IRQHandler
                0x000000000800bde0                DMA1_Channel7_IRQHandler
                0x000000000800bde0                CAN1_RX1_IRQHandler
                0x000000000800bde0                UART5_IRQHandler
                0x000000000800bde0                ADC3_IRQHandler
                0x000000000800bde0                TIM4_IRQHandler
                0x000000000800bde0                DMA2_Channel1_IRQHandler
                0x000000000800bde0                I2C1_EV_IRQHandler
                0x000000000800bde0                DMA1_Channel6_IRQHandler
                0x000000000800bde0                UART4_IRQHandler
                0x000000000800bde0                RCC_IRQHandler
                0x000000000800bde0                TIM1_TRG_COM_IRQHandler
                0x000000000800bde0                DMA1_Channel1_IRQHandler
                0x000000000800bde0                Default_Handler
                0x000000000800bde0                TIM7_IRQHandler
                0x000000000800bde0                TIM5_IRQHandler
                0x000000000800bde0                SPI2_IRQHandler
                0x000000000800bde0                DMA1_Channel5_IRQHandler
                0x000000000800bde0                EXTI4_IRQHandler
                0x000000000800bde0                USB_LP_CAN1_RX0_IRQHandler
                0x000000000800bde0                USB_HP_CAN1_TX_IRQHandler
                0x000000000800bde0                DMA1_Channel3_IRQHandler
                0x000000000800bde0                FSMC_IRQHandler
                0x000000000800bde0                TIM1_UP_IRQHandler
                0x000000000800bde0                WWDG_IRQHandler
                0x000000000800bde0                TIM2_IRQHandler
                0x000000000800bde0                TIM1_BRK_IRQHandler
                0x000000000800bde0                EXTI1_IRQHandler
                0x000000000800bde0                DMA2_Channel4_5_IRQHandler
                0x000000000800bde0                USART2_IRQHandler
                0x000000000800bde0                I2C2_ER_IRQHandler
                0x000000000800bde0                DMA1_Channel2_IRQHandler
                0x000000000800bde0                TIM8_BRK_IRQHandler
                0x000000000800bde0                CAN1_SCE_IRQHandler
                0x000000000800bde0                FLASH_IRQHandler
                0x000000000800bde0                SPI3_IRQHandler
                0x000000000800bde0                I2C1_ER_IRQHandler
                0x000000000800bde0                USBWakeUp_IRQHandler
                0x000000000800bde0                DMA2_Channel3_IRQHandler
 *fill*         0x000000000800bde2        0x2 
 .text.HAL_Init
                0x000000000800bde4       0x2c ./Drivers/STM32F1xx_HAL_Driver/Src/stm32f1xx_hal.o
                0x000000000800bde4                HAL_Init
 .text.HAL_InitTick
                0x000000000800be10       0x60 ./Drivers/STM32F1xx_HAL_Driver/Src/stm32f1xx_hal.o
                0x000000000800be10                HAL_InitTick
 .text.HAL_IncTick
                0x000000000800be70       0x24 ./Drivers/STM32F1xx_HAL_Driver/Src/stm32f1xx_hal.o
                0x000000000800be70                HAL_IncTick
 .text.HAL_GetTick
                0x000000000800be94       0x14 ./Drivers/STM32F1xx_HAL_Driver/Src/stm32f1xx_hal.o
                0x000000000800be94                HAL_GetTick
 .text.HAL_Delay
                0x000000000800bea8       0x48 ./Drivers/STM32F1xx_HAL_Driver/Src/stm32f1xx_hal.o
                0x000000000800bea8                HAL_Delay
 .text.__NVIC_SetPriorityGrouping
                0x000000000800bef0       0x48 ./Drivers/STM32F1xx_HAL_Driver/Src/stm32f1xx_hal_cortex.o
 .text.__NVIC_GetPriorityGrouping
                0x000000000800bf38       0x1c ./Drivers/STM32F1xx_HAL_Driver/Src/stm32f1xx_hal_cortex.o
 .text.__NVIC_EnableIRQ
                0x000000000800bf54       0x38 ./Drivers/STM32F1xx_HAL_Driver/Src/stm32f1xx_hal_cortex.o
 .text.__NVIC_SetPriority
                0x000000000800bf8c       0x54 ./Drivers/STM32F1xx_HAL_Driver/Src/stm32f1xx_hal_cortex.o
 .text.NVIC_EncodePriority
                0x000000000800bfe0       0x64 ./Drivers/STM32F1xx_HAL_Driver/Src/stm32f1xx_hal_cortex.o
 .text.SysTick_Config
                0x000000000800c044       0x44 ./Drivers/STM32F1xx_HAL_Driver/Src/stm32f1xx_hal_cortex.o
 .text.HAL_NVIC_SetPriorityGrouping
                0x000000000800c088       0x16 ./Drivers/STM32F1xx_HAL_Driver/Src/stm32f1xx_hal_cortex.o
                0x000000000800c088                HAL_NVIC_SetPriorityGrouping
 .text.HAL_NVIC_SetPriority
                0x000000000800c09e       0x38 ./Drivers/STM32F1xx_HAL_Driver/Src/stm32f1xx_hal_cortex.o
                0x000000000800c09e                HAL_NVIC_SetPriority
 .text.HAL_NVIC_EnableIRQ
                0x000000000800c0d6       0x1c ./Drivers/STM32F1xx_HAL_Driver/Src/stm32f1xx_hal_cortex.o
                0x000000000800c0d6                HAL_NVIC_EnableIRQ
 .text.HAL_SYSTICK_Config
                0x000000000800c0f2       0x18 ./Drivers/STM32F1xx_HAL_Driver/Src/stm32f1xx_hal_cortex.o
                0x000000000800c0f2                HAL_SYSTICK_Config
 *fill*         0x000000000800c10a        0x2 
 .text.HAL_SYSTICK_CLKSourceConfig
                0x000000000800c10c       0x38 ./Drivers/STM32F1xx_HAL_Driver/Src/stm32f1xx_hal_cortex.o
                0x000000000800c10c                HAL_SYSTICK_CLKSourceConfig
 .text.HAL_DMA_Abort
                0x000000000800c144       0x76 ./Drivers/STM32F1xx_HAL_Driver/Src/stm32f1xx_hal_dma.o
                0x000000000800c144                HAL_DMA_Abort
 *fill*         0x000000000800c1ba        0x2 
 .text.HAL_DMA_Abort_IT
                0x000000000800c1bc      0x210 ./Drivers/STM32F1xx_HAL_Driver/Src/stm32f1xx_hal_dma.o
                0x000000000800c1bc                HAL_DMA_Abort_IT
 .text.HAL_GPIO_Init
                0x000000000800c3cc      0x328 ./Drivers/STM32F1xx_HAL_Driver/Src/stm32f1xx_hal_gpio.o
                0x000000000800c3cc                HAL_GPIO_Init
 .text.HAL_GPIO_ReadPin
                0x000000000800c6f4       0x2e ./Drivers/STM32F1xx_HAL_Driver/Src/stm32f1xx_hal_gpio.o
                0x000000000800c6f4                HAL_GPIO_ReadPin
 .text.HAL_GPIO_WritePin
                0x000000000800c722       0x30 ./Drivers/STM32F1xx_HAL_Driver/Src/stm32f1xx_hal_gpio.o
                0x000000000800c722                HAL_GPIO_WritePin
 *fill*         0x000000000800c752        0x2 
 .text.HAL_GPIO_EXTI_IRQHandler
                0x000000000800c754       0x30 ./Drivers/STM32F1xx_HAL_Driver/Src/stm32f1xx_hal_gpio.o
                0x000000000800c754                HAL_GPIO_EXTI_IRQHandler
 .text.HAL_PWR_EnableBkUpAccess
                0x000000000800c784       0x18 ./Drivers/STM32F1xx_HAL_Driver/Src/stm32f1xx_hal_pwr.o
                0x000000000800c784                HAL_PWR_EnableBkUpAccess
 .text.HAL_RCC_OscConfig
                0x000000000800c79c      0x504 ./Drivers/STM32F1xx_HAL_Driver/Src/stm32f1xx_hal_rcc.o
                0x000000000800c79c                HAL_RCC_OscConfig
 .text.HAL_RCC_ClockConfig
                0x000000000800cca0      0x1d4 ./Drivers/STM32F1xx_HAL_Driver/Src/stm32f1xx_hal_rcc.o
                0x000000000800cca0                HAL_RCC_ClockConfig
 .text.HAL_RCC_GetSysClockFreq
                0x000000000800ce74       0xa8 ./Drivers/STM32F1xx_HAL_Driver/Src/stm32f1xx_hal_rcc.o
                0x000000000800ce74                HAL_RCC_GetSysClockFreq
 .text.HAL_RCC_GetHCLKFreq
                0x000000000800cf1c       0x14 ./Drivers/STM32F1xx_HAL_Driver/Src/stm32f1xx_hal_rcc.o
                0x000000000800cf1c                HAL_RCC_GetHCLKFreq
 .text.HAL_RCC_GetPCLK1Freq
                0x000000000800cf30       0x28 ./Drivers/STM32F1xx_HAL_Driver/Src/stm32f1xx_hal_rcc.o
                0x000000000800cf30                HAL_RCC_GetPCLK1Freq
 .text.HAL_RCC_GetPCLK2Freq
                0x000000000800cf58       0x28 ./Drivers/STM32F1xx_HAL_Driver/Src/stm32f1xx_hal_rcc.o
                0x000000000800cf58                HAL_RCC_GetPCLK2Freq
 .text.RCC_Delay
                0x000000000800cf80       0x3c ./Drivers/STM32F1xx_HAL_Driver/Src/stm32f1xx_hal_rcc.o
 .text.HAL_RCCEx_PeriphCLKConfig
                0x000000000800cfbc      0x16c ./Drivers/STM32F1xx_HAL_Driver/Src/stm32f1xx_hal_rcc_ex.o
                0x000000000800cfbc                HAL_RCCEx_PeriphCLKConfig
 .text.HAL_RCCEx_GetPeriphCLKFreq
                0x000000000800d128      0x1b0 ./Drivers/STM32F1xx_HAL_Driver/Src/stm32f1xx_hal_rcc_ex.o
                0x000000000800d128                HAL_RCCEx_GetPeriphCLKFreq
 .text.HAL_RTC_Init
                0x000000000800d2d8      0x118 ./Drivers/STM32F1xx_HAL_Driver/Src/stm32f1xx_hal_rtc.o
                0x000000000800d2d8                HAL_RTC_Init
 .text.HAL_RTC_SetTime
                0x000000000800d3f0      0x12e ./Drivers/STM32F1xx_HAL_Driver/Src/stm32f1xx_hal_rtc.o
                0x000000000800d3f0                HAL_RTC_SetTime
 *fill*         0x000000000800d51e        0x2 
 .text.HAL_RTC_SetDate
                0x000000000800d520      0x16c ./Drivers/STM32F1xx_HAL_Driver/Src/stm32f1xx_hal_rtc.o
                0x000000000800d520                HAL_RTC_SetDate
 .text.HAL_RTC_WaitForSynchro
                0x000000000800d68c       0x5a ./Drivers/STM32F1xx_HAL_Driver/Src/stm32f1xx_hal_rtc.o
                0x000000000800d68c                HAL_RTC_WaitForSynchro
 .text.RTC_ReadTimeCounter
                0x000000000800d6e6       0x60 ./Drivers/STM32F1xx_HAL_Driver/Src/stm32f1xx_hal_rtc.o
 .text.RTC_WriteTimeCounter
                0x000000000800d746       0x4e ./Drivers/STM32F1xx_HAL_Driver/Src/stm32f1xx_hal_rtc.o
 .text.RTC_ReadAlarmCounter
                0x000000000800d794       0x32 ./Drivers/STM32F1xx_HAL_Driver/Src/stm32f1xx_hal_rtc.o
 .text.RTC_WriteAlarmCounter
                0x000000000800d7c6       0x4e ./Drivers/STM32F1xx_HAL_Driver/Src/stm32f1xx_hal_rtc.o
 .text.RTC_EnterInitMode
                0x000000000800d814       0x50 ./Drivers/STM32F1xx_HAL_Driver/Src/stm32f1xx_hal_rtc.o
 .text.RTC_ExitInitMode
                0x000000000800d864       0x50 ./Drivers/STM32F1xx_HAL_Driver/Src/stm32f1xx_hal_rtc.o
 .text.RTC_Bcd2ToByte
                0x000000000800d8b4       0x3a ./Drivers/STM32F1xx_HAL_Driver/Src/stm32f1xx_hal_rtc.o
 *fill*         0x000000000800d8ee        0x2 
 .text.RTC_WeekDayNum
                0x000000000800d8f0       0xf0 ./Drivers/STM32F1xx_HAL_Driver/Src/stm32f1xx_hal_rtc.o
 .text.HAL_RTCEx_RTCIRQHandler
                0x000000000800d9e0       0x6e ./Drivers/STM32F1xx_HAL_Driver/Src/stm32f1xx_hal_rtc_ex.o
                0x000000000800d9e0                HAL_RTCEx_RTCIRQHandler
 .text.HAL_RTCEx_RTCEventErrorCallback
                0x000000000800da4e       0x12 ./Drivers/STM32F1xx_HAL_Driver/Src/stm32f1xx_hal_rtc_ex.o
                0x000000000800da4e                HAL_RTCEx_RTCEventErrorCallback
 .text.HAL_RTCEx_BKUPWrite
                0x000000000800da60       0x34 ./Drivers/STM32F1xx_HAL_Driver/Src/stm32f1xx_hal_rtc_ex.o
                0x000000000800da60                HAL_RTCEx_BKUPWrite
 .text.HAL_RTCEx_BKUPRead
                0x000000000800da94       0x38 ./Drivers/STM32F1xx_HAL_Driver/Src/stm32f1xx_hal_rtc_ex.o
                0x000000000800da94                HAL_RTCEx_BKUPRead
 .text.HAL_TIM_Base_Init
                0x000000000800dacc       0x9e ./Drivers/STM32F1xx_HAL_Driver/Src/stm32f1xx_hal_tim.o
                0x000000000800dacc                HAL_TIM_Base_Init
 *fill*         0x000000000800db6a        0x2 
 .text.HAL_TIM_Base_Start_IT
                0x000000000800db6c       0xc0 ./Drivers/STM32F1xx_HAL_Driver/Src/stm32f1xx_hal_tim.o
                0x000000000800db6c                HAL_TIM_Base_Start_IT
 .text.HAL_TIM_IRQHandler
                0x000000000800dc2c      0x210 ./Drivers/STM32F1xx_HAL_Driver/Src/stm32f1xx_hal_tim.o
                0x000000000800dc2c                HAL_TIM_IRQHandler
 .text.HAL_TIM_ConfigClockSource
                0x000000000800de3c      0x18e ./Drivers/STM32F1xx_HAL_Driver/Src/stm32f1xx_hal_tim.o
                0x000000000800de3c                HAL_TIM_ConfigClockSource
 .text.HAL_TIM_PeriodElapsedCallback
                0x000000000800dfca       0x12 ./Drivers/STM32F1xx_HAL_Driver/Src/stm32f1xx_hal_tim.o
                0x000000000800dfca                HAL_TIM_PeriodElapsedCallback
 .text.HAL_TIM_OC_DelayElapsedCallback
                0x000000000800dfdc       0x12 ./Drivers/STM32F1xx_HAL_Driver/Src/stm32f1xx_hal_tim.o
                0x000000000800dfdc                HAL_TIM_OC_DelayElapsedCallback
 .text.HAL_TIM_IC_CaptureCallback
                0x000000000800dfee       0x12 ./Drivers/STM32F1xx_HAL_Driver/Src/stm32f1xx_hal_tim.o
                0x000000000800dfee                HAL_TIM_IC_CaptureCallback
 .text.HAL_TIM_PWM_PulseFinishedCallback
                0x000000000800e000       0x12 ./Drivers/STM32F1xx_HAL_Driver/Src/stm32f1xx_hal_tim.o
                0x000000000800e000                HAL_TIM_PWM_PulseFinishedCallback
 .text.HAL_TIM_TriggerCallback
                0x000000000800e012       0x12 ./Drivers/STM32F1xx_HAL_Driver/Src/stm32f1xx_hal_tim.o
                0x000000000800e012                HAL_TIM_TriggerCallback
 .text.TIM_Base_SetConfig
                0x000000000800e024       0xf4 ./Drivers/STM32F1xx_HAL_Driver/Src/stm32f1xx_hal_tim.o
                0x000000000800e024                TIM_Base_SetConfig
 .text.TIM_TI1_ConfigInputStage
                0x000000000800e118       0x5c ./Drivers/STM32F1xx_HAL_Driver/Src/stm32f1xx_hal_tim.o
 .text.TIM_TI2_ConfigInputStage
                0x000000000800e174       0x5e ./Drivers/STM32F1xx_HAL_Driver/Src/stm32f1xx_hal_tim.o
 .text.TIM_ITRx_SetConfig
                0x000000000800e1d2       0x34 ./Drivers/STM32F1xx_HAL_Driver/Src/stm32f1xx_hal_tim.o
 .text.TIM_ETR_SetConfig
                0x000000000800e206       0x3e ./Drivers/STM32F1xx_HAL_Driver/Src/stm32f1xx_hal_tim.o
                0x000000000800e206                TIM_ETR_SetConfig
 .text.HAL_TIMEx_MasterConfigSynchronization
                0x000000000800e244       0xd8 ./Drivers/STM32F1xx_HAL_Driver/Src/stm32f1xx_hal_tim_ex.o
                0x000000000800e244                HAL_TIMEx_MasterConfigSynchronization
 .text.HAL_TIMEx_CommutCallback
                0x000000000800e31c       0x12 ./Drivers/STM32F1xx_HAL_Driver/Src/stm32f1xx_hal_tim_ex.o
                0x000000000800e31c                HAL_TIMEx_CommutCallback
 .text.HAL_TIMEx_BreakCallback
                0x000000000800e32e       0x12 ./Drivers/STM32F1xx_HAL_Driver/Src/stm32f1xx_hal_tim_ex.o
                0x000000000800e32e                HAL_TIMEx_BreakCallback
 .text.HAL_UART_Init
                0x000000000800e340       0xa0 ./Drivers/STM32F1xx_HAL_Driver/Src/stm32f1xx_hal_uart.o
                0x000000000800e340                HAL_UART_Init
 .text.HAL_UART_Transmit
                0x000000000800e3e0      0x106 ./Drivers/STM32F1xx_HAL_Driver/Src/stm32f1xx_hal_uart.o
                0x000000000800e3e0                HAL_UART_Transmit
 .text.HAL_UART_Receive_IT
                0x000000000800e4e6       0x4a ./Drivers/STM32F1xx_HAL_Driver/Src/stm32f1xx_hal_uart.o
                0x000000000800e4e6                HAL_UART_Receive_IT
 .text.HAL_UART_IRQHandler
                0x000000000800e530      0x524 ./Drivers/STM32F1xx_HAL_Driver/Src/stm32f1xx_hal_uart.o
                0x000000000800e530                HAL_UART_IRQHandler
 .text.HAL_UART_TxCpltCallback
                0x000000000800ea54       0x12 ./Drivers/STM32F1xx_HAL_Driver/Src/stm32f1xx_hal_uart.o
                0x000000000800ea54                HAL_UART_TxCpltCallback
 .text.HAL_UART_ErrorCallback
                0x000000000800ea66       0x12 ./Drivers/STM32F1xx_HAL_Driver/Src/stm32f1xx_hal_uart.o
                0x000000000800ea66                HAL_UART_ErrorCallback
 .text.HAL_UARTEx_RxEventCallback
                0x000000000800ea78       0x16 ./Drivers/STM32F1xx_HAL_Driver/Src/stm32f1xx_hal_uart.o
                0x000000000800ea78                HAL_UARTEx_RxEventCallback
 .text.UART_WaitOnFlagUntilTimeout
                0x000000000800ea8e       0xdc ./Drivers/STM32F1xx_HAL_Driver/Src/stm32f1xx_hal_uart.o
 .text.UART_Start_Receive_IT
                0x000000000800eb6a       0x72 ./Drivers/STM32F1xx_HAL_Driver/Src/stm32f1xx_hal_uart.o
                0x000000000800eb6a                UART_Start_Receive_IT
 .text.UART_EndRxTransfer
                0x000000000800ebdc       0xc4 ./Drivers/STM32F1xx_HAL_Driver/Src/stm32f1xx_hal_uart.o
 .text.UART_DMAAbortOnError
                0x000000000800eca0       0x28 ./Drivers/STM32F1xx_HAL_Driver/Src/stm32f1xx_hal_uart.o
 .text.UART_Transmit_IT
                0x000000000800ecc8       0x9e ./Drivers/STM32F1xx_HAL_Driver/Src/stm32f1xx_hal_uart.o
 .text.UART_EndTransmit_IT
                0x000000000800ed66       0x30 ./Drivers/STM32F1xx_HAL_Driver/Src/stm32f1xx_hal_uart.o
 .text.UART_Receive_IT
                0x000000000800ed96      0x17c ./Drivers/STM32F1xx_HAL_Driver/Src/stm32f1xx_hal_uart.o
 *fill*         0x000000000800ef12        0x2 
 .text.UART_SetConfig
                0x000000000800ef14      0x11c ./Drivers/STM32F1xx_HAL_Driver/Src/stm32f1xx_hal_uart.o
 .text.malloc   0x000000000800f030       0x10 C:/ST/STM32CubeIDE_1.13.2/STM32CubeIDE/plugins/com.st.stm32cube.ide.mcu.externaltools.gnu-tools-for-stm32.11.3.rel1.win32_1.1.1.202309131626/tools/bin/../lib/gcc/arm-none-eabi/11.3.1/../../../../arm-none-eabi/lib/thumb/v7-m/nofp\libc_nano.a(libc_a-malloc.o)
                0x000000000800f030                malloc
 .text.free     0x000000000800f040       0x10 C:/ST/STM32CubeIDE_1.13.2/STM32CubeIDE/plugins/com.st.stm32cube.ide.mcu.externaltools.gnu-tools-for-stm32.11.3.rel1.win32_1.1.1.202309131626/tools/bin/../lib/gcc/arm-none-eabi/11.3.1/../../../../arm-none-eabi/lib/thumb/v7-m/nofp\libc_nano.a(libc_a-malloc.o)
                0x000000000800f040                free
 .text.sbrk_aligned
                0x000000000800f050       0x40 C:/ST/STM32CubeIDE_1.13.2/STM32CubeIDE/plugins/com.st.stm32cube.ide.mcu.externaltools.gnu-tools-for-stm32.11.3.rel1.win32_1.1.1.202309131626/tools/bin/../lib/gcc/arm-none-eabi/11.3.1/../../../../arm-none-eabi/lib/thumb/v7-m/nofp\libc_nano.a(libc_a-mallocr.o)
 .text._malloc_r
                0x000000000800f090      0x100 C:/ST/STM32CubeIDE_1.13.2/STM32CubeIDE/plugins/com.st.stm32cube.ide.mcu.externaltools.gnu-tools-for-stm32.11.3.rel1.win32_1.1.1.202309131626/tools/bin/../lib/gcc/arm-none-eabi/11.3.1/../../../../arm-none-eabi/lib/thumb/v7-m/nofp\libc_nano.a(libc_a-mallocr.o)
                0x000000000800f090                _malloc_r
 .text.__malloc_lock
                0x000000000800f190        0xc C:/ST/STM32CubeIDE_1.13.2/STM32CubeIDE/plugins/com.st.stm32cube.ide.mcu.externaltools.gnu-tools-for-stm32.11.3.rel1.win32_1.1.1.202309131626/tools/bin/../lib/gcc/arm-none-eabi/11.3.1/../../../../arm-none-eabi/lib/thumb/v7-m/nofp\libc_nano.a(libc_a-mlock.o)
                0x000000000800f190                __malloc_lock
 .text.__malloc_unlock
                0x000000000800f19c        0xc C:/ST/STM32CubeIDE_1.13.2/STM32CubeIDE/plugins/com.st.stm32cube.ide.mcu.externaltools.gnu-tools-for-stm32.11.3.rel1.win32_1.1.1.202309131626/tools/bin/../lib/gcc/arm-none-eabi/11.3.1/../../../../arm-none-eabi/lib/thumb/v7-m/nofp\libc_nano.a(libc_a-mlock.o)
                0x000000000800f19c                __malloc_unlock
 .text._strtol_l.constprop.0
                0x000000000800f1a8       0xfc C:/ST/STM32CubeIDE_1.13.2/STM32CubeIDE/plugins/com.st.stm32cube.ide.mcu.externaltools.gnu-tools-for-stm32.11.3.rel1.win32_1.1.1.202309131626/tools/bin/../lib/gcc/arm-none-eabi/11.3.1/../../../../arm-none-eabi/lib/thumb/v7-m/nofp\libc_nano.a(libc_a-strtol.o)
 .text.strtol   0x000000000800f2a4       0x14 C:/ST/STM32CubeIDE_1.13.2/STM32CubeIDE/plugins/com.st.stm32cube.ide.mcu.externaltools.gnu-tools-for-stm32.11.3.rel1.win32_1.1.1.202309131626/tools/bin/../lib/gcc/arm-none-eabi/11.3.1/../../../../arm-none-eabi/lib/thumb/v7-m/nofp\libc_nano.a(libc_a-strtol.o)
                0x000000000800f2a4                strtol
 .text.std      0x000000000800f2b8       0x6c C:/ST/STM32CubeIDE_1.13.2/STM32CubeIDE/plugins/com.st.stm32cube.ide.mcu.externaltools.gnu-tools-for-stm32.11.3.rel1.win32_1.1.1.202309131626/tools/bin/../lib/gcc/arm-none-eabi/11.3.1/../../../../arm-none-eabi/lib/thumb/v7-m/nofp\libc_nano.a(libc_a-findfp.o)
 .text.stdio_exit_handler
                0x000000000800f324       0x18 C:/ST/STM32CubeIDE_1.13.2/STM32CubeIDE/plugins/com.st.stm32cube.ide.mcu.externaltools.gnu-tools-for-stm32.11.3.rel1.win32_1.1.1.202309131626/tools/bin/../lib/gcc/arm-none-eabi/11.3.1/../../../../arm-none-eabi/lib/thumb/v7-m/nofp\libc_nano.a(libc_a-findfp.o)
 .text.cleanup_stdio
                0x000000000800f33c       0x40 C:/ST/STM32CubeIDE_1.13.2/STM32CubeIDE/plugins/com.st.stm32cube.ide.mcu.externaltools.gnu-tools-for-stm32.11.3.rel1.win32_1.1.1.202309131626/tools/bin/../lib/gcc/arm-none-eabi/11.3.1/../../../../arm-none-eabi/lib/thumb/v7-m/nofp\libc_nano.a(libc_a-findfp.o)
 .text.global_stdio_init.part.0
                0x000000000800f37c       0x3c C:/ST/STM32CubeIDE_1.13.2/STM32CubeIDE/plugins/com.st.stm32cube.ide.mcu.externaltools.gnu-tools-for-stm32.11.3.rel1.win32_1.1.1.202309131626/tools/bin/../lib/gcc/arm-none-eabi/11.3.1/../../../../arm-none-eabi/lib/thumb/v7-m/nofp\libc_nano.a(libc_a-findfp.o)
 .text.__sfp_lock_acquire
                0x000000000800f3b8        0xc C:/ST/STM32CubeIDE_1.13.2/STM32CubeIDE/plugins/com.st.stm32cube.ide.mcu.externaltools.gnu-tools-for-stm32.11.3.rel1.win32_1.1.1.202309131626/tools/bin/../lib/gcc/arm-none-eabi/11.3.1/../../../../arm-none-eabi/lib/thumb/v7-m/nofp\libc_nano.a(libc_a-findfp.o)
                0x000000000800f3b8                __sfp_lock_acquire
 .text.__sfp_lock_release
                0x000000000800f3c4        0xc C:/ST/STM32CubeIDE_1.13.2/STM32CubeIDE/plugins/com.st.stm32cube.ide.mcu.externaltools.gnu-tools-for-stm32.11.3.rel1.win32_1.1.1.202309131626/tools/bin/../lib/gcc/arm-none-eabi/11.3.1/../../../../arm-none-eabi/lib/thumb/v7-m/nofp\libc_nano.a(libc_a-findfp.o)
                0x000000000800f3c4                __sfp_lock_release
 .text.__sinit  0x000000000800f3d0       0x30 C:/ST/STM32CubeIDE_1.13.2/STM32CubeIDE/plugins/com.st.stm32cube.ide.mcu.externaltools.gnu-tools-for-stm32.11.3.rel1.win32_1.1.1.202309131626/tools/bin/../lib/gcc/arm-none-eabi/11.3.1/../../../../arm-none-eabi/lib/thumb/v7-m/nofp\libc_nano.a(libc_a-findfp.o)
                0x000000000800f3d0                __sinit
 .text._fwalk_sglue
                0x000000000800f400       0x3c C:/ST/STM32CubeIDE_1.13.2/STM32CubeIDE/plugins/com.st.stm32cube.ide.mcu.externaltools.gnu-tools-for-stm32.11.3.rel1.win32_1.1.1.202309131626/tools/bin/../lib/gcc/arm-none-eabi/11.3.1/../../../../arm-none-eabi/lib/thumb/v7-m/nofp\libc_nano.a(libc_a-fwalk.o)
                0x000000000800f400                _fwalk_sglue
 .text.printf   0x000000000800f43c       0x24 C:/ST/STM32CubeIDE_1.13.2/STM32CubeIDE/plugins/com.st.stm32cube.ide.mcu.externaltools.gnu-tools-for-stm32.11.3.rel1.win32_1.1.1.202309131626/tools/bin/../lib/gcc/arm-none-eabi/11.3.1/../../../../arm-none-eabi/lib/thumb/v7-m/nofp\libc_nano.a(libc_a-printf.o)
                0x000000000800f43c                iprintf
                0x000000000800f43c                printf
 .text._puts_r  0x000000000800f460       0xa8 C:/ST/STM32CubeIDE_1.13.2/STM32CubeIDE/plugins/com.st.stm32cube.ide.mcu.externaltools.gnu-tools-for-stm32.11.3.rel1.win32_1.1.1.202309131626/tools/bin/../lib/gcc/arm-none-eabi/11.3.1/../../../../arm-none-eabi/lib/thumb/v7-m/nofp\libc_nano.a(libc_a-puts.o)
                0x000000000800f460                _puts_r
 .text.puts     0x000000000800f508       0x10 C:/ST/STM32CubeIDE_1.13.2/STM32CubeIDE/plugins/com.st.stm32cube.ide.mcu.externaltools.gnu-tools-for-stm32.11.3.rel1.win32_1.1.1.202309131626/tools/bin/../lib/gcc/arm-none-eabi/11.3.1/../../../../arm-none-eabi/lib/thumb/v7-m/nofp\libc_nano.a(libc_a-puts.o)
                0x000000000800f508                puts
 .text.sprintf  0x000000000800f518       0x40 C:/ST/STM32CubeIDE_1.13.2/STM32CubeIDE/plugins/com.st.stm32cube.ide.mcu.externaltools.gnu-tools-for-stm32.11.3.rel1.win32_1.1.1.202309131626/tools/bin/../lib/gcc/arm-none-eabi/11.3.1/../../../../arm-none-eabi/lib/thumb/v7-m/nofp\libc_nano.a(libc_a-sprintf.o)
                0x000000000800f518                siprintf
                0x000000000800f518                sprintf
 .text.__sread  0x000000000800f558       0x22 C:/ST/STM32CubeIDE_1.13.2/STM32CubeIDE/plugins/com.st.stm32cube.ide.mcu.externaltools.gnu-tools-for-stm32.11.3.rel1.win32_1.1.1.202309131626/tools/bin/../lib/gcc/arm-none-eabi/11.3.1/../../../../arm-none-eabi/lib/thumb/v7-m/nofp\libc_nano.a(libc_a-stdio.o)
                0x000000000800f558                __sread
 .text.__swrite
                0x000000000800f57a       0x38 C:/ST/STM32CubeIDE_1.13.2/STM32CubeIDE/plugins/com.st.stm32cube.ide.mcu.externaltools.gnu-tools-for-stm32.11.3.rel1.win32_1.1.1.202309131626/tools/bin/../lib/gcc/arm-none-eabi/11.3.1/../../../../arm-none-eabi/lib/thumb/v7-m/nofp\libc_nano.a(libc_a-stdio.o)
                0x000000000800f57a                __swrite
 .text.__sseek  0x000000000800f5b2       0x24 C:/ST/STM32CubeIDE_1.13.2/STM32CubeIDE/plugins/com.st.stm32cube.ide.mcu.externaltools.gnu-tools-for-stm32.11.3.rel1.win32_1.1.1.202309131626/tools/bin/../lib/gcc/arm-none-eabi/11.3.1/../../../../arm-none-eabi/lib/thumb/v7-m/nofp\libc_nano.a(libc_a-stdio.o)
                0x000000000800f5b2                __sseek
 .text.__sclose
                0x000000000800f5d6        0x8 C:/ST/STM32CubeIDE_1.13.2/STM32CubeIDE/plugins/com.st.stm32cube.ide.mcu.externaltools.gnu-tools-for-stm32.11.3.rel1.win32_1.1.1.202309131626/tools/bin/../lib/gcc/arm-none-eabi/11.3.1/../../../../arm-none-eabi/lib/thumb/v7-m/nofp\libc_nano.a(libc_a-stdio.o)
                0x000000000800f5d6                __sclose
 .text.__swbuf_r
                0x000000000800f5de       0x7a C:/ST/STM32CubeIDE_1.13.2/STM32CubeIDE/plugins/com.st.stm32cube.ide.mcu.externaltools.gnu-tools-for-stm32.11.3.rel1.win32_1.1.1.202309131626/tools/bin/../lib/gcc/arm-none-eabi/11.3.1/../../../../arm-none-eabi/lib/thumb/v7-m/nofp\libc_nano.a(libc_a-wbuf.o)
                0x000000000800f5de                __swbuf_r
 .text.__swsetup_r
                0x000000000800f658       0xb0 C:/ST/STM32CubeIDE_1.13.2/STM32CubeIDE/plugins/com.st.stm32cube.ide.mcu.externaltools.gnu-tools-for-stm32.11.3.rel1.win32_1.1.1.202309131626/tools/bin/../lib/gcc/arm-none-eabi/11.3.1/../../../../arm-none-eabi/lib/thumb/v7-m/nofp\libc_nano.a(libc_a-wsetup.o)
                0x000000000800f658                __swsetup_r
 .text.memset   0x000000000800f708       0x10 C:/ST/STM32CubeIDE_1.13.2/STM32CubeIDE/plugins/com.st.stm32cube.ide.mcu.externaltools.gnu-tools-for-stm32.11.3.rel1.win32_1.1.1.202309131626/tools/bin/../lib/gcc/arm-none-eabi/11.3.1/../../../../arm-none-eabi/lib/thumb/v7-m/nofp\libc_nano.a(libc_a-memset.o)
                0x000000000800f708                memset
 .text._close_r
                0x000000000800f718       0x20 C:/ST/STM32CubeIDE_1.13.2/STM32CubeIDE/plugins/com.st.stm32cube.ide.mcu.externaltools.gnu-tools-for-stm32.11.3.rel1.win32_1.1.1.202309131626/tools/bin/../lib/gcc/arm-none-eabi/11.3.1/../../../../arm-none-eabi/lib/thumb/v7-m/nofp\libc_nano.a(libc_a-closer.o)
                0x000000000800f718                _close_r
 .text._lseek_r
                0x000000000800f738       0x24 C:/ST/STM32CubeIDE_1.13.2/STM32CubeIDE/plugins/com.st.stm32cube.ide.mcu.externaltools.gnu-tools-for-stm32.11.3.rel1.win32_1.1.1.202309131626/tools/bin/../lib/gcc/arm-none-eabi/11.3.1/../../../../arm-none-eabi/lib/thumb/v7-m/nofp\libc_nano.a(libc_a-lseekr.o)
                0x000000000800f738                _lseek_r
 .text._read_r  0x000000000800f75c       0x24 C:/ST/STM32CubeIDE_1.13.2/STM32CubeIDE/plugins/com.st.stm32cube.ide.mcu.externaltools.gnu-tools-for-stm32.11.3.rel1.win32_1.1.1.202309131626/tools/bin/../lib/gcc/arm-none-eabi/11.3.1/../../../../arm-none-eabi/lib/thumb/v7-m/nofp\libc_nano.a(libc_a-readr.o)
                0x000000000800f75c                _read_r
 .text._sbrk_r  0x000000000800f780       0x20 C:/ST/STM32CubeIDE_1.13.2/STM32CubeIDE/plugins/com.st.stm32cube.ide.mcu.externaltools.gnu-tools-for-stm32.11.3.rel1.win32_1.1.1.202309131626/tools/bin/../lib/gcc/arm-none-eabi/11.3.1/../../../../arm-none-eabi/lib/thumb/v7-m/nofp\libc_nano.a(libc_a-sbrkr.o)
                0x000000000800f780                _sbrk_r
 .text._write_r
                0x000000000800f7a0       0x24 C:/ST/STM32CubeIDE_1.13.2/STM32CubeIDE/plugins/com.st.stm32cube.ide.mcu.externaltools.gnu-tools-for-stm32.11.3.rel1.win32_1.1.1.202309131626/tools/bin/../lib/gcc/arm-none-eabi/11.3.1/../../../../arm-none-eabi/lib/thumb/v7-m/nofp\libc_nano.a(libc_a-writer.o)
                0x000000000800f7a0                _write_r
 .text.__errno  0x000000000800f7c4        0xc C:/ST/STM32CubeIDE_1.13.2/STM32CubeIDE/plugins/com.st.stm32cube.ide.mcu.externaltools.gnu-tools-for-stm32.11.3.rel1.win32_1.1.1.202309131626/tools/bin/../lib/gcc/arm-none-eabi/11.3.1/../../../../arm-none-eabi/lib/thumb/v7-m/nofp\libc_nano.a(libc_a-errno.o)
                0x000000000800f7c4                __errno
 .text.__libc_init_array
                0x000000000800f7d0       0x48 C:/ST/STM32CubeIDE_1.13.2/STM32CubeIDE/plugins/com.st.stm32cube.ide.mcu.externaltools.gnu-tools-for-stm32.11.3.rel1.win32_1.1.1.202309131626/tools/bin/../lib/gcc/arm-none-eabi/11.3.1/../../../../arm-none-eabi/lib/thumb/v7-m/nofp\libc_nano.a(libc_a-init.o)
                0x000000000800f7d0                __libc_init_array
 .text.__retarget_lock_init_recursive
                0x000000000800f818        0x2 C:/ST/STM32CubeIDE_1.13.2/STM32CubeIDE/plugins/com.st.stm32cube.ide.mcu.externaltools.gnu-tools-for-stm32.11.3.rel1.win32_1.1.1.202309131626/tools/bin/../lib/gcc/arm-none-eabi/11.3.1/../../../../arm-none-eabi/lib/thumb/v7-m/nofp\libc_nano.a(libc_a-lock.o)
                0x000000000800f818                __retarget_lock_init_recursive
 .text.__retarget_lock_acquire_recursive
                0x000000000800f81a        0x2 C:/ST/STM32CubeIDE_1.13.2/STM32CubeIDE/plugins/com.st.stm32cube.ide.mcu.externaltools.gnu-tools-for-stm32.11.3.rel1.win32_1.1.1.202309131626/tools/bin/../lib/gcc/arm-none-eabi/11.3.1/../../../../arm-none-eabi/lib/thumb/v7-m/nofp\libc_nano.a(libc_a-lock.o)
                0x000000000800f81a                __retarget_lock_acquire_recursive
 .text.__retarget_lock_release_recursive
                0x000000000800f81c        0x2 C:/ST/STM32CubeIDE_1.13.2/STM32CubeIDE/plugins/com.st.stm32cube.ide.mcu.externaltools.gnu-tools-for-stm32.11.3.rel1.win32_1.1.1.202309131626/tools/bin/../lib/gcc/arm-none-eabi/11.3.1/../../../../arm-none-eabi/lib/thumb/v7-m/nofp\libc_nano.a(libc_a-lock.o)
                0x000000000800f81c                __retarget_lock_release_recursive
 .text.memcpy   0x000000000800f81e       0x1c C:/ST/STM32CubeIDE_1.13.2/STM32CubeIDE/plugins/com.st.stm32cube.ide.mcu.externaltools.gnu-tools-for-stm32.11.3.rel1.win32_1.1.1.202309131626/tools/bin/../lib/gcc/arm-none-eabi/11.3.1/../../../../arm-none-eabi/lib/thumb/v7-m/nofp\libc_nano.a(libc_a-memcpy-stub.o)
                0x000000000800f81e                memcpy
 *fill*         0x000000000800f83a        0x2 
 .text._free_r  0x000000000800f83c       0x90 C:/ST/STM32CubeIDE_1.13.2/STM32CubeIDE/plugins/com.st.stm32cube.ide.mcu.externaltools.gnu-tools-for-stm32.11.3.rel1.win32_1.1.1.202309131626/tools/bin/../lib/gcc/arm-none-eabi/11.3.1/../../../../arm-none-eabi/lib/thumb/v7-m/nofp\libc_nano.a(libc_a-freer.o)
                0x000000000800f83c                _free_r
 .text.__ssputs_r
                0x000000000800f8cc       0xb4 C:/ST/STM32CubeIDE_1.13.2/STM32CubeIDE/plugins/com.st.stm32cube.ide.mcu.externaltools.gnu-tools-for-stm32.11.3.rel1.win32_1.1.1.202309131626/tools/bin/../lib/gcc/arm-none-eabi/11.3.1/../../../../arm-none-eabi/lib/thumb/v7-m/nofp\libc_nano.a(libc_a-nano-svfprintf.o)
                0x000000000800f8cc                __ssputs_r
 .text._svfprintf_r
                0x000000000800f980      0x1fc C:/ST/STM32CubeIDE_1.13.2/STM32CubeIDE/plugins/com.st.stm32cube.ide.mcu.externaltools.gnu-tools-for-stm32.11.3.rel1.win32_1.1.1.202309131626/tools/bin/../lib/gcc/arm-none-eabi/11.3.1/../../../../arm-none-eabi/lib/thumb/v7-m/nofp\libc_nano.a(libc_a-nano-svfprintf.o)
                0x000000000800f980                _svfiprintf_r
                0x000000000800f980                _svfprintf_r
 .text.__sfputc_r
                0x000000000800fb7c       0x2a C:/ST/STM32CubeIDE_1.13.2/STM32CubeIDE/plugins/com.st.stm32cube.ide.mcu.externaltools.gnu-tools-for-stm32.11.3.rel1.win32_1.1.1.202309131626/tools/bin/../lib/gcc/arm-none-eabi/11.3.1/../../../../arm-none-eabi/lib/thumb/v7-m/nofp\libc_nano.a(libc_a-nano-vfprintf.o)
 .text.__sfputs_r
                0x000000000800fba6       0x24 C:/ST/STM32CubeIDE_1.13.2/STM32CubeIDE/plugins/com.st.stm32cube.ide.mcu.externaltools.gnu-tools-for-stm32.11.3.rel1.win32_1.1.1.202309131626/tools/bin/../lib/gcc/arm-none-eabi/11.3.1/../../../../arm-none-eabi/lib/thumb/v7-m/nofp\libc_nano.a(libc_a-nano-vfprintf.o)
                0x000000000800fba6                __sfputs_r
 *fill*         0x000000000800fbca        0x2 
 .text._vfprintf_r
                0x000000000800fbcc      0x234 C:/ST/STM32CubeIDE_1.13.2/STM32CubeIDE/plugins/com.st.stm32cube.ide.mcu.externaltools.gnu-tools-for-stm32.11.3.rel1.win32_1.1.1.202309131626/tools/bin/../lib/gcc/arm-none-eabi/11.3.1/../../../../arm-none-eabi/lib/thumb/v7-m/nofp\libc_nano.a(libc_a-nano-vfprintf.o)
                0x000000000800fbcc                _vfprintf_r
                0x000000000800fbcc                _vfiprintf_r
 .text._printf_common
                0x000000000800fe00       0xe4 C:/ST/STM32CubeIDE_1.13.2/STM32CubeIDE/plugins/com.st.stm32cube.ide.mcu.externaltools.gnu-tools-for-stm32.11.3.rel1.win32_1.1.1.202309131626/tools/bin/../lib/gcc/arm-none-eabi/11.3.1/../../../../arm-none-eabi/lib/thumb/v7-m/nofp\libc_nano.a(libc_a-nano-vfprintf_i.o)
                0x000000000800fe00                _printf_common
 .text._printf_i
                0x000000000800fee4      0x244 C:/ST/STM32CubeIDE_1.13.2/STM32CubeIDE/plugins/com.st.stm32cube.ide.mcu.externaltools.gnu-tools-for-stm32.11.3.rel1.win32_1.1.1.202309131626/tools/bin/../lib/gcc/arm-none-eabi/11.3.1/../../../../arm-none-eabi/lib/thumb/v7-m/nofp\libc_nano.a(libc_a-nano-vfprintf_i.o)
                0x000000000800fee4                _printf_i
 .text.__sflush_r
                0x0000000008010128      0x104 C:/ST/STM32CubeIDE_1.13.2/STM32CubeIDE/plugins/com.st.stm32cube.ide.mcu.externaltools.gnu-tools-for-stm32.11.3.rel1.win32_1.1.1.202309131626/tools/bin/../lib/gcc/arm-none-eabi/11.3.1/../../../../arm-none-eabi/lib/thumb/v7-m/nofp\libc_nano.a(libc_a-fflush.o)
                0x0000000008010128                __sflush_r
 .text._fflush_r
                0x000000000801022c       0x50 C:/ST/STM32CubeIDE_1.13.2/STM32CubeIDE/plugins/com.st.stm32cube.ide.mcu.externaltools.gnu-tools-for-stm32.11.3.rel1.win32_1.1.1.202309131626/tools/bin/../lib/gcc/arm-none-eabi/11.3.1/../../../../arm-none-eabi/lib/thumb/v7-m/nofp\libc_nano.a(libc_a-fflush.o)
                0x000000000801022c                _fflush_r
 .text.__swhatbuf_r
                0x000000000801027c       0x4a C:/ST/STM32CubeIDE_1.13.2/STM32CubeIDE/plugins/com.st.stm32cube.ide.mcu.externaltools.gnu-tools-for-stm32.11.3.rel1.win32_1.1.1.202309131626/tools/bin/../lib/gcc/arm-none-eabi/11.3.1/../../../../arm-none-eabi/lib/thumb/v7-m/nofp\libc_nano.a(libc_a-makebuf.o)
                0x000000000801027c                __swhatbuf_r
 .text.__smakebuf_r
                0x00000000080102c6       0x78 C:/ST/STM32CubeIDE_1.13.2/STM32CubeIDE/plugins/com.st.stm32cube.ide.mcu.externaltools.gnu-tools-for-stm32.11.3.rel1.win32_1.1.1.202309131626/tools/bin/../lib/gcc/arm-none-eabi/11.3.1/../../../../arm-none-eabi/lib/thumb/v7-m/nofp\libc_nano.a(libc_a-makebuf.o)
                0x00000000080102c6                __smakebuf_r
 .text.memmove  0x000000000801033e       0x34 C:/ST/STM32CubeIDE_1.13.2/STM32CubeIDE/plugins/com.st.stm32cube.ide.mcu.externaltools.gnu-tools-for-stm32.11.3.rel1.win32_1.1.1.202309131626/tools/bin/../lib/gcc/arm-none-eabi/11.3.1/../../../../arm-none-eabi/lib/thumb/v7-m/nofp\libc_nano.a(libc_a-memmove.o)
                0x000000000801033e                memmove
 *fill*         0x0000000008010372        0x2 
 .text._fstat_r
                0x0000000008010374       0x24 C:/ST/STM32CubeIDE_1.13.2/STM32CubeIDE/plugins/com.st.stm32cube.ide.mcu.externaltools.gnu-tools-for-stm32.11.3.rel1.win32_1.1.1.202309131626/tools/bin/../lib/gcc/arm-none-eabi/11.3.1/../../../../arm-none-eabi/lib/thumb/v7-m/nofp\libc_nano.a(libc_a-fstatr.o)
                0x0000000008010374                _fstat_r
 .text._isatty_r
                0x0000000008010398       0x20 C:/ST/STM32CubeIDE_1.13.2/STM32CubeIDE/plugins/com.st.stm32cube.ide.mcu.externaltools.gnu-tools-for-stm32.11.3.rel1.win32_1.1.1.202309131626/tools/bin/../lib/gcc/arm-none-eabi/11.3.1/../../../../arm-none-eabi/lib/thumb/v7-m/nofp\libc_nano.a(libc_a-isattyr.o)
                0x0000000008010398                _isatty_r
 .text.memchr   0x00000000080103b8       0x1c C:/ST/STM32CubeIDE_1.13.2/STM32CubeIDE/plugins/com.st.stm32cube.ide.mcu.externaltools.gnu-tools-for-stm32.11.3.rel1.win32_1.1.1.202309131626/tools/bin/../lib/gcc/arm-none-eabi/11.3.1/../../../../arm-none-eabi/lib/thumb/v7-m/nofp\libc_nano.a(libc_a-memchr-stub.o)
                0x00000000080103b8                memchr
 .text._realloc_r
                0x00000000080103d4       0x5e C:/ST/STM32CubeIDE_1.13.2/STM32CubeIDE/plugins/com.st.stm32cube.ide.mcu.externaltools.gnu-tools-for-stm32.11.3.rel1.win32_1.1.1.202309131626/tools/bin/../lib/gcc/arm-none-eabi/11.3.1/../../../../arm-none-eabi/lib/thumb/v7-m/nofp\libc_nano.a(libc_a-reallocr.o)
                0x00000000080103d4                _realloc_r
 .text._malloc_usable_size_r
                0x0000000008010432       0x10 C:/ST/STM32CubeIDE_1.13.2/STM32CubeIDE/plugins/com.st.stm32cube.ide.mcu.externaltools.gnu-tools-for-stm32.11.3.rel1.win32_1.1.1.202309131626/tools/bin/../lib/gcc/arm-none-eabi/11.3.1/../../../../arm-none-eabi/lib/thumb/v7-m/nofp\libc_nano.a(libc_a-msizer.o)
                0x0000000008010432                _malloc_usable_size_r
 *fill*         0x0000000008010442        0x2 
 .text.pow      0x0000000008010444       0xd0 C:/ST/STM32CubeIDE_1.13.2/STM32CubeIDE/plugins/com.st.stm32cube.ide.mcu.externaltools.gnu-tools-for-stm32.11.3.rel1.win32_1.1.1.202309131626/tools/bin/../lib/gcc/arm-none-eabi/11.3.1/../../../../arm-none-eabi/lib/thumb/v7-m/nofp\libm.a(libm_a-w_pow.o)
                0x0000000008010444                pow
 .text.sqrt     0x0000000008010514       0x48 C:/ST/STM32CubeIDE_1.13.2/STM32CubeIDE/plugins/com.st.stm32cube.ide.mcu.externaltools.gnu-tools-for-stm32.11.3.rel1.win32_1.1.1.202309131626/tools/bin/../lib/gcc/arm-none-eabi/11.3.1/../../../../arm-none-eabi/lib/thumb/v7-m/nofp\libm.a(libm_a-w_sqrt.o)
                0x0000000008010514                sqrt
 .text.finite   0x000000000801055c        0xc C:/ST/STM32CubeIDE_1.13.2/STM32CubeIDE/plugins/com.st.stm32cube.ide.mcu.externaltools.gnu-tools-for-stm32.11.3.rel1.win32_1.1.1.202309131626/tools/bin/../lib/gcc/arm-none-eabi/11.3.1/../../../../arm-none-eabi/lib/thumb/v7-m/nofp\libm.a(libm_a-s_finite.o)
                0x000000000801055c                finite
 .text.__ieee754_sqrt
                0x0000000008010568      0x1b0 C:/ST/STM32CubeIDE_1.13.2/STM32CubeIDE/plugins/com.st.stm32cube.ide.mcu.externaltools.gnu-tools-for-stm32.11.3.rel1.win32_1.1.1.202309131626/tools/bin/../lib/gcc/arm-none-eabi/11.3.1/../../../../arm-none-eabi/lib/thumb/v7-m/nofp\libm.a(libm_a-e_sqrt.o)
                0x0000000008010568                __ieee754_sqrt
 .text.__ieee754_pow
                0x0000000008010718      0xa2c C:/ST/STM32CubeIDE_1.13.2/STM32CubeIDE/plugins/com.st.stm32cube.ide.mcu.externaltools.gnu-tools-for-stm32.11.3.rel1.win32_1.1.1.202309131626/tools/bin/../lib/gcc/arm-none-eabi/11.3.1/../../../../arm-none-eabi/lib/thumb/v7-m/nofp\libm.a(libm_a-e_pow.o)
                0x0000000008010718                __ieee754_pow
 .text.fabs     0x0000000008011144        0x8 C:/ST/STM32CubeIDE_1.13.2/STM32CubeIDE/plugins/com.st.stm32cube.ide.mcu.externaltools.gnu-tools-for-stm32.11.3.rel1.win32_1.1.1.202309131626/tools/bin/../lib/gcc/arm-none-eabi/11.3.1/../../../../arm-none-eabi/lib/thumb/v7-m/nofp\libm.a(libm_a-s_fabs.o)
                0x0000000008011144                fabs
 *fill*         0x000000000801114c        0x4 
 .text.scalbn   0x0000000008011150       0xf4 C:/ST/STM32CubeIDE_1.13.2/STM32CubeIDE/plugins/com.st.stm32cube.ide.mcu.externaltools.gnu-tools-for-stm32.11.3.rel1.win32_1.1.1.202309131626/tools/bin/../lib/gcc/arm-none-eabi/11.3.1/../../../../arm-none-eabi/lib/thumb/v7-m/nofp\libm.a(libm_a-s_scalbn.o)
                0x0000000008011150                scalbn
 .text.with_errno
                0x0000000008011244       0x14 C:/ST/STM32CubeIDE_1.13.2/STM32CubeIDE/plugins/com.st.stm32cube.ide.mcu.externaltools.gnu-tools-for-stm32.11.3.rel1.win32_1.1.1.202309131626/tools/bin/../lib/gcc/arm-none-eabi/11.3.1/../../../../arm-none-eabi/lib/thumb/v7-m/nofp\libm.a(libm_a-math_err.o)
 .text.xflow    0x0000000008011258       0x30 C:/ST/STM32CubeIDE_1.13.2/STM32CubeIDE/plugins/com.st.stm32cube.ide.mcu.externaltools.gnu-tools-for-stm32.11.3.rel1.win32_1.1.1.202309131626/tools/bin/../lib/gcc/arm-none-eabi/11.3.1/../../../../arm-none-eabi/lib/thumb/v7-m/nofp\libm.a(libm_a-math_err.o)
 .text.__math_uflow
                0x0000000008011288        0xa C:/ST/STM32CubeIDE_1.13.2/STM32CubeIDE/plugins/com.st.stm32cube.ide.mcu.externaltools.gnu-tools-for-stm32.11.3.rel1.win32_1.1.1.202309131626/tools/bin/../lib/gcc/arm-none-eabi/11.3.1/../../../../arm-none-eabi/lib/thumb/v7-m/nofp\libm.a(libm_a-math_err.o)
                0x0000000008011288                __math_uflow
 .text.__math_oflow
                0x0000000008011292        0xa C:/ST/STM32CubeIDE_1.13.2/STM32CubeIDE/plugins/com.st.stm32cube.ide.mcu.externaltools.gnu-tools-for-stm32.11.3.rel1.win32_1.1.1.202309131626/tools/bin/../lib/gcc/arm-none-eabi/11.3.1/../../../../arm-none-eabi/lib/thumb/v7-m/nofp\libm.a(libm_a-math_err.o)
                0x0000000008011292                __math_oflow
 *(.glue_7)
 .glue_7        0x000000000801129c        0x0 linker stubs
 *(.glue_7t)
 .glue_7t       0x000000000801129c        0x0 linker stubs
 *(.eh_frame)
 .eh_frame      0x000000000801129c        0x0 C:/ST/STM32CubeIDE_1.13.2/STM32CubeIDE/plugins/com.st.stm32cube.ide.mcu.externaltools.gnu-tools-for-stm32.11.3.rel1.win32_1.1.1.202309131626/tools/bin/../lib/gcc/arm-none-eabi/11.3.1/thumb/v7-m/nofp/crtbegin.o
 *(.init)
 .init          0x000000000801129c        0x4 C:/ST/STM32CubeIDE_1.13.2/STM32CubeIDE/plugins/com.st.stm32cube.ide.mcu.externaltools.gnu-tools-for-stm32.11.3.rel1.win32_1.1.1.202309131626/tools/bin/../lib/gcc/arm-none-eabi/11.3.1/thumb/v7-m/nofp/crti.o
                0x000000000801129c                _init
 .init          0x00000000080112a0        0x8 C:/ST/STM32CubeIDE_1.13.2/STM32CubeIDE/plugins/com.st.stm32cube.ide.mcu.externaltools.gnu-tools-for-stm32.11.3.rel1.win32_1.1.1.202309131626/tools/bin/../lib/gcc/arm-none-eabi/11.3.1/thumb/v7-m/nofp/crtn.o
 *(.fini)
 .fini          0x00000000080112a8        0x4 C:/ST/STM32CubeIDE_1.13.2/STM32CubeIDE/plugins/com.st.stm32cube.ide.mcu.externaltools.gnu-tools-for-stm32.11.3.rel1.win32_1.1.1.202309131626/tools/bin/../lib/gcc/arm-none-eabi/11.3.1/thumb/v7-m/nofp/crti.o
                0x00000000080112a8                _fini
 .fini          0x00000000080112ac        0x8 C:/ST/STM32CubeIDE_1.13.2/STM32CubeIDE/plugins/com.st.stm32cube.ide.mcu.externaltools.gnu-tools-for-stm32.11.3.rel1.win32_1.1.1.202309131626/tools/bin/../lib/gcc/arm-none-eabi/11.3.1/thumb/v7-m/nofp/crtn.o
                0x00000000080112b4                . = ALIGN (0x4)
                0x00000000080112b4                _etext = .

.vfp11_veneer   0x00000000080112b4        0x0
 .vfp11_veneer  0x00000000080112b4        0x0 linker stubs

.v4_bx          0x00000000080112b4        0x0
 .v4_bx         0x00000000080112b4        0x0 linker stubs

.iplt           0x00000000080112b4        0x0
 .iplt          0x00000000080112b4        0x0 C:/ST/STM32CubeIDE_1.13.2/STM32CubeIDE/plugins/com.st.stm32cube.ide.mcu.externaltools.gnu-tools-for-stm32.11.3.rel1.win32_1.1.1.202309131626/tools/bin/../lib/gcc/arm-none-eabi/11.3.1/thumb/v7-m/nofp/crtbegin.o

.rodata         0x00000000080112b8    0x1a570
                0x00000000080112b8                . = ALIGN (0x4)
 *(.rodata)
 .rodata        0x00000000080112b8       0x19 ./Core/Src/calcExpression.o
 *fill*         0x00000000080112d1        0x3 
 .rodata        0x00000000080112d4        0xc ./Core/Src/ft5206.o
 .rodata        0x00000000080112e0       0x25 ./Core/Src/gt9147.o
 *fill*         0x0000000008011305        0x3 
 .rodata        0x0000000008011308       0x48 ./Core/Src/main.o
 .rodata        0x0000000008011350        0xc ./Core/Src/ott2001a.o
 .rodata        0x000000000801135c       0x4a ./Core/Src/stack.o
 *fill*         0x00000000080113a6        0x2 
 .rodata        0x00000000080113a8       0xd0 ./Core/Src/touch.o
 .rodata        0x0000000008011478      0x15b ./Core/Src/utils.o
 *(.rodata*)
 *fill*         0x00000000080115d3        0x1 
 .rodata.FT5206_TPX_TBL
                0x00000000080115d4        0xa ./Core/Src/ft5206.o
                0x00000000080115d4                FT5206_TPX_TBL
 *fill*         0x00000000080115de        0x2 
 .rodata.GT9147_CFG_TBL
                0x00000000080115e0       0xb8 ./Core/Src/gt9147.o
                0x00000000080115e0                GT9147_CFG_TBL
 .rodata.GT9147_TPX_TBL
                0x0000000008011698        0xa ./Core/Src/gt9147.o
                0x0000000008011698                GT9147_TPX_TBL
 *fill*         0x00000000080116a2        0x2 
 .rodata.asc2_1206
                0x00000000080116a4      0x474 ./Core/Src/lcd.o
                0x00000000080116a4                asc2_1206
 .rodata.asc2_1608
                0x0000000008011b18      0x5f0 ./Core/Src/lcd.o
                0x0000000008011b18                asc2_1608
 .rodata.asc2_2412
                0x0000000008012108      0xd5c ./Core/Src/lcd.o
                0x0000000008012108                asc2_2412
 .rodata.OTT_TPX_TBL
                0x0000000008012e64        0xa ./Core/Src/ott2001a.o
                0x0000000008012e64                OTT_TPX_TBL
 *fill*         0x0000000008012e6e        0x2 
 .rodata.AHBPrescTable
                0x0000000008012e70       0x10 ./Core/Src/system_stm32f1xx.o
                0x0000000008012e70                AHBPrescTable
 .rodata.APBPrescTable
                0x0000000008012e80        0x8 ./Core/Src/system_stm32f1xx.o
                0x0000000008012e80                APBPrescTable
 .rodata.gImage_calc
                0x0000000008012e88     0x1c20 ./Core/Src/utils.o
                0x0000000008012e88                gImage_calc
 .rodata.gImage_chat
                0x0000000008014aa8     0x1ab8 ./Core/Src/utils.o
                0x0000000008014aa8                gImage_chat
 .rodata.gImage_pic
                0x0000000008016560     0x1ba8 ./Core/Src/utils.o
                0x0000000008016560                gImage_pic
 .rodata.gImage_calc_bg_DE
                0x0000000008018108    0x13560 ./Core/Src/utils.o
                0x0000000008018108                gImage_calc_bg_DE
 .rodata.mon_table
                0x000000000802b668       0x30 ./Core/Src/utils.o
                0x000000000802b668                mon_table
 .rodata.aPLLMULFactorTable.1
                0x000000000802b698       0x10 ./Drivers/STM32F1xx_HAL_Driver/Src/stm32f1xx_hal_rcc.o
 .rodata.aPredivFactorTable.0
                0x000000000802b6a8        0x2 ./Drivers/STM32F1xx_HAL_Driver/Src/stm32f1xx_hal_rcc.o
 *fill*         0x000000000802b6aa        0x2 
 .rodata.aPLLMULFactorTable.1
                0x000000000802b6ac       0x10 ./Drivers/STM32F1xx_HAL_Driver/Src/stm32f1xx_hal_rcc_ex.o
 .rodata.aPredivFactorTable.0
                0x000000000802b6bc        0x2 ./Drivers/STM32F1xx_HAL_Driver/Src/stm32f1xx_hal_rcc_ex.o
 .rodata._ctype_
                0x000000000802b6be      0x101 C:/ST/STM32CubeIDE_1.13.2/STM32CubeIDE/plugins/com.st.stm32cube.ide.mcu.externaltools.gnu-tools-for-stm32.11.3.rel1.win32_1.1.1.202309131626/tools/bin/../lib/gcc/arm-none-eabi/11.3.1/../../../../arm-none-eabi/lib/thumb/v7-m/nofp\libc_nano.a(libc_a-ctype_.o)
                0x000000000802b6be                _ctype_
 .rodata._svfprintf_r.str1.1
                0x000000000802b7bf       0x11 C:/ST/STM32CubeIDE_1.13.2/STM32CubeIDE/plugins/com.st.stm32cube.ide.mcu.externaltools.gnu-tools-for-stm32.11.3.rel1.win32_1.1.1.202309131626/tools/bin/../lib/gcc/arm-none-eabi/11.3.1/../../../../arm-none-eabi/lib/thumb/v7-m/nofp\libc_nano.a(libc_a-nano-svfprintf.o)
 .rodata._vfprintf_r.str1.1
                0x000000000802b7d0       0x11 C:/ST/STM32CubeIDE_1.13.2/STM32CubeIDE/plugins/com.st.stm32cube.ide.mcu.externaltools.gnu-tools-for-stm32.11.3.rel1.win32_1.1.1.202309131626/tools/bin/../lib/gcc/arm-none-eabi/11.3.1/../../../../arm-none-eabi/lib/thumb/v7-m/nofp\libc_nano.a(libc_a-nano-vfprintf.o)
 .rodata._printf_i.str1.1
                0x000000000802b7d0       0x22 C:/ST/STM32CubeIDE_1.13.2/STM32CubeIDE/plugins/com.st.stm32cube.ide.mcu.externaltools.gnu-tools-for-stm32.11.3.rel1.win32_1.1.1.202309131626/tools/bin/../lib/gcc/arm-none-eabi/11.3.1/../../../../arm-none-eabi/lib/thumb/v7-m/nofp\libc_nano.a(libc_a-nano-vfprintf_i.o)
 *fill*         0x000000000802b7f2        0x6 
 .rodata.bp     0x000000000802b7f8       0x10 C:/ST/STM32CubeIDE_1.13.2/STM32CubeIDE/plugins/com.st.stm32cube.ide.mcu.externaltools.gnu-tools-for-stm32.11.3.rel1.win32_1.1.1.202309131626/tools/bin/../lib/gcc/arm-none-eabi/11.3.1/../../../../arm-none-eabi/lib/thumb/v7-m/nofp\libm.a(libm_a-e_pow.o)
 .rodata.dp_h   0x000000000802b808       0x10 C:/ST/STM32CubeIDE_1.13.2/STM32CubeIDE/plugins/com.st.stm32cube.ide.mcu.externaltools.gnu-tools-for-stm32.11.3.rel1.win32_1.1.1.202309131626/tools/bin/../lib/gcc/arm-none-eabi/11.3.1/../../../../arm-none-eabi/lib/thumb/v7-m/nofp\libm.a(libm_a-e_pow.o)
 .rodata.dp_l   0x000000000802b818       0x10 C:/ST/STM32CubeIDE_1.13.2/STM32CubeIDE/plugins/com.st.stm32cube.ide.mcu.externaltools.gnu-tools-for-stm32.11.3.rel1.win32_1.1.1.202309131626/tools/bin/../lib/gcc/arm-none-eabi/11.3.1/../../../../arm-none-eabi/lib/thumb/v7-m/nofp\libm.a(libm_a-e_pow.o)
                0x000000000802b828                . = ALIGN (0x4)

.ARM.extab      0x000000000802b828        0x0
                0x000000000802b828                . = ALIGN (0x4)
 *(.ARM.extab* .gnu.linkonce.armextab.*)
                0x000000000802b828                . = ALIGN (0x4)

.ARM            0x000000000802b828        0x8
                0x000000000802b828                . = ALIGN (0x4)
                0x000000000802b828                __exidx_start = .
 *(.ARM.exidx*)
 .ARM.exidx     0x000000000802b828        0x8 C:/ST/STM32CubeIDE_1.13.2/STM32CubeIDE/plugins/com.st.stm32cube.ide.mcu.externaltools.gnu-tools-for-stm32.11.3.rel1.win32_1.1.1.202309131626/tools/bin/../lib/gcc/arm-none-eabi/11.3.1/thumb/v7-m/nofp\libgcc.a(_udivmoddi4.o)
                0x000000000802b830                __exidx_end = .
                0x000000000802b830                . = ALIGN (0x4)

.rel.dyn        0x000000000802b830        0x0
 .rel.iplt      0x000000000802b830        0x0 C:/ST/STM32CubeIDE_1.13.2/STM32CubeIDE/plugins/com.st.stm32cube.ide.mcu.externaltools.gnu-tools-for-stm32.11.3.rel1.win32_1.1.1.202309131626/tools/bin/../lib/gcc/arm-none-eabi/11.3.1/thumb/v7-m/nofp/crtbegin.o

.preinit_array  0x000000000802b830        0x0
                0x000000000802b830                . = ALIGN (0x4)
                0x000000000802b830                PROVIDE (__preinit_array_start = .)
 *(.preinit_array*)
                0x000000000802b830                PROVIDE (__preinit_array_end = .)
                0x000000000802b830                . = ALIGN (0x4)

.init_array     0x000000000802b830        0x4
                0x000000000802b830                . = ALIGN (0x4)
                0x000000000802b830                PROVIDE (__init_array_start = .)
 *(SORT_BY_NAME(.init_array.*))
 *(.init_array*)
 .init_array    0x000000000802b830        0x4 C:/ST/STM32CubeIDE_1.13.2/STM32CubeIDE/plugins/com.st.stm32cube.ide.mcu.externaltools.gnu-tools-for-stm32.11.3.rel1.win32_1.1.1.202309131626/tools/bin/../lib/gcc/arm-none-eabi/11.3.1/thumb/v7-m/nofp/crtbegin.o
                0x000000000802b834                PROVIDE (__init_array_end = .)
                0x000000000802b834                . = ALIGN (0x4)

.fini_array     0x000000000802b834        0x4
                0x000000000802b834                . = ALIGN (0x4)
                [!provide]                        PROVIDE (__fini_array_start = .)
 *(SORT_BY_NAME(.fini_array.*))
 *(.fini_array*)
 .fini_array    0x000000000802b834        0x4 C:/ST/STM32CubeIDE_1.13.2/STM32CubeIDE/plugins/com.st.stm32cube.ide.mcu.externaltools.gnu-tools-for-stm32.11.3.rel1.win32_1.1.1.202309131626/tools/bin/../lib/gcc/arm-none-eabi/11.3.1/thumb/v7-m/nofp/crtbegin.o
                [!provide]                        PROVIDE (__fini_array_end = .)
                0x000000000802b838                . = ALIGN (0x4)
                0x000000000802b838                _sidata = LOADADDR (.data)

.data           0x0000000020000000       0xd8 load address 0x000000000802b838
                0x0000000020000000                . = ALIGN (0x4)
                0x0000000020000000                _sdata = .
 *(.data)
 *(.data*)
 .data.BACK_COLOR
                0x0000000020000000        0x2 ./Core/Src/lcd.o
                0x0000000020000000                BACK_COLOR
 *fill*         0x0000000020000002        0x2 
 .data.user_name
                0x0000000020000004       0x14 ./Core/Src/main.o
                0x0000000020000004                user_name
 .data.time_setting
                0x0000000020000018        0x8 ./Core/Src/main.o
                0x0000000020000018                time_setting
 .data.mark_seed
                0x0000000020000020        0x2 ./Core/Src/main.o
                0x0000000020000020                mark_seed
 *fill*         0x0000000020000022        0x2 
 .data.SystemCoreClock
                0x0000000020000024        0x4 ./Core/Src/system_stm32f1xx.o
                0x0000000020000024                SystemCoreClock
 .data.tp_dev   0x0000000020000028       0x34 ./Core/Src/touch.o
                0x0000000020000028                tp_dev
 .data.CMD_RDX  0x000000002000005c        0x1 ./Core/Src/touch.o
                0x000000002000005c                CMD_RDX
 .data.CMD_RDY  0x000000002000005d        0x1 ./Core/Src/touch.o
                0x000000002000005d                CMD_RDY
 *fill*         0x000000002000005e        0x2 
 .data.uwTickPrio
                0x0000000020000060        0x4 ./Drivers/STM32F1xx_HAL_Driver/Src/stm32f1xx_hal.o
                0x0000000020000060                uwTickPrio
 .data.uwTickFreq
                0x0000000020000064        0x1 ./Drivers/STM32F1xx_HAL_Driver/Src/stm32f1xx_hal.o
                0x0000000020000064                uwTickFreq
 *fill*         0x0000000020000065        0x3 
 .data.__sglue  0x0000000020000068        0xc C:/ST/STM32CubeIDE_1.13.2/STM32CubeIDE/plugins/com.st.stm32cube.ide.mcu.externaltools.gnu-tools-for-stm32.11.3.rel1.win32_1.1.1.202309131626/tools/bin/../lib/gcc/arm-none-eabi/11.3.1/../../../../arm-none-eabi/lib/thumb/v7-m/nofp\libc_nano.a(libc_a-findfp.o)
                0x0000000020000068                __sglue
 .data._impure_data
                0x0000000020000074       0x4c C:/ST/STM32CubeIDE_1.13.2/STM32CubeIDE/plugins/com.st.stm32cube.ide.mcu.externaltools.gnu-tools-for-stm32.11.3.rel1.win32_1.1.1.202309131626/tools/bin/../lib/gcc/arm-none-eabi/11.3.1/../../../../arm-none-eabi/lib/thumb/v7-m/nofp\libc_nano.a(libc_a-impure.o)
                0x0000000020000074                _impure_data
 .data._impure_ptr
                0x00000000200000c0        0x4 C:/ST/STM32CubeIDE_1.13.2/STM32CubeIDE/plugins/com.st.stm32cube.ide.mcu.externaltools.gnu-tools-for-stm32.11.3.rel1.win32_1.1.1.202309131626/tools/bin/../lib/gcc/arm-none-eabi/11.3.1/../../../../arm-none-eabi/lib/thumb/v7-m/nofp\libc_nano.a(libc_a-impure.o)
                0x00000000200000c0                _impure_ptr
 *fill*         0x00000000200000c4        0x4 