Archive member included to satisfy reference by file (symbol)

C:/ST/STM32CubeIDE_1.13.2/STM32CubeIDE/plugins/com.st.stm32cube.ide.mcu.externaltools.gnu-tools-for-stm32.11.3.rel1.win32_1.1.1.202309131626/tools/bin/../lib/gcc/arm-none-eabi/11.3.1/../../../../arm-none-eabi/lib/thumb/v7-m/nofp\libc_nano.a(libc_a-atof.o)
                              ./Core/Src/solveEquation.o (atof)
C:/ST/STM32CubeIDE_1.13.2/STM32CubeIDE/plugins/com.st.stm32cube.ide.mcu.externaltools.gnu-tools-for-stm32.11.3.rel1.win32_1.1.1.202309131626/tools/bin/../lib/gcc/arm-none-eabi/11.3.1/../../../../arm-none-eabi/lib/thumb/v7-m/nofp\libc_nano.a(libc_a-exit.o)
                              C:/ST/STM32CubeIDE_1.13.2/STM32CubeIDE/plugins/com.st.stm32cube.ide.mcu.externaltools.gnu-tools-for-stm32.11.3.rel1.win32_1.1.1.202309131626/tools/bin/../lib/gcc/arm-none-eabi/11.3.1/../../../../arm-none-eabi/lib/thumb/v7-m/nofp/crt0.o (exit)
C:/ST/STM32CubeIDE_1.13.2/STM32CubeIDE/plugins/com.st.stm32cube.ide.mcu.externaltools.gnu-tools-for-stm32.11.3.rel1.win32_1.1.1.202309131626/tools/bin/../lib/gcc/arm-none-eabi/11.3.1/../../../../arm-none-eabi/lib/thumb/v7-m/nofp\libc_nano.a(libc_a-malloc.o)
                              ./Core/Src/binaryExpression.o (malloc)
C:/ST/STM32CubeIDE_1.13.2/STM32CubeIDE/plugins/com.st.stm32cube.ide.mcu.externaltools.gnu-tools-for-stm32.11.3.rel1.win32_1.1.1.202309131626/tools/bin/../lib/gcc/arm-none-eabi/11.3.1/../../../../arm-none-eabi/lib/thumb/v7-m/nofp\libc_nano.a(libc_a-mallocr.o)
                              C:/ST/STM32CubeIDE_1.13.2/STM32CubeIDE/plugins/com.st.stm32cube.ide.mcu.externaltools.gnu-tools-for-stm32.11.3.rel1.win32_1.1.1.202309131626/tools/bin/../lib/gcc/arm-none-eabi/11.3.1/../../../../arm-none-eabi/lib/thumb/v7-m/nofp\libc_nano.a(libc_a-malloc.o) (_malloc_r)
C:/ST/STM32CubeIDE_1.13.2/STM32CubeIDE/plugins/com.st.stm32cube.ide.mcu.externaltools.gnu-tools-for-stm32.11.3.rel1.win32_1.1.1.202309131626/tools/bin/../lib/gcc/arm-none-eabi/11.3.1/../../../../arm-none-eabi/lib/thumb/v7-m/nofp\libc_nano.a(libc_a-mlock.o)
                              C:/ST/STM32CubeIDE_1.13.2/STM32CubeIDE/plugins/com.st.stm32cube.ide.mcu.externaltools.gnu-tools-for-stm32.11.3.rel1.win32_1.1.1.202309131626/tools/bin/../lib/gcc/arm-none-eabi/11.3.1/../../../../arm-none-eabi/lib/thumb/v7-m/nofp\libc_nano.a(libc_a-mallocr.o) (__malloc_lock)
C:/ST/STM32CubeIDE_1.13.2/STM32CubeIDE/plugins/com.st.stm32cube.ide.mcu.externaltools.gnu-tools-for-stm32.11.3.rel1.win32_1.1.1.202309131626/tools/bin/../lib/gcc/arm-none-eabi/11.3.1/../../../../arm-none-eabi/lib/thumb/v7-m/nofp\libc_nano.a(libc_a-strtod.o)
                              C:/ST/STM32CubeIDE_1.13.2/STM32CubeIDE/plugins/com.st.stm32cube.ide.mcu.externaltools.gnu-tools-for-stm32.11.3.rel1.win32_1.1.1.202309131626/tools/bin/../lib/gcc/arm-none-eabi/11.3.1/../../../../arm-none-eabi/lib/thumb/v7-m/nofp\libc_nano.a(libc_a-atof.o) (strtod)
C:/ST/STM32CubeIDE_1.13.2/STM32CubeIDE/plugins/com.st.stm32cube.ide.mcu.externaltools.gnu-tools-for-stm32.11.3.rel1.win32_1.1.1.202309131626/tools/bin/../lib/gcc/arm-none-eabi/11.3.1/../../../../arm-none-eabi/lib/thumb/v7-m/nofp\libc_nano.a(libc_a-strtol.o)
                              ./Core/Src/binaryExpression.o (strtol)
C:/ST/STM32CubeIDE_1.13.2/STM32CubeIDE/plugins/com.st.stm32cube.ide.mcu.externaltools.gnu-tools-for-stm32.11.3.rel1.win32_1.1.1.202309131626/tools/bin/../lib/gcc/arm-none-eabi/11.3.1/../../../../arm-none-eabi/lib/thumb/v7-m/nofp\libc_nano.a(libc_a-ctype_.o)
                              C:/ST/STM32CubeIDE_1.13.2/STM32CubeIDE/plugins/com.st.stm32cube.ide.mcu.externaltools.gnu-tools-for-stm32.11.3.rel1.win32_1.1.1.202309131626/tools/bin/../lib/gcc/arm-none-eabi/11.3.1/../../../../arm-none-eabi/lib/thumb/v7-m/nofp\libc_nano.a(libc_a-strtol.o) (_ctype_)
C:/ST/STM32CubeIDE_1.13.2/STM32CubeIDE/plugins/com.st.stm32cube.ide.mcu.externaltools.gnu-tools-for-stm32.11.3.rel1.win32_1.1.1.202309131626/tools/bin/../lib/gcc/arm-none-eabi/11.3.1/../../../../arm-none-eabi/lib/thumb/v7-m/nofp\libc_nano.a(libc_a-findfp.o)
                              C:/ST/STM32CubeIDE_1.13.2/STM32CubeIDE/plugins/com.st.stm32cube.ide.mcu.externaltools.gnu-tools-for-stm32.11.3.rel1.win32_1.1.1.202309131626/tools/bin/../lib/gcc/arm-none-eabi/11.3.1/../../../../arm-none-eabi/lib/thumb/v7-m/nofp\libc_nano.a(libc_a-exit.o) (__stdio_exit_handler)
C:/ST/STM32CubeIDE_1.13.2/STM32CubeIDE/plugins/com.st.stm32cube.ide.mcu.externaltools.gnu-tools-for-stm32.11.3.rel1.win32_1.1.1.202309131626/tools/bin/../lib/gcc/arm-none-eabi/11.3.1/../../../../arm-none-eabi/lib/thumb/v7-m/nofp\libc_nano.a(libc_a-fwalk.o)
                              C:/ST/STM32CubeIDE_1.13.2/STM32CubeIDE/plugins/com.st.stm32cube.ide.mcu.externaltools.gnu-tools-for-stm32.11.3.rel1.win32_1.1.1.202309131626/tools/bin/../lib/gcc/arm-none-eabi/11.3.1/../../../../arm-none-eabi/lib/thumb/v7-m/nofp\libc_nano.a(libc_a-findfp.o) (_fwalk_sglue)
[...]
Memory Configuration

Name             Origin             Length             Attributes
RAM              0x0000000020000000 0x000000000000c000 xrw
FLASH            0x0000000008000000 0x0000000000040000 xr
*default*        0x0000000000000000 0xffffffffffffffff

Linker script and memory map

LOAD C:/ST/STM32CubeIDE_1.13.2/STM32CubeIDE/plugins/com.st.stm32cube.ide.mcu.externaltools.gnu-tools-for-stm32.11.3.rel1.win32_1.1.1.202309131626/tools/bin/../lib/gcc/arm-none-eabi/11.3.1/thumb/v7-m/nofp/crti.o
LOAD C:/ST/STM32CubeIDE_1.13.2/STM32CubeIDE/plugins/com.st.stm32cube.ide.mcu.externaltools.gnu-tools-for-stm32.11.3.rel1.win32_1.1.1.202309131626/tools/bin/../lib/gcc/arm-none-eabi/11.3.1/thumb/v7-m/nofp/crtbegin.o
LOAD C:/ST/STM32CubeIDE_1.13.2/STM32CubeIDE/plugins/com.st.stm32cube.ide.mcu.externaltools.gnu-tools-for-stm32.11.3.rel1.win32_1.1.1.202309131626/tools/bin/../lib/gcc/arm-none-eabi/11.3.1/../../../../arm-none-eabi/lib/thumb/v7-m/nofp/crt0.o
LOAD ./Core/Src/24cxx.o
LOAD ./Core/Src/binaryExpression.o
LOAD ./Core/Src/calc.o
LOAD ./Core/Src/calcExpression.o
LOAD ./Core/Src/ctiic.o
LOAD ./Core/Src/delay.o
LOAD ./Core/Src/ft5206.o
LOAD ./Core/Src/gpio.o
LOAD ./Core/Src/gt9147.o
LOAD ./Core/Src/lcd.o
LOAD ./Core/Src/main.o
LOAD ./Core/Src/myiic.o
LOAD ./Core/Src/ott2001a.o
LOAD ./Core/Src/rtc.o
LOAD ./Core/Src/solveEquation.o
LOAD ./Core/Src/stack.o
LOAD ./Core/Src/stm32f1xx_hal_msp.o
LOAD ./Core/Src/stm32f1xx_it.o
LOAD ./Core/Src/sys.o
LOAD ./Core/Src/syscalls.o
LOAD ./Core/Src/sysmem.o
LOAD ./Core/Src/system_stm32f1xx.o
LOAD ./Core/Src/tim.o
LOAD ./Core/Src/touch.o
LOAD ./Core/Src/usart.o
LOAD ./Core/Src/utils.o
LOAD ./Core/Startup/startup_stm32f103rctx.o
LOAD ./Drivers/STM32F1xx_HAL_Driver/Src/stm32f1xx_hal.o
LOAD ./Drivers/STM32F1xx_HAL_Driver/Src/stm32f1xx_hal_cortex.o
LOAD ./Drivers/STM32F1xx_HAL_Driver/Src/stm32f1xx_hal_dma.o
LOAD ./Drivers/STM32F1xx_HAL_Driver/Src/stm32f1xx_hal_exti.o
LOAD ./Drivers/STM32F1xx_HAL_Driver/Src/stm32f1xx_hal_flash.o
LOAD ./Drivers/STM32F1xx_HAL_Driver/Src/stm32f1xx_hal_flash_ex.o
LOAD ./Drivers/STM32F1xx_HAL_Driver/Src/stm32f1xx_hal_gpio.o
LOAD ./Drivers/STM32F1xx_HAL_Driver/Src/stm32f1xx_hal_gpio_ex.o
LOAD ./Drivers/STM32F1xx_HAL_Driver/Src/stm32f1xx_hal_pwr.o
LOAD ./Drivers/STM32F1xx_HAL_Driver/Src/stm32f1xx_hal_rcc.o
LOAD ./Drivers/STM32F1xx_HAL_Driver/Src/stm32f1xx_hal_rcc_ex.o
LOAD ./Drivers/STM32F1xx_HAL_Driver/Src/stm32f1xx_hal_rtc.o
LOAD ./Drivers/STM32F1xx_HAL_Driver/Src/stm32f1xx_hal_rtc_ex.o
LOAD ./Drivers/STM32F1xx_HAL_Driver/Src/stm32f1xx_hal_tim.o
LOAD ./Drivers/STM32F1xx_HAL_Driver/Src/stm32f1xx_hal_tim_ex.o
LOAD ./Drivers/STM32F1xx_HAL_Driver/Src/stm32f1xx_hal_uart.o
START GROUP
LOAD C:/ST/STM32CubeIDE_1.13.2/STM32CubeIDE/plugins/com.st.stm32cube.ide.mcu.externaltools.gnu-tools-for-stm32.11.3.rel1.win32_1.1.1.202309131626/tools/bin/../lib/gcc/arm-none-eabi/11.3.1/../../../../arm-none-eabi/lib/thumb/v7-m/nofp\libc_nano.a
LOAD C:/ST/STM32CubeIDE_1.13.2/STM32CubeIDE/plugins/com.st.stm32cube.ide.mcu.externaltools.gnu-tools-for-stm32.11.3.rel1.win32_1.1.1.202309131626/tools/bin/../lib/gcc/arm-none-eabi/11.3.1/../../../../arm-none-eabi/lib/thumb/v7-m/nofp\libm.a
END GROUP
START GROUP
LOAD C:/ST/STM32CubeIDE_1.13.2/STM32CubeIDE/plugins/com.st.stm32cube.ide.mcu.externaltools.gnu-tools-for-stm32.11.3.rel1.win32_1.1.1.202309131626/tools/bin/../lib/gcc/arm-none-eabi/11.3.1/thumb/v7-m/nofp\libgcc.a
LOAD C:/ST/STM32CubeIDE_1.13.2/STM32CubeIDE/plugins/com.st.stm32cube.ide.mcu.externaltools.gnu-tools-for-stm32.11.3.rel1.win32_1.1.1.202309131626/tools/bin/../lib/gcc/arm-none-eabi/11.3.1/../../../../arm-none-eabi/lib/thumb/v7-m/nofp\libc_nano.a
END GROUP
START GROUP
LOAD C:/ST/STM32CubeIDE_1.13.2/STM32CubeIDE/plugins/com.st.stm32cube.ide.mcu.externaltools.gnu-tools-for-stm32.11.3.rel1.win32_1.1.1.202309131626/tools/bin/../lib/gcc/arm-none-eabi/11.3.1/thumb/v7-m/nofp\libgcc.a
LOAD C:/ST/STM32CubeIDE_1.13.2/STM32CubeIDE/plugins/com.st.stm32cube.ide.mcu.externaltools.gnu-tools-for-stm32.11.3.rel1.win32_1.1.1.202309131626/tools/bin/../lib/gcc/arm-none-eabi/11.3.1/../../../../arm-none-eabi/lib/thumb/v7-m/nofp\libc_nano.a
LOAD C:/ST/STM32CubeIDE_1.13.2/STM32CubeIDE/plugins/com.st.stm32cube.ide.mcu.externaltools.gnu-tools-for-stm32.11.3.rel1.win32_1.1.1.202309131626/tools/bin/../lib/gcc/arm-none-eabi/11.3.1/../../../../arm-none-eabi/lib/thumb/v7-m/nofp\libnosys.a
END GROUP
START GROUP
LOAD C:/ST/STM32CubeIDE_1.13.2/STM32CubeIDE/plugins/com.st.stm32cube.ide.mcu.externaltools.gnu-tools-for-stm32.11.3.rel1.win32_1.1.1.202309131626/tools/bin/../lib/gcc/arm-none-eabi/11.3.1/thumb/v7-m/nofp\libgcc.a
LOAD C:/ST/STM32CubeIDE_1.13.2/STM32CubeIDE/plugins/com.st.stm32cube.ide.mcu.externaltools.gnu-tools-for-stm32.11.3.rel1.win32_1.1.1.202309131626/tools/bin/../lib/gcc/arm-none-eabi/11.3.1/../../../../arm-none-eabi/lib/thumb/v7-m/nofp\libc_nano.a
LOAD C:/ST/STM32CubeIDE_1.13.2/STM32CubeIDE/plugins/com.st.stm32cube.ide.mcu.externaltools.gnu-tools-for-stm32.11.3.rel1.win32_1.1.1.202309131626/tools/bin/../lib/gcc/arm-none-eabi/11.3.1/../../../../arm-none-eabi/lib/thumb/v7-m/nofp\libnosys.a
END GROUP
LOAD C:/ST/STM32CubeIDE_1.13.2/STM32CubeIDE/plugins/com.st.stm32cube.ide.mcu.externaltools.gnu-tools-for-stm32.11.3.rel1.win32_1.1.1.202309131626/tools/bin/../lib/gcc/arm-none-eabi/11.3.1/thumb/v7-m/nofp/crtend.o
LOAD C:/ST/STM32CubeIDE_1.13.2/STM32CubeIDE/plugins/com.st.stm32cube.ide.mcu.externaltools.gnu-tools-for-stm32.11.3.rel1.win32_1.1.1.202309131626/tools/bin/../lib/gcc/arm-none-eabi/11.3.1/thumb/v7-m/nofp/crtn.o
                0x000000002000c000                _estack = (ORIGIN (RAM) + LENGTH (RAM))
                0x0000000000000200                _Min_Heap_Size = 0x200
                0x0000000000000400                _Min_Stack_Size = 0x400

.isr_vector     0x0000000008000000      0x1e4
                0x0000000008000000                . = ALIGN (0x4)
 *(.isr_vector)
 .isr_vector    0x0000000008000000      0x1e4 ./Core/Startup/startup_stm32f103rctx.o
                0x0000000008000000                g_pfnVectors
                0x00000000080001e4                . = ALIGN (0x4)

.text           0x00000000080001e8    0x13884
                0x00000000080001e8                . = ALIGN (0x4)
 *(.text)
 .text          0x00000000080001e8       0x40 C:/ST/STM32CubeIDE_1.13.2/STM32CubeIDE/plugins/com.st.stm32cube.ide.mcu.externaltools.gnu-tools-for-stm32.11.3.rel1.win32_1.1.1.202309131626/tools/bin/../lib/gcc/arm-none-eabi/11.3.1/thumb/v7-m/nofp/crtbegin.o
 .text          0x0000000008000228       0x14 C:/ST/STM32CubeIDE_1.13.2/STM32CubeIDE/plugins/com.st.stm32cube.ide.mcu.externaltools.gnu-tools-for-stm32.11.3.rel1.win32_1.1.1.202309131626/tools/bin/../lib/gcc/arm-none-eabi/11.3.1/../../../../arm-none-eabi/lib/thumb/v7-m/nofp\libc_nano.a(libc_a-strcmp.o)
                0x0000000008000228                strcmp
 .text          0x000000000800023c       0x10 C:/ST/STM32CubeIDE_1.13.2/STM32CubeIDE/plugins/com.st.stm32cube.ide.mcu.externaltools.gnu-tools-for-stm32.11.3.rel1.win32_1.1.1.202309131626/tools/bin/../lib/gcc/arm-none-eabi/11.3.1/../../../../arm-none-eabi/lib/thumb/v7-m/nofp\libc_nano.a(libc_a-strlen.o)
                0x000000000800023c                strlen
 .text          0x000000000800024c      0x378 C:/ST/STM32CubeIDE_1.13.2/STM32CubeIDE/plugins/com.st.stm32cube.ide.mcu.externaltools.gnu-tools-for-stm32.11.3.rel1.win32_1.1.1.202309131626/tools/bin/../lib/gcc/arm-none-eabi/11.3.1/thumb/v7-m/nofp\libgcc.a(_arm_addsubdf3.o)
                0x000000000800024c                __aeabi_drsub
                0x0000000008000254                __aeabi_dsub
                0x0000000008000254                __subdf3
                0x0000000008000258                __aeabi_dadd
                0x0000000008000258                __adddf3
                0x00000000080004d0                __floatunsidf
                0x00000000080004d0                __aeabi_ui2d
                0x00000000080004f0                __floatsidf
                0x00000000080004f0                __aeabi_i2d
                0x0000000008000514                __aeabi_f2d
                0x0000000008000514                __extendsfdf2
                0x0000000008000558                __floatundidf
                0x0000000008000558                __aeabi_ul2d
                0x0000000008000568                __floatdidf
                0x0000000008000568                __aeabi_l2d
 .text          0x00000000080005c4      0x424 C:/ST/STM32CubeIDE_1.13.2/STM32CubeIDE/plugins/com.st.stm32cube.ide.mcu.externaltools.gnu-tools-for-stm32.11.3.rel1.win32_1.1.1.202309131626/tools/bin/../lib/gcc/arm-none-eabi/11.3.1/thumb/v7-m/nofp\libgcc.a(_arm_muldivdf3.o)
                0x00000000080005c4                __aeabi_dmul
                0x00000000080005c4                __muldf3
                0x0000000008000818                __divdf3
                0x0000000008000818                __aeabi_ddiv
 .text          0x00000000080009e8      0x110 C:/ST/STM32CubeIDE_1.13.2/STM32CubeIDE/plugins/com.st.stm32cube.ide.mcu.externaltools.gnu-tools-for-stm32.11.3.rel1.win32_1.1.1.202309131626/tools/bin/../lib/gcc/arm-none-eabi/11.3.1/thumb/v7-m/nofp\libgcc.a(_arm_cmpdf2.o)
                0x00000000080009e8                __gtdf2
                0x00000000080009e8                __gedf2
                0x00000000080009f0                __ltdf2
                0x00000000080009f0                __ledf2
                0x00000000080009f8                __nedf2
                0x00000000080009f8                __eqdf2
                0x00000000080009f8                __cmpdf2
                0x0000000008000a74                __aeabi_cdrcmple
                0x0000000008000a84                __aeabi_cdcmpeq
                0x0000000008000a84                __aeabi_cdcmple
                0x0000000008000a94                __aeabi_dcmpeq
                0x0000000008000aa8                __aeabi_dcmplt
                0x0000000008000abc                __aeabi_dcmple
                0x0000000008000ad0                __aeabi_dcmpge
                0x0000000008000ae4                __aeabi_dcmpgt
 .text          0x0000000008000af8       0x2c C:/ST/STM32CubeIDE_1.13.2/STM32CubeIDE/plugins/com.st.stm32cube.ide.mcu.externaltools.gnu-tools-for-stm32.11.3.rel1.win32_1.1.1.202309131626/tools/bin/../lib/gcc/arm-none-eabi/11.3.1/thumb/v7-m/nofp\libgcc.a(_arm_unorddf2.o)
                0x0000000008000af8                __unorddf2
                0x0000000008000af8                __aeabi_dcmpun
 .text          0x0000000008000b24       0x40 C:/ST/STM32CubeIDE_1.13.2/STM32CubeIDE/plugins/com.st.stm32cube.ide.mcu.externaltools.gnu-tools-for-stm32.11.3.rel1.win32_1.1.1.202309131626/tools/bin/../lib/gcc/arm-none-eabi/11.3.1/thumb/v7-m/nofp\libgcc.a(_arm_fixunsdfsi.o)
                0x0000000008000b24                __aeabi_d2uiz
                0x0000000008000b24                __fixunsdfsi
 .text          0x0000000008000b64       0xa0 C:/ST/STM32CubeIDE_1.13.2/STM32CubeIDE/plugins/com.st.stm32cube.ide.mcu.externaltools.gnu-tools-for-stm32.11.3.rel1.win32_1.1.1.202309131626/tools/bin/../lib/gcc/arm-none-eabi/11.3.1/thumb/v7-m/nofp\libgcc.a(_arm_truncdfsf2.o)
                0x0000000008000b64                __truncdfsf2
                0x0000000008000b64                __aeabi_d2f
 .text          0x0000000008000c04      0x21c C:/ST/STM32CubeIDE_1.13.2/STM32CubeIDE/plugins/com.st.stm32cube.ide.mcu.externaltools.gnu-tools-for-stm32.11.3.rel1.win32_1.1.1.202309131626/tools/bin/../lib/gcc/arm-none-eabi/11.3.1/thumb/v7-m/nofp\libgcc.a(_arm_addsubsf3.o)
                0x0000000008000c04                __aeabi_frsub
                0x0000000008000c0c                __subsf3
                0x0000000008000c0c                __aeabi_fsub
                0x0000000008000c10                __aeabi_fadd
                0x0000000008000c10                __addsf3
                0x0000000008000d70                __aeabi_ui2f
                0x0000000008000d70                __floatunsisf
                0x0000000008000d78                __aeabi_i2f
                0x0000000008000d78                __floatsisf
                0x0000000008000d94                __aeabi_ul2f
                0x0000000008000d94                __floatundisf
                0x0000000008000da4                __aeabi_l2f
                0x0000000008000da4                __floatdisf
 .text          0x0000000008000e20      0x2a0 C:/ST/STM32CubeIDE_1.13.2/STM32CubeIDE/plugins/com.st.stm32cube.ide.mcu.externaltools.gnu-tools-for-stm32.11.3.rel1.win32_1.1.1.202309131626/tools/bin/../lib/gcc/arm-none-eabi/11.3.1/thumb/v7-m/nofp\libgcc.a(_arm_muldivsf3.o)
                0x0000000008000e20                __mulsf3
                0x0000000008000e20                __aeabi_fmul
                0x0000000008000f88                __aeabi_fdiv
                0x0000000008000f88                __divsf3
 .text          0x00000000080010c0       0xec C:/ST/STM32CubeIDE_1.13.2/STM32CubeIDE/plugins/com.st.stm32cube.ide.mcu.externaltools.gnu-tools-for-stm32.11.3.rel1.win32_1.1.1.202309131626/tools/bin/../lib/gcc/arm-none-eabi/11.3.1/thumb/v7-m/nofp\libgcc.a(_arm_cmpsf2.o)
                0x00000000080010c0                __gesf2
                0x00000000080010c0                __gtsf2
                0x00000000080010c8                __lesf2
                0x00000000080010c8                __ltsf2
                0x00000000080010d0                __nesf2
                0x00000000080010d0                __eqsf2
                0x00000000080010d0                __cmpsf2
                0x0000000008001130                __aeabi_cfrcmple
                0x0000000008001138                __aeabi_cfcmpeq
                0x0000000008001138                __aeabi_cfcmple
                0x0000000008001148                __aeabi_fcmpeq
                0x000000000800115c                __aeabi_fcmplt
                0x0000000008001170                __aeabi_fcmple
                0x0000000008001184                __aeabi_fcmpge
                0x0000000008001198                __aeabi_fcmpgt
 .text          0x00000000080011ac       0x4c C:/ST/STM32CubeIDE_1.13.2/STM32CubeIDE/plugins/com.st.stm32cube.ide.mcu.externaltools.gnu-tools-for-stm32.11.3.rel1.win32_1.1.1.202309131626/tools/bin/../lib/gcc/arm-none-eabi/11.3.1/thumb/v7-m/nofp\libgcc.a(_arm_fixsfsi.o)
                0x00000000080011ac                __aeabi_f2iz
                0x00000000080011ac                __fixsfsi
 .text          0x00000000080011f8       0x40 C:/ST/STM32CubeIDE_1.13.2/STM32CubeIDE/plugins/com.st.stm32cube.ide.mcu.externaltools.gnu-tools-for-stm32.11.3.rel1.win32_1.1.1.202309131626/tools/bin/../lib/gcc/arm-none-eabi/11.3.1/thumb/v7-m/nofp\libgcc.a(_arm_fixunssfsi.o)
                0x00000000080011f8                __fixunssfsi
                0x00000000080011f8                __aeabi_f2uiz
 .text          0x0000000008001238       0xa0 C:/ST/STM32CubeIDE_1.13.2/STM32CubeIDE/plugins/com.st.stm32cube.ide.mcu.externaltools.gnu-tools-for-stm32.11.3.rel1.win32_1.1.1.202309131626/tools/bin/../lib/gcc/arm-none-eabi/11.3.1/thumb/v7-m/nofp\libgcc.a(_aeabi_ldivmod.o)
                0x0000000008001238                __aeabi_ldivmod
 .text          0x00000000080012d8       0x34 C:/ST/STM32CubeIDE_1.13.2/STM32CubeIDE/plugins/com.st.stm32cube.ide.mcu.externaltools.gnu-tools-for-stm32.11.3.rel1.win32_1.1.1.202309131626/tools/bin/../lib/gcc/arm-none-eabi/11.3.1/thumb/v7-m/nofp\libgcc.a(_fixdfdi.o)
                0x00000000080012d8                __fixdfdi
                0x00000000080012d8                __aeabi_d2lz
 .text          0x000000000800130c       0x3c C:/ST/STM32CubeIDE_1.13.2/STM32CubeIDE/plugins/com.st.stm32cube.ide.mcu.externaltools.gnu-tools-for-stm32.11.3.rel1.win32_1.1.1.202309131626/tools/bin/../lib/gcc/arm-none-eabi/11.3.1/thumb/v7-m/nofp\libgcc.a(_fixunsdfdi.o)
                0x000000000800130c                __fixunsdfdi
                0x000000000800130c                __aeabi_d2ulz
 .text          0x0000000008001348      0x2cc C:/ST/STM32CubeIDE_1.13.2/STM32CubeIDE/plugins/com.st.stm32cube.ide.mcu.externaltools.gnu-tools-for-stm32.11.3.rel1.win32_1.1.1.202309131626/tools/bin/../lib/gcc/arm-none-eabi/11.3.1/thumb/v7-m/nofp\libgcc.a(_udivmoddi4.o)
                0x0000000008001348                __udivmoddi4
 .text          0x0000000008001614        0x4 C:/ST/STM32CubeIDE_1.13.2/STM32CubeIDE/plugins/com.st.stm32cube.ide.mcu.externaltools.gnu-tools-for-stm32.11.3.rel1.win32_1.1.1.202309131626/tools/bin/../lib/gcc/arm-none-eabi/11.3.1/thumb/v7-m/nofp\libgcc.a(_dvmd_tls.o)
                0x0000000008001614                __aeabi_idiv0
                0x0000000008001614                __aeabi_ldiv0
 *(.text*)
 .text.AT24CXX_Init
                0x0000000008001618        0xc ./Core/Src/24cxx.o
                0x0000000008001618                AT24CXX_Init
 .text.AT24CXX_ReadOneByte
                0x0000000008001624       0x60 ./Core/Src/24cxx.o
                0x0000000008001624                AT24CXX_ReadOneByte
 .text.AT24CXX_WriteOneByte
                0x0000000008001684       0x5a ./Core/Src/24cxx.o
                0x0000000008001684                AT24CXX_WriteOneByte
 .text.AT24CXX_Read
                0x00000000080016de       0x3e ./Core/Src/24cxx.o
                0x00000000080016de                AT24CXX_Read
 .text.AT24CXX_Write
                0x000000000800171c       0x40 ./Core/Src/24cxx.o
                0x000000000800171c                AT24CXX_Write
 .text.decimalToStr
                0x000000000800175c       0xc2 ./Core/Src/binaryExpression.o
                0x000000000800175c                decimalToStr
 .text.CalcBinaryExpression
                0x000000000800181e      0x1c2 ./Core/Src/binaryExpression.o
                0x000000000800181e                CalcBinaryExpression
 .text.cal_loc  0x00000000080019e0      0x104 ./Core/Src/calcExpression.o
                0x00000000080019e0                cal_loc
 .text.CalcExpression
                0x0000000008001ae4      0x4e8 ./Core/Src/calcExpression.o
                0x0000000008001ae4                CalcExpression
 .text.CT_Delay
                0x0000000008001fcc        0xe ./Core/Src/ctiic.o
                0x0000000008001fcc                CT_Delay
 *fill*         0x0000000008001fda        0x2 
 .text.CT_IIC_Init
                0x0000000008001fdc       0x60 ./Core/Src/ctiic.o
                0x0000000008001fdc                CT_IIC_Init
 .text.CT_IIC_Start
                0x000000000800203c       0x50 ./Core/Src/ctiic.o
                0x000000000800203c                CT_IIC_Start
 .text.CT_IIC_Stop
                0x000000000800208c       0x48 ./Core/Src/ctiic.o
                0x000000000800208c                CT_IIC_Stop
 .text.CT_IIC_Wait_Ack
                0x00000000080020d4       0x74 ./Core/Src/ctiic.o
                0x00000000080020d4                CT_IIC_Wait_Ack
 .text.CT_IIC_Ack
                0x0000000008002148       0x50 ./Core/Src/ctiic.o
                0x0000000008002148                CT_IIC_Ack
 .text.CT_IIC_NAck
                0x0000000008002198       0x50 ./Core/Src/ctiic.o
                0x0000000008002198                CT_IIC_NAck
 .text.CT_IIC_Send_Byte
                0x00000000080021e8       0x78 ./Core/Src/ctiic.o
                0x00000000080021e8                CT_IIC_Send_Byte
 .text.CT_IIC_Read_Byte
                0x0000000008002260       0x88 ./Core/Src/ctiic.o
                0x0000000008002260                CT_IIC_Read_Byte
 .text.delay_init
                0x00000000080022e8       0x24 ./Core/Src/delay.o
                0x00000000080022e8                delay_init
 .text.delay_us
                0x000000000800230c       0x7c ./Core/Src/delay.o
                0x000000000800230c                delay_us
 .text.delay_ms
                0x0000000008002388       0x30 ./Core/Src/delay.o
                0x0000000008002388                delay_ms
 .text.FT5206_WR_Reg
                0x00000000080023b8       0x72 ./Core/Src/ft5206.o
                0x00000000080023b8                FT5206_WR_Reg
 .text.FT5206_RD_Reg
                0x000000000800242a       0x7c ./Core/Src/ft5206.o
                0x000000000800242a                FT5206_RD_Reg
 *fill*         0x00000000080024a6        0x2 
 .text.FT5206_Init
                0x00000000080024a8       0xf4 ./Core/Src/ft5206.o
                0x00000000080024a8                FT5206_Init
 .text.FT5206_Scan
                0x000000000800259c      0x230 ./Core/Src/ft5206.o
                0x000000000800259c                FT5206_Scan
 .text.MX_GPIO_Init
                0x00000000080027cc      0x148 ./Core/Src/gpio.o
                0x00000000080027cc                MX_GPIO_Init
 .text.GT9147_Send_Cfg
                0x0000000008002914       0x68 ./Core/Src/gt9147.o
                0x0000000008002914                GT9147_Send_Cfg
 .text.GT9147_WR_Reg
                0x000000000800297c       0x84 ./Core/Src/gt9147.o
                0x000000000800297c                GT9147_WR_Reg
 .text.GT9147_RD_Reg
                0x0000000008002a00       0x8e ./Core/Src/gt9147.o
                0x0000000008002a00                GT9147_RD_Reg
 *fill*         0x0000000008002a8e        0x2 
 .text.GT9147_Init
                0x0000000008002a90      0x138 ./Core/Src/gt9147.o
                0x0000000008002a90                GT9147_Init
 .text.GT9147_Scan
                0x0000000008002bc8      0x274 ./Core/Src/gt9147.o
                0x0000000008002bc8                GT9147_Scan
 .text.LCD_WR_REG
                0x0000000008002e3c       0x48 ./Core/Src/lcd.o
                0x0000000008002e3c                LCD_WR_REG
 .text.LCD_WR_DATAX
                0x0000000008002e84       0x48 ./Core/Src/lcd.o
                0x0000000008002e84                LCD_WR_DATAX
 .text.LCD_RD_DATA
                0x0000000008002ecc       0x88 ./Core/Src/lcd.o
                0x0000000008002ecc                LCD_RD_DATA
 .text.LCD_WriteReg
                0x0000000008002f54       0x54 ./Core/Src/lcd.o
                0x0000000008002f54                LCD_WriteReg
 .text.LCD_ReadReg
                0x0000000008002fa8       0x20 ./Core/Src/lcd.o
                0x0000000008002fa8                LCD_ReadReg
 .text.LCD_WriteRAM_Prepare
                0x0000000008002fc8       0x18 ./Core/Src/lcd.o
                0x0000000008002fc8                LCD_WriteRAM_Prepare
 .text.LCD_SetCursor
                0x0000000008002fe0      0x598 ./Core/Src/lcd.o
                0x0000000008002fe0                LCD_SetCursor
 .text.LCD_Scan_Dir
                0x0000000008003578      0x624 ./Core/Src/lcd.o
                0x0000000008003578                LCD_Scan_Dir
 .text.LCD_DrawPoint
                0x0000000008003b9c       0x60 ./Core/Src/lcd.o
                0x0000000008003b9c                LCD_DrawPoint
 .text.LCD_Fast_DrawPoint
                0x0000000008003bfc      0x52c ./Core/Src/lcd.o
                0x0000000008003bfc                LCD_Fast_DrawPoint
 .text.LCD_SSD_BackLightSet
                0x0000000008004128      0x148 ./Core/Src/lcd.o
                0x0000000008004128                LCD_SSD_BackLightSet
 .text.LCD_Display_Dir
                0x0000000008004270      0x218 ./Core/Src/lcd.o
                0x0000000008004270                LCD_Display_Dir
 .text.LCD_Init
                0x0000000008004488     0x3e5c ./Core/Src/lcd.o
                0x0000000008004488                LCD_Init
 .text.LCD_Clear
                0x00000000080082e4       0xc4 ./Core/Src/lcd.o
                0x00000000080082e4                LCD_Clear
 .text.LCD_DrawLine
                0x00000000080083a8      0x108 ./Core/Src/lcd.o
                0x00000000080083a8                LCD_DrawLine
 .text.LCD_Draw_Circle
                0x00000000080084b0      0x13a ./Core/Src/lcd.o
                0x00000000080084b0                LCD_Draw_Circle
 *fill*         0x00000000080085ea        0x2 
 .text.LCD_ShowChar
                0x00000000080085ec      0x15c ./Core/Src/lcd.o
                0x00000000080085ec                LCD_ShowChar
 .text.LCD_Pow  0x0000000008008748       0x36 ./Core/Src/lcd.o
                0x0000000008008748                LCD_Pow
 *fill*         0x000000000800877e        0x2 
 .text.LCD_ShowNum
                0x0000000008008780       0xe4 ./Core/Src/lcd.o
                0x0000000008008780                LCD_ShowNum
 .text.LCD_ShowString
                0x0000000008008864       0x9a ./Core/Src/lcd.o
                0x0000000008008864                LCD_ShowString
 .text.LCD_ShowPicture
                0x00000000080088fe       0x6e ./Core/Src/lcd.o
                0x00000000080088fe                LCD_ShowPicture
 .text.rtp_test
                0x000000000800896c      0x128 ./Core/Src/main.o
                0x000000000800896c                rtp_test
 .text.main     0x0000000008008a94       0x64 ./Core/Src/main.o
                0x0000000008008a94                main
 .text.SystemClock_Config
                0x0000000008008af8       0xbe ./Core/Src/main.o
                0x0000000008008af8                SystemClock_Config
 .text.Error_Handler
                0x0000000008008bb6        0xa ./Core/Src/main.o
                0x0000000008008bb6                Error_Handler
 .text.IIC_Init
                0x0000000008008bc0       0x60 ./Core/Src/myiic.o
                0x0000000008008bc0                IIC_Init
 .text.IIC_Start
                0x0000000008008c20       0x50 ./Core/Src/myiic.o
                0x0000000008008c20                IIC_Start
 .text.IIC_Stop
                0x0000000008008c70       0x50 ./Core/Src/myiic.o
                0x0000000008008c70                IIC_Stop
 .text.IIC_Wait_Ack
                0x0000000008008cc0       0x78 ./Core/Src/myiic.o
                0x0000000008008cc0                IIC_Wait_Ack
 .text.IIC_Ack  0x0000000008008d38       0x50 ./Core/Src/myiic.o
                0x0000000008008d38                IIC_Ack
 .text.IIC_NAck
                0x0000000008008d88       0x50 ./Core/Src/myiic.o
                0x0000000008008d88                IIC_NAck
 .text.IIC_Send_Byte
                0x0000000008008dd8       0x80 ./Core/Src/myiic.o
                0x0000000008008dd8                IIC_Send_Byte
 .text.IIC_Read_Byte
                0x0000000008008e58       0x8c ./Core/Src/myiic.o
                0x0000000008008e58                IIC_Read_Byte
 .text.OTT2001A_WR_Reg
                0x0000000008008ee4       0x84 ./Core/Src/ott2001a.o
                0x0000000008008ee4                OTT2001A_WR_Reg
 .text.OTT2001A_RD_Reg
                0x0000000008008f68       0x8e ./Core/Src/ott2001a.o
                0x0000000008008f68                OTT2001A_RD_Reg
 .text.OTT2001A_SensorControl
                0x0000000008008ff6       0x30 ./Core/Src/ott2001a.o
                0x0000000008008ff6                OTT2001A_SensorControl
 *fill*         0x0000000008009026        0x2 
 .text.OTT2001A_Init
                0x0000000008009028       0xb0 ./Core/Src/ott2001a.o
                0x0000000008009028                OTT2001A_Init
 .text.OTT2001A_Scan
                0x00000000080090d8      0x254 ./Core/Src/ott2001a.o
                0x00000000080090d8                OTT2001A_Scan
 .text.MX_RTC_Init
                0x000000000800932c      0x140 ./Core/Src/rtc.o
                0x000000000800932c                MX_RTC_Init
 .text.HAL_RTC_MspInit
                0x000000000800946c       0x58 ./Core/Src/rtc.o
                0x000000000800946c                HAL_RTC_MspInit
 .text.HAL_RTCEx_RTCEventCallback
                0x00000000080094c4       0x14 ./Core/Src/rtc.o
                0x00000000080094c4                HAL_RTCEx_RTCEventCallback
 .text.solveLinearEquation
                0x00000000080094d8       0x6c ./Core/Src/solveEquation.o
                0x00000000080094d8                solveLinearEquation
 *fill*         0x0000000008009544        0x4 
 .text.solveQuadraticEquation
                0x0000000008009548      0x1dc ./Core/Src/solveEquation.o
                0x0000000008009548                solveQuadraticEquation
 .text.parseEquation
                0x0000000008009724      0x298 ./Core/Src/solveEquation.o
                0x0000000008009724                parseEquation
 .text.SolveEquation
                0x00000000080099bc       0x8c ./Core/Src/solveEquation.o
                0x00000000080099bc                SolveEquation
 .text.InitStack
                0x0000000008009a48       0x30 ./Core/Src/stack.o
                0x0000000008009a48                InitStack
 .text.pushC    0x0000000008009a78       0x44 ./Core/Src/stack.o
                0x0000000008009a78                pushC
 .text.popC     0x0000000008009abc       0x24 ./Core/Src/stack.o
                0x0000000008009abc                popC
 .text.pushF    0x0000000008009ae0       0x44 ./Core/Src/stack.o
                0x0000000008009ae0                pushF
 .text.popF     0x0000000008009b24       0x28 ./Core/Src/stack.o
                0x0000000008009b24                popF
 .text.HAL_MspInit
                0x0000000008009b4c       0x68 ./Core/Src/stm32f1xx_hal_msp.o
                0x0000000008009b4c                HAL_MspInit
 .text.NMI_Handler
                0x0000000008009bb4        0x6 ./Core/Src/stm32f1xx_it.o
                0x0000000008009bb4                NMI_Handler
 .text.HardFault_Handler
                0x0000000008009bba        0x6 ./Core/Src/stm32f1xx_it.o
                0x0000000008009bba                HardFault_Handler
 .text.MemManage_Handler
                0x0000000008009bc0        0x6 ./Core/Src/stm32f1xx_it.o
                0x0000000008009bc0                MemManage_Handler
 .text.BusFault_Handler
                0x0000000008009bc6        0x6 ./Core/Src/stm32f1xx_it.o
                0x0000000008009bc6                BusFault_Handler
 .text.UsageFault_Handler
                0x0000000008009bcc        0x6 ./Core/Src/stm32f1xx_it.o
                0x0000000008009bcc                UsageFault_Handler
 .text.SVC_Handler
                0x0000000008009bd2        0xc ./Core/Src/stm32f1xx_it.o
                0x0000000008009bd2                SVC_Handler
 .text.DebugMon_Handler
                0x0000000008009bde        0xc ./Core/Src/stm32f1xx_it.o
                0x0000000008009bde                DebugMon_Handler
 .text.PendSV_Handler
                0x0000000008009bea        0xc ./Core/Src/stm32f1xx_it.o
                0x0000000008009bea                PendSV_Handler
 .text.SysTick_Handler
                0x0000000008009bf6        0xc ./Core/Src/stm32f1xx_it.o
                0x0000000008009bf6                SysTick_Handler
 *fill*         0x0000000008009c02        0x2 
 .text.RTC_IRQHandler
                0x0000000008009c04       0x14 ./Core/Src/stm32f1xx_it.o
                0x0000000008009c04                RTC_IRQHandler
 .text.EXTI0_IRQHandler
                0x0000000008009c18        0xe ./Core/Src/stm32f1xx_it.o
                0x0000000008009c18                EXTI0_IRQHandler
 .text.EXTI9_5_IRQHandler
                0x0000000008009c26        0xe ./Core/Src/stm32f1xx_it.o
                0x0000000008009c26                EXTI9_5_IRQHandler
 .text.TIM3_IRQHandler
                0x0000000008009c34       0x14 ./Core/Src/stm32f1xx_it.o
                0x0000000008009c34                TIM3_IRQHandler
 .text.USART1_IRQHandler
                0x0000000008009c48       0x20 ./Core/Src/stm32f1xx_it.o
                0x0000000008009c48                USART1_IRQHandler
 .text.EXTI15_10_IRQHandler
                0x0000000008009c68       0x10 ./Core/Src/stm32f1xx_it.o
                0x0000000008009c68                EXTI15_10_IRQHandler
 .text.HAL_UART_RxCpltCallback
                0x0000000008009c78       0x68 ./Core/Src/stm32f1xx_it.o
                0x0000000008009c78                HAL_UART_RxCpltCallback
 .text.HAL_GPIO_EXTI_Callback
                0x0000000008009ce0       0x78 ./Core/Src/stm32f1xx_it.o
                0x0000000008009ce0                HAL_GPIO_EXTI_Callback
 .text.Stm32_Clock_Init
                0x0000000008009d58       0x7e ./Core/Src/sys.o
                0x0000000008009d58                Stm32_Clock_Init
 .text._getpid  0x0000000008009dd6        0xe ./Core/Src/syscalls.o
                0x0000000008009dd6                _getpid
 .text._kill    0x0000000008009de4       0x20 ./Core/Src/syscalls.o
                0x0000000008009de4                _kill
 .text._exit    0x0000000008009e04       0x14 ./Core/Src/syscalls.o
                0x0000000008009e04                _exit
 .text._read    0x0000000008009e18       0x3a ./Core/Src/syscalls.o
                0x0000000008009e18                _read
 .text._write   0x0000000008009e52       0x38 ./Core/Src/syscalls.o
                0x0000000008009e52                _write
 .text._close   0x0000000008009e8a       0x16 ./Core/Src/syscalls.o
                0x0000000008009e8a                _close
 .text._fstat   0x0000000008009ea0       0x1e ./Core/Src/syscalls.o
                0x0000000008009ea0                _fstat
 .text._isatty  0x0000000008009ebe       0x14 ./Core/Src/syscalls.o
                0x0000000008009ebe                _isatty
 .text._lseek   0x0000000008009ed2       0x18 ./Core/Src/syscalls.o
                0x0000000008009ed2                _lseek
 *fill*         0x0000000008009eea        0x2 
 .text._sbrk    0x0000000008009eec       0x6c ./Core/Src/sysmem.o
                0x0000000008009eec                _sbrk
 .text.SystemInit
                0x0000000008009f58        0xc ./Core/Src/system_stm32f1xx.o
                0x0000000008009f58                SystemInit
 .text.MX_TIM3_Init
                0x0000000008009f64       0x9c ./Core/Src/tim.o
                0x0000000008009f64                MX_TIM3_Init
 .text.HAL_TIM_Base_MspInit
                0x000000000800a000       0x4c ./Core/Src/tim.o
                0x000000000800a000                HAL_TIM_Base_MspInit
 .text.TP_Write_Byte
                0x000000000800a04c       0x60 ./Core/Src/touch.o
                0x000000000800a04c                TP_Write_Byte
 .text.TP_Read_AD
                0x000000000800a0ac       0xb0 ./Core/Src/touch.o
                0x000000000800a0ac                TP_Read_AD
 .text.TP_Read_XOY
                0x000000000800a15c       0xf4 ./Core/Src/touch.o
                0x000000000800a15c                TP_Read_XOY
 .text.TP_Read_XY
                0x000000000800a250       0x44 ./Core/Src/touch.o
                0x000000000800a250                TP_Read_XY
 .text.TP_Read_XY2
                0x000000000800a294       0xc4 ./Core/Src/touch.o
                0x000000000800a294                TP_Read_XY2
 .text.TP_Drow_Touch_Point
                0x000000000800a358       0xa8 ./Core/Src/touch.o
                0x000000000800a358                TP_Drow_Touch_Point
 .text.TP_Scan  0x000000000800a400      0x13c ./Core/Src/touch.o
                0x000000000800a400                TP_Scan
 .text.TP_Save_Adjdata
                0x000000000800a53c       0x20 ./Core/Src/touch.o
                0x000000000800a53c                TP_Save_Adjdata
 .text.TP_Get_Adjdata
                0x000000000800a55c       0x64 ./Core/Src/touch.o
                0x000000000800a55c                TP_Get_Adjdata
 .text.TP_Adj_Info_Show
                0x000000000800a5c0      0x1c4 ./Core/Src/touch.o
                0x000000000800a5c0                TP_Adj_Info_Show
 *fill*         0x000000000800a784        0x4 
 .text.TP_Adjust
                0x000000000800a788      0x878 ./Core/Src/touch.o
                0x000000000800a788                TP_Adjust
 .text.TP_Init  0x000000000800b000      0x154 ./Core/Src/touch.o
                0x000000000800b000                TP_Init
 .text.MX_USART1_UART_Init
                0x000000000800b154       0x54 ./Core/Src/usart.o
                0x000000000800b154                MX_USART1_UART_Init
 .text.HAL_UART_MspInit
                0x000000000800b1a8       0xa8 ./Core/Src/usart.o
                0x000000000800b1a8                HAL_UART_MspInit
 .text.getDayOfWeekString
                0x000000000800b250       0x38 ./Core/Src/utils.o
                0x000000000800b250                getDayOfWeekString
 .text.draw_initial_screen
                0x000000000800b288       0xb0 ./Core/Src/utils.o
                0x000000000800b288                draw_initial_screen
 .text.Is_Leap_Year
                0x000000000800b338       0x64 ./Core/Src/utils.o
                0x000000000800b338                Is_Leap_Year
 .text.calculate_week
                0x000000000800b39c       0xc8 ./Core/Src/utils.o
                0x000000000800b39c                calculate_week
 .text.RTC_Get  0x000000000800b464      0x1bc ./Core/Src/utils.o
                0x000000000800b464                RTC_Get
 .text.RTC_Set  0x000000000800b620      0x184 ./Core/Src/utils.o
                0x000000000800b620                RTC_Set
 .text.update_time
                0x000000000800b7a4       0xd8 ./Core/Src/utils.o
                0x000000000800b7a4                update_time
 .text.draw_chat_screen
                0x000000000800b87c       0x38 ./Core/Src/utils.o
                0x000000000800b87c                draw_chat_screen
 .text.draw_calc_screen
                0x000000000800b8b4      0x228 ./Core/Src/utils.o
                0x000000000800b8b4                draw_calc_screen
 .text.draw_pic_screen
                0x000000000800badc       0x38 ./Core/Src/utils.o
                0x000000000800badc                draw_pic_screen
 .text.press_between
                0x000000000800bb14       0x4e ./Core/Src/utils.o
                0x000000000800bb14                press_between
 *fill*         0x000000000800bb62        0x2 
 .text.press_calc_button
                0x000000000800bb64       0x9c ./Core/Src/utils.o
                0x000000000800bb64                press_calc_button
 .text.clear_calc_equation
                0x000000000800bc00       0x24 ./Core/Src/utils.o
                0x000000000800bc00                clear_calc_equation
 .text.clear_calc_result
                0x000000000800bc24       0x24 ./Core/Src/utils.o
                0x000000000800bc24                clear_calc_result
 .text.display_calc_equation
                0x000000000800bc48       0x24 ./Core/Src/utils.o
                0x000000000800bc48                display_calc_equation
 .text.floatToString
                0x000000000800bc6c      0x13c ./Core/Src/utils.o
                0x000000000800bc6c                floatToString
 .text.work_for_calc
                0x000000000800bda8      0x8a0 ./Core/Src/utils.o
                0x000000000800bda8                work_for_calc
 .text.calc_touch_screen_handler
                0x000000000800c648       0xd8 ./Core/Src/utils.o
                0x000000000800c648                calc_touch_screen_handler
 .text.Reset_Handler
                0x000000000800c720       0x48 ./Core/Startup/startup_stm32f103rctx.o
                0x000000000800c720                Reset_Handler
 .text.Default_Handler
                0x000000000800c768        0x2 ./Core/Startup/startup_stm32f103rctx.o
                0x000000000800c768                RTC_Alarm_IRQHandler
                0x000000000800c768                EXTI2_IRQHandler
                0x000000000800c768                TIM8_TRG_COM_IRQHandler
                0x000000000800c768                TIM8_CC_IRQHandler
                0x000000000800c768                TIM1_CC_IRQHandler
                0x000000000800c768                TIM6_IRQHandler
                0x000000000800c768                PVD_IRQHandler
                0x000000000800c768                SDIO_IRQHandler
                0x000000000800c768                EXTI3_IRQHandler
                0x000000000800c768                I2C2_EV_IRQHandler
                0x000000000800c768                ADC1_2_IRQHandler
                0x000000000800c768                SPI1_IRQHandler
                0x000000000800c768                TAMPER_IRQHandler
                0x000000000800c768                TIM8_UP_IRQHandler
                0x000000000800c768                DMA2_Channel2_IRQHandler
                0x000000000800c768                DMA1_Channel4_IRQHandler
                0x000000000800c768                USART3_IRQHandler
                0x000000000800c768                DMA1_Channel7_IRQHandler
                0x000000000800c768                CAN1_RX1_IRQHandler
                0x000000000800c768                UART5_IRQHandler
                0x000000000800c768                ADC3_IRQHandler
                0x000000000800c768                TIM4_IRQHandler
                0x000000000800c768                DMA2_Channel1_IRQHandler
                0x000000000800c768                I2C1_EV_IRQHandler
                0x000000000800c768                DMA1_Channel6_IRQHandler
                0x000000000800c768                UART4_IRQHandler
                0x000000000800c768                RCC_IRQHandler
                0x000000000800c768                TIM1_TRG_COM_IRQHandler
                0x000000000800c768                DMA1_Channel1_IRQHandler
                0x000000000800c768                Default_Handler
                0x000000000800c768                TIM7_IRQHandler
                0x000000000800c768                TIM5_IRQHandler
                0x000000000800c768                SPI2_IRQHandler
                0x000000000800c768                DMA1_Channel5_IRQHandler
                0x000000000800c768                EXTI4_IRQHandler
                0x000000000800c768                USB_LP_CAN1_RX0_IRQHandler
                0x000000000800c768                USB_HP_CAN1_TX_IRQHandler
                0x000000000800c768                DMA1_Channel3_IRQHandler
                0x000000000800c768                FSMC_IRQHandler
                0x000000000800c768                TIM1_UP_IRQHandler
                0x000000000800c768                WWDG_IRQHandler
                0x000000000800c768                TIM2_IRQHandler
                0x000000000800c768                TIM1_BRK_IRQHandler
                0x000000000800c768                EXTI1_IRQHandler
                0x000000000800c768                DMA2_Channel4_5_IRQHandler
                0x000000000800c768                USART2_IRQHandler
                0x000000000800c768                I2C2_ER_IRQHandler
                0x000000000800c768                DMA1_Channel2_IRQHandler
                0x000000000800c768                TIM8_BRK_IRQHandler
                0x000000000800c768                CAN1_SCE_IRQHandler
                0x000000000800c768                FLASH_IRQHandler
                0x000000000800c768                SPI3_IRQHandler
                0x000000000800c768                I2C1_ER_IRQHandler
                0x000000000800c768                USBWakeUp_IRQHandler
                0x000000000800c768                DMA2_Channel3_IRQHandler
 *fill*         0x000000000800c76a        0x2 
 .text.HAL_Init
                0x000000000800c76c       0x2c ./Drivers/STM32F1xx_HAL_Driver/Src/stm32f1xx_hal.o
                0x000000000800c76c                HAL_Init
 .text.HAL_InitTick
                0x000000000800c798       0x60 ./Drivers/STM32F1xx_HAL_Driver/Src/stm32f1xx_hal.o
                0x000000000800c798                HAL_InitTick
 .text.HAL_IncTick
                0x000000000800c7f8       0x24 ./Drivers/STM32F1xx_HAL_Driver/Src/stm32f1xx_hal.o
                0x000000000800c7f8                HAL_IncTick
 .text.HAL_GetTick
                0x000000000800c81c       0x14 ./Drivers/STM32F1xx_HAL_Driver/Src/stm32f1xx_hal.o
                0x000000000800c81c                HAL_GetTick
 .text.HAL_Delay
                0x000000000800c830       0x48 ./Drivers/STM32F1xx_HAL_Driver/Src/stm32f1xx_hal.o
                0x000000000800c830                HAL_Delay
 .text.__NVIC_SetPriorityGrouping
                0x000000000800c878       0x48 ./Drivers/STM32F1xx_HAL_Driver/Src/stm32f1xx_hal_cortex.o
 .text.__NVIC_GetPriorityGrouping
                0x000000000800c8c0       0x1c ./Drivers/STM32F1xx_HAL_Driver/Src/stm32f1xx_hal_cortex.o
 .text.__NVIC_EnableIRQ
                0x000000000800c8dc       0x38 ./Drivers/STM32F1xx_HAL_Driver/Src/stm32f1xx_hal_cortex.o
 .text.__NVIC_SetPriority
                0x000000000800c914       0x54 ./Drivers/STM32F1xx_HAL_Driver/Src/stm32f1xx_hal_cortex.o
 .text.NVIC_EncodePriority
                0x000000000800c968       0x64 ./Drivers/STM32F1xx_HAL_Driver/Src/stm32f1xx_hal_cortex.o
 .text.SysTick_Config
                0x000000000800c9cc       0x44 ./Drivers/STM32F1xx_HAL_Driver/Src/stm32f1xx_hal_cortex.o
 .text.HAL_NVIC_SetPriorityGrouping
                0x000000000800ca10       0x16 ./Drivers/STM32F1xx_HAL_Driver/Src/stm32f1xx_hal_cortex.o
                0x000000000800ca10                HAL_NVIC_SetPriorityGrouping
 .text.HAL_NVIC_SetPriority
                0x000000000800ca26       0x38 ./Drivers/STM32F1xx_HAL_Driver/Src/stm32f1xx_hal_cortex.o
                0x000000000800ca26                HAL_NVIC_SetPriority
 .text.HAL_NVIC_EnableIRQ
                0x000000000800ca5e       0x1c ./Drivers/STM32F1xx_HAL_Driver/Src/stm32f1xx_hal_cortex.o
                0x000000000800ca5e                HAL_NVIC_EnableIRQ
 .text.HAL_SYSTICK_Config
                0x000000000800ca7a       0x18 ./Drivers/STM32F1xx_HAL_Driver/Src/stm32f1xx_hal_cortex.o
                0x000000000800ca7a                HAL_SYSTICK_Config
 *fill*         0x000000000800ca92        0x2 
 .text.HAL_SYSTICK_CLKSourceConfig
                0x000000000800ca94       0x38 ./Drivers/STM32F1xx_HAL_Driver/Src/stm32f1xx_hal_cortex.o
                0x000000000800ca94                HAL_SYSTICK_CLKSourceConfig
 .text.HAL_DMA_Abort
                0x000000000800cacc       0x76 ./Drivers/STM32F1xx_HAL_Driver/Src/stm32f1xx_hal_dma.o
                0x000000000800cacc                HAL_DMA_Abort
 *fill*         0x000000000800cb42        0x2 
 .text.HAL_DMA_Abort_IT
                0x000000000800cb44      0x210 ./Drivers/STM32F1xx_HAL_Driver/Src/stm32f1xx_hal_dma.o
                0x000000000800cb44                HAL_DMA_Abort_IT
 .text.HAL_GPIO_Init
                0x000000000800cd54      0x328 ./Drivers/STM32F1xx_HAL_Driver/Src/stm32f1xx_hal_gpio.o
                0x000000000800cd54                HAL_GPIO_Init
 .text.HAL_GPIO_ReadPin
                0x000000000800d07c       0x2e ./Drivers/STM32F1xx_HAL_Driver/Src/stm32f1xx_hal_gpio.o
                0x000000000800d07c                HAL_GPIO_ReadPin
 .text.HAL_GPIO_WritePin
                0x000000000800d0aa       0x30 ./Drivers/STM32F1xx_HAL_Driver/Src/stm32f1xx_hal_gpio.o
                0x000000000800d0aa                HAL_GPIO_WritePin
 *fill*         0x000000000800d0da        0x2 
 .text.HAL_GPIO_EXTI_IRQHandler
                0x000000000800d0dc       0x30 ./Drivers/STM32F1xx_HAL_Driver/Src/stm32f1xx_hal_gpio.o
                0x000000000800d0dc                HAL_GPIO_EXTI_IRQHandler
 .text.HAL_PWR_EnableBkUpAccess
                0x000000000800d10c       0x18 ./Drivers/STM32F1xx_HAL_Driver/Src/stm32f1xx_hal_pwr.o
                0x000000000800d10c                HAL_PWR_EnableBkUpAccess
 .text.HAL_RCC_OscConfig
                0x000000000800d124      0x504 ./Drivers/STM32F1xx_HAL_Driver/Src/stm32f1xx_hal_rcc.o
                0x000000000800d124                HAL_RCC_OscConfig
 .text.HAL_RCC_ClockConfig
                0x000000000800d628      0x1d4 ./Drivers/STM32F1xx_HAL_Driver/Src/stm32f1xx_hal_rcc.o
                0x000000000800d628                HAL_RCC_ClockConfig
 .text.HAL_RCC_GetSysClockFreq
                0x000000000800d7fc       0xa8 ./Drivers/STM32F1xx_HAL_Driver/Src/stm32f1xx_hal_rcc.o
                0x000000000800d7fc                HAL_RCC_GetSysClockFreq
 .text.HAL_RCC_GetHCLKFreq
                0x000000000800d8a4       0x14 ./Drivers/STM32F1xx_HAL_Driver/Src/stm32f1xx_hal_rcc.o
                0x000000000800d8a4                HAL_RCC_GetHCLKFreq
 .text.HAL_RCC_GetPCLK1Freq
                0x000000000800d8b8       0x28 ./Drivers/STM32F1xx_HAL_Driver/Src/stm32f1xx_hal_rcc.o
                0x000000000800d8b8                HAL_RCC_GetPCLK1Freq
 .text.HAL_RCC_GetPCLK2Freq
                0x000000000800d8e0       0x28 ./Drivers/STM32F1xx_HAL_Driver/Src/stm32f1xx_hal_rcc.o
                0x000000000800d8e0                HAL_RCC_GetPCLK2Freq
 .text.RCC_Delay
                0x000000000800d908       0x3c ./Drivers/STM32F1xx_HAL_Driver/Src/stm32f1xx_hal_rcc.o
 .text.HAL_RCCEx_PeriphCLKConfig
                0x000000000800d944      0x16c ./Drivers/STM32F1xx_HAL_Driver/Src/stm32f1xx_hal_rcc_ex.o
                0x000000000800d944                HAL_RCCEx_PeriphCLKConfig
 .text.HAL_RCCEx_GetPeriphCLKFreq
                0x000000000800dab0      0x1b0 ./Drivers/STM32F1xx_HAL_Driver/Src/stm32f1xx_hal_rcc_ex.o
                0x000000000800dab0                HAL_RCCEx_GetPeriphCLKFreq
 .text.HAL_RTC_Init
                0x000000000800dc60      0x118 ./Drivers/STM32F1xx_HAL_Driver/Src/stm32f1xx_hal_rtc.o
                0x000000000800dc60                HAL_RTC_Init
 .text.HAL_RTC_SetTime
                0x000000000800dd78      0x12e ./Drivers/STM32F1xx_HAL_Driver/Src/stm32f1xx_hal_rtc.o
                0x000000000800dd78                HAL_RTC_SetTime
 *fill*         0x000000000800dea6        0x2 
 .text.HAL_RTC_SetDate
                0x000000000800dea8      0x16c ./Drivers/STM32F1xx_HAL_Driver/Src/stm32f1xx_hal_rtc.o
                0x000000000800dea8                HAL_RTC_SetDate
 .text.HAL_RTC_WaitForSynchro
                0x000000000800e014       0x5a ./Drivers/STM32F1xx_HAL_Driver/Src/stm32f1xx_hal_rtc.o
                0x000000000800e014                HAL_RTC_WaitForSynchro
 .text.RTC_ReadTimeCounter
                0x000000000800e06e       0x60 ./Drivers/STM32F1xx_HAL_Driver/Src/stm32f1xx_hal_rtc.o
 .text.RTC_WriteTimeCounter
                0x000000000800e0ce       0x4e ./Drivers/STM32F1xx_HAL_Driver/Src/stm32f1xx_hal_rtc.o
 .text.RTC_ReadAlarmCounter
                0x000000000800e11c       0x32 ./Drivers/STM32F1xx_HAL_Driver/Src/stm32f1xx_hal_rtc.o
 .text.RTC_WriteAlarmCounter
                0x000000000800e14e       0x4e ./Drivers/STM32F1xx_HAL_Driver/Src/stm32f1xx_hal_rtc.o
 .text.RTC_EnterInitMode
                0x000000000800e19c       0x50 ./Drivers/STM32F1xx_HAL_Driver/Src/stm32f1xx_hal_rtc.o
 .text.RTC_ExitInitMode
                0x000000000800e1ec       0x50 ./Drivers/STM32F1xx_HAL_Driver/Src/stm32f1xx_hal_rtc.o
 .text.RTC_Bcd2ToByte
                0x000000000800e23c       0x3a ./Drivers/STM32F1xx_HAL_Driver/Src/stm32f1xx_hal_rtc.o
 *fill*         0x000000000800e276        0x2 
 .text.RTC_WeekDayNum
                0x000000000800e278       0xf0 ./Drivers/STM32F1xx_HAL_Driver/Src/stm32f1xx_hal_rtc.o
 .text.HAL_RTCEx_RTCIRQHandler
                0x000000000800e368       0x6e ./Drivers/STM32F1xx_HAL_Driver/Src/stm32f1xx_hal_rtc_ex.o
                0x000000000800e368                HAL_RTCEx_RTCIRQHandler
 .text.HAL_RTCEx_RTCEventErrorCallback
                0x000000000800e3d6       0x12 ./Drivers/STM32F1xx_HAL_Driver/Src/stm32f1xx_hal_rtc_ex.o
                0x000000000800e3d6                HAL_RTCEx_RTCEventErrorCallback
 .text.HAL_RTCEx_BKUPWrite
                0x000000000800e3e8       0x34 ./Drivers/STM32F1xx_HAL_Driver/Src/stm32f1xx_hal_rtc_ex.o
                0x000000000800e3e8                HAL_RTCEx_BKUPWrite
 .text.HAL_RTCEx_BKUPRead
                0x000000000800e41c       0x38 ./Drivers/STM32F1xx_HAL_Driver/Src/stm32f1xx_hal_rtc_ex.o
                0x000000000800e41c                HAL_RTCEx_BKUPRead
 .text.HAL_TIM_Base_Init
                0x000000000800e454       0x9e ./Drivers/STM32F1xx_HAL_Driver/Src/stm32f1xx_hal_tim.o
                0x000000000800e454                HAL_TIM_Base_Init
 *fill*         0x000000000800e4f2        0x2 
 .text.HAL_TIM_Base_Start_IT
                0x000000000800e4f4       0xc0 ./Drivers/STM32F1xx_HAL_Driver/Src/stm32f1xx_hal_tim.o
                0x000000000800e4f4                HAL_TIM_Base_Start_IT
 .text.HAL_TIM_IRQHandler
                0x000000000800e5b4      0x210 ./Drivers/STM32F1xx_HAL_Driver/Src/stm32f1xx_hal_tim.o
                0x000000000800e5b4                HAL_TIM_IRQHandler
 .text.HAL_TIM_ConfigClockSource
                0x000000000800e7c4      0x18e ./Drivers/STM32F1xx_HAL_Driver/Src/stm32f1xx_hal_tim.o
                0x000000000800e7c4                HAL_TIM_ConfigClockSource
 .text.HAL_TIM_PeriodElapsedCallback
                0x000000000800e952       0x12 ./Drivers/STM32F1xx_HAL_Driver/Src/stm32f1xx_hal_tim.o
                0x000000000800e952                HAL_TIM_PeriodElapsedCallback
 .text.HAL_TIM_OC_DelayElapsedCallback
                0x000000000800e964       0x12 ./Drivers/STM32F1xx_HAL_Driver/Src/stm32f1xx_hal_tim.o
                0x000000000800e964                HAL_TIM_OC_DelayElapsedCallback
 .text.HAL_TIM_IC_CaptureCallback
                0x000000000800e976       0x12 ./Drivers/STM32F1xx_HAL_Driver/Src/stm32f1xx_hal_tim.o
                0x000000000800e976                HAL_TIM_IC_CaptureCallback
 .text.HAL_TIM_PWM_PulseFinishedCallback
                0x000000000800e988       0x12 ./Drivers/STM32F1xx_HAL_Driver/Src/stm32f1xx_hal_tim.o
                0x000000000800e988                HAL_TIM_PWM_PulseFinishedCallback
 .text.HAL_TIM_TriggerCallback
                0x000000000800e99a       0x12 ./Drivers/STM32F1xx_HAL_Driver/Src/stm32f1xx_hal_tim.o
                0x000000000800e99a                HAL_TIM_TriggerCallback
 .text.TIM_Base_SetConfig
                0x000000000800e9ac       0xf4 ./Drivers/STM32F1xx_HAL_Driver/Src/stm32f1xx_hal_tim.o
                0x000000000800e9ac                TIM_Base_SetConfig
 .text.TIM_TI1_ConfigInputStage
                0x000000000800eaa0       0x5c ./Drivers/STM32F1xx_HAL_Driver/Src/stm32f1xx_hal_tim.o
 .text.TIM_TI2_ConfigInputStage
                0x000000000800eafc       0x5e ./Drivers/STM32F1xx_HAL_Driver/Src/stm32f1xx_hal_tim.o
 .text.TIM_ITRx_SetConfig
                0x000000000800eb5a       0x34 ./Drivers/STM32F1xx_HAL_Driver/Src/stm32f1xx_hal_tim.o
 .text.TIM_ETR_SetConfig
                0x000000000800eb8e       0x3e ./Drivers/STM32F1xx_HAL_Driver/Src/stm32f1xx_hal_tim.o
                0x000000000800eb8e                TIM_ETR_SetConfig
 .text.HAL_TIMEx_MasterConfigSynchronization
                0x000000000800ebcc       0xd8 ./Drivers/STM32F1xx_HAL_Driver/Src/stm32f1xx_hal_tim_ex.o
                0x000000000800ebcc                HAL_TIMEx_MasterConfigSynchronization
 .text.HAL_TIMEx_CommutCallback
                0x000000000800eca4       0x12 ./Drivers/STM32F1xx_HAL_Driver/Src/stm32f1xx_hal_tim_ex.o
                0x000000000800eca4                HAL_TIMEx_CommutCallback
 .text.HAL_TIMEx_BreakCallback
                0x000000000800ecb6       0x12 ./Drivers/STM32F1xx_HAL_Driver/Src/stm32f1xx_hal_tim_ex.o
                0x000000000800ecb6                HAL_TIMEx_BreakCallback
 .text.HAL_UART_Init
                0x000000000800ecc8       0xa0 ./Drivers/STM32F1xx_HAL_Driver/Src/stm32f1xx_hal_uart.o
                0x000000000800ecc8                HAL_UART_Init
 .text.HAL_UART_Transmit
                0x000000000800ed68      0x106 ./Drivers/STM32F1xx_HAL_Driver/Src/stm32f1xx_hal_uart.o
                0x000000000800ed68                HAL_UART_Transmit
 .text.HAL_UART_Receive_IT
                0x000000000800ee6e       0x4a ./Drivers/STM32F1xx_HAL_Driver/Src/stm32f1xx_hal_uart.o
                0x000000000800ee6e                HAL_UART_Receive_IT
 .text.HAL_UART_IRQHandler
                0x000000000800eeb8      0x524 ./Drivers/STM32F1xx_HAL_Driver/Src/stm32f1xx_hal_uart.o
                0x000000000800eeb8                HAL_UART_IRQHandler
 .text.HAL_UART_TxCpltCallback
                0x000000000800f3dc       0x12 ./Drivers/STM32F1xx_HAL_Driver/Src/stm32f1xx_hal_uart.o
                0x000000000800f3dc                HAL_UART_TxCpltCallback
 .text.HAL_UART_ErrorCallback
                0x000000000800f3ee       0x12 ./Drivers/STM32F1xx_HAL_Driver/Src/stm32f1xx_hal_uart.o
                0x000000000800f3ee                HAL_UART_ErrorCallback
 .text.HAL_UARTEx_RxEventCallback
                0x000000000800f400       0x16 ./Drivers/STM32F1xx_HAL_Driver/Src/stm32f1xx_hal_uart.o
                0x000000000800f400                HAL_UARTEx_RxEventCallback
 .text.UART_WaitOnFlagUntilTimeout
                0x000000000800f416       0xdc ./Drivers/STM32F1xx_HAL_Driver/Src/stm32f1xx_hal_uart.o
 .text.UART_Start_Receive_IT
                0x000000000800f4f2       0x72 ./Drivers/STM32F1xx_HAL_Driver/Src/stm32f1xx_hal_uart.o
                0x000000000800f4f2                UART_Start_Receive_IT
 .text.UART_EndRxTransfer
                0x000000000800f564       0xc4 ./Drivers/STM32F1xx_HAL_Driver/Src/stm32f1xx_hal_uart.o
 .text.UART_DMAAbortOnError
                0x000000000800f628       0x28 ./Drivers/STM32F1xx_HAL_Driver/Src/stm32f1xx_hal_uart.o
 .text.UART_Transmit_IT
                0x000000000800f650       0x9e ./Drivers/STM32F1xx_HAL_Driver/Src/stm32f1xx_hal_uart.o
 .text.UART_EndTransmit_IT
                0x000000000800f6ee       0x30 ./Drivers/STM32F1xx_HAL_Driver/Src/stm32f1xx_hal_uart.o
 .text.UART_Receive_IT
                0x000000000800f71e      0x17c ./Drivers/STM32F1xx_HAL_Driver/Src/stm32f1xx_hal_uart.o
 *fill*         0x000000000800f89a        0x2 
 .text.UART_SetConfig
                0x000000000800f89c      0x11c ./Drivers/STM32F1xx_HAL_Driver/Src/stm32f1xx_hal_uart.o
 .text.atof     0x000000000800f9b8        0x6 C:/ST/STM32CubeIDE_1.13.2/STM32CubeIDE/plugins/com.st.stm32cube.ide.mcu.externaltools.gnu-tools-for-stm32.11.3.rel1.win32_1.1.1.202309131626/tools/bin/../lib/gcc/arm-none-eabi/11.3.1/../../../../arm-none-eabi/lib/thumb/v7-m/nofp\libc_nano.a(libc_a-atof.o)
                0x000000000800f9b8                atof
 *fill*         0x000000000800f9be        0x2 
 .text.malloc   0x000000000800f9c0       0x10 C:/ST/STM32CubeIDE_1.13.2/STM32CubeIDE/plugins/com.st.stm32cube.ide.mcu.externaltools.gnu-tools-for-stm32.11.3.rel1.win32_1.1.1.202309131626/tools/bin/../lib/gcc/arm-none-eabi/11.3.1/../../../../arm-none-eabi/lib/thumb/v7-m/nofp\libc_nano.a(libc_a-malloc.o)
                0x000000000800f9c0                malloc
 .text.free     0x000000000800f9d0       0x10 C:/ST/STM32CubeIDE_1.13.2/STM32CubeIDE/plugins/com.st.stm32cube.ide.mcu.externaltools.gnu-tools-for-stm32.11.3.rel1.win32_1.1.1.202309131626/tools/bin/../lib/gcc/arm-none-eabi/11.3.1/../../../../arm-none-eabi/lib/thumb/v7-m/nofp\libc_nano.a(libc_a-malloc.o)
                0x000000000800f9d0                free
 .text.sbrk_aligned
                0x000000000800f9e0       0x40 C:/ST/STM32CubeIDE_1.13.2/STM32CubeIDE/plugins/com.st.stm32cube.ide.mcu.externaltools.gnu-tools-for-stm32.11.3.rel1.win32_1.1.1.202309131626/tools/bin/../lib/gcc/arm-none-eabi/11.3.1/../../../../arm-none-eabi/lib/thumb/v7-m/nofp\libc_nano.a(libc_a-mallocr.o)
 .text._malloc_r
                0x000000000800fa20      0x100 C:/ST/STM32CubeIDE_1.13.2/STM32CubeIDE/plugins/com.st.stm32cube.ide.mcu.externaltools.gnu-tools-for-stm32.11.3.rel1.win32_1.1.1.202309131626/tools/bin/../lib/gcc/arm-none-eabi/11.3.1/../../../../arm-none-eabi/lib/thumb/v7-m/nofp\libc_nano.a(libc_a-mallocr.o)
                0x000000000800fa20                _malloc_r
 .text.__malloc_lock
                0x000000000800fb20        0xc C:/ST/STM32CubeIDE_1.13.2/STM32CubeIDE/plugins/com.st.stm32cube.ide.mcu.externaltools.gnu-tools-for-stm32.11.3.rel1.win32_1.1.1.202309131626/tools/bin/../lib/gcc/arm-none-eabi/11.3.1/../../../../arm-none-eabi/lib/thumb/v7-m/nofp\libc_nano.a(libc_a-mlock.o)
                0x000000000800fb20                __malloc_lock
 .text.__malloc_unlock
                0x000000000800fb2c        0xc C:/ST/STM32CubeIDE_1.13.2/STM32CubeIDE/plugins/com.st.stm32cube.ide.mcu.externaltools.gnu-tools-for-stm32.11.3.rel1.win32_1.1.1.202309131626/tools/bin/../lib/gcc/arm-none-eabi/11.3.1/../../../../arm-none-eabi/lib/thumb/v7-m/nofp\libc_nano.a(libc_a-mlock.o)
                0x000000000800fb2c                __malloc_unlock
 .text.sulp     0x000000000800fb38       0x42 C:/ST/STM32CubeIDE_1.13.2/STM32CubeIDE/plugins/com.st.stm32cube.ide.mcu.externaltools.gnu-tools-for-stm32.11.3.rel1.win32_1.1.1.202309131626/tools/bin/../lib/gcc/arm-none-eabi/11.3.1/../../../../arm-none-eabi/lib/thumb/v7-m/nofp\libc_nano.a(libc_a-strtod.o)
 *fill*         0x000000000800fb7a        0x6 
 .text._strtod_l
                0x000000000800fb80      0xbe8 C:/ST/STM32CubeIDE_1.13.2/STM32CubeIDE/plugins/com.st.stm32cube.ide.mcu.externaltools.gnu-tools-for-stm32.11.3.rel1.win32_1.1.1.202309131626/tools/bin/../lib/gcc/arm-none-eabi/11.3.1/../../../../arm-none-eabi/lib/thumb/v7-m/nofp\libc_nano.a(libc_a-strtod.o)
                0x000000000800fb80                _strtod_l
 .text.strtod   0x0000000008010768       0x18 C:/ST/STM32CubeIDE_1.13.2/STM32CubeIDE/plugins/com.st.stm32cube.ide.mcu.externaltools.gnu-tools-for-stm32.11.3.rel1.win32_1.1.1.202309131626/tools/bin/../lib/gcc/arm-none-eabi/11.3.1/../../../../arm-none-eabi/lib/thumb/v7-m/nofp\libc_nano.a(libc_a-strtod.o)
                0x0000000008010768                strtod
 .text._strtol_l.constprop.0
                0x0000000008010780       0xfc C:/ST/STM32CubeIDE_1.13.2/STM32CubeIDE/plugins/com.st.stm32cube.ide.mcu.externaltools.gnu-tools-for-stm32.11.3.rel1.win32_1.1.1.202309131626/tools/bin/../lib/gcc/arm-none-eabi/11.3.1/../../../../arm-none-eabi/lib/thumb/v7-m/nofp\libc_nano.a(libc_a-strtol.o)
 .text.strtol   0x000000000801087c       0x14 C:/ST/STM32CubeIDE_1.13.2/STM32CubeIDE/plugins/com.st.stm32cube.ide.mcu.externaltools.gnu-tools-for-stm32.11.3.rel1.win32_1.1.1.202309131626/tools/bin/../lib/gcc/arm-none-eabi/11.3.1/../../../../arm-none-eabi/lib/thumb/v7-m/nofp\libc_nano.a(libc_a-strtol.o)
                0x000000000801087c                strtol
 .text.std      0x0000000008010890       0x6c C:/ST/STM32CubeIDE_1.13.2/STM32CubeIDE/plugins/com.st.stm32cube.ide.mcu.externaltools.gnu-tools-for-stm32.11.3.rel1.win32_1.1.1.202309131626/tools/bin/../lib/gcc/arm-none-eabi/11.3.1/../../../../arm-none-eabi/lib/thumb/v7-m/nofp\libc_nano.a(libc_a-findfp.o)
 .text.stdio_exit_handler
                0x00000000080108fc       0x18 C:/ST/STM32CubeIDE_1.13.2/STM32CubeIDE/plugins/com.st.stm32cube.ide.mcu.externaltools.gnu-tools-for-stm32.11.3.rel1.win32_1.1.1.202309131626/tools/bin/../lib/gcc/arm-none-eabi/11.3.1/../../../../arm-none-eabi/lib/thumb/v7-m/nofp\libc_nano.a(libc_a-findfp.o)
 .text.cleanup_stdio
                0x0000000008010914       0x40 C:/ST/STM32CubeIDE_1.13.2/STM32CubeIDE/plugins/com.st.stm32cube.ide.mcu.externaltools.gnu-tools-for-stm32.11.3.rel1.win32_1.1.1.202309131626/tools/bin/../lib/gcc/arm-none-eabi/11.3.1/../../../../arm-none-eabi/lib/thumb/v7-m/nofp\libc_nano.a(libc_a-findfp.o)
 .text.global_stdio_init.part.0
                0x0000000008010954       0x3c C:/ST/STM32CubeIDE_1.13.2/STM32CubeIDE/plugins/com.st.stm32cube.ide.mcu.externaltools.gnu-tools-for-stm32.11.3.rel1.win32_1.1.1.202309131626/tools/bin/../lib/gcc/arm-none-eabi/11.3.1/../../../../arm-none-eabi/lib/thumb/v7-m/nofp\libc_nano.a(libc_a-findfp.o)
 .text.__sfp_lock_acquire
                0x0000000008010990        0xc C:/ST/STM32CubeIDE_1.13.2/STM32CubeIDE/plugins/com.st.stm32cube.ide.mcu.externaltools.gnu-tools-for-stm32.11.3.rel1.win32_1.1.1.202309131626/tools/bin/../lib/gcc/arm-none-eabi/11.3.1/../../../../arm-none-eabi/lib/thumb/v7-m/nofp\libc_nano.a(libc_a-findfp.o)
                0x0000000008010990                __sfp_lock_acquire
 .text.__sfp_lock_release
                0x000000000801099c        0xc C:/ST/STM32CubeIDE_1.13.2/STM32CubeIDE/plugins/com.st.stm32cube.ide.mcu.externaltools.gnu-tools-for-stm32.11.3.rel1.win32_1.1.1.202309131626/tools/bin/../lib/gcc/arm-none-eabi/11.3.1/../../../../arm-none-eabi/lib/thumb/v7-m/nofp\libc_nano.a(libc_a-findfp.o)
                0x000000000801099c                __sfp_lock_release
 .text.__sinit  0x00000000080109a8       0x30 C:/ST/STM32CubeIDE_1.13.2/STM32CubeIDE/plugins/com.st.stm32cube.ide.mcu.externaltools.gnu-tools-for-stm32.11.3.rel1.win32_1.1.1.202309131626/tools/bin/../lib/gcc/arm-none-eabi/11.3.1/../../../../arm-none-eabi/lib/thumb/v7-m/nofp\libc_nano.a(libc_a-findfp.o)
                0x00000000080109a8                __sinit
 .text._fwalk_sglue
                0x00000000080109d8       0x3c C:/ST/STM32CubeIDE_1.13.2/STM32CubeIDE/plugins/com.st.stm32cube.ide.mcu.externaltools.gnu-tools-for-stm32.11.3.rel1.win32_1.1.1.202309131626/tools/bin/../lib/gcc/arm-none-eabi/11.3.1/../../../../arm-none-eabi/lib/thumb/v7-m/nofp\libc_nano.a(libc_a-fwalk.o)
                0x00000000080109d8                _fwalk_sglue
 .text.printf   0x0000000008010a14       0x24 C:/ST/STM32CubeIDE_1.13.2/STM32CubeIDE/plugins/com.st.stm32cube.ide.mcu.externaltools.gnu-tools-for-stm32.11.3.rel1.win32_1.1.1.202309131626/tools/bin/../lib/gcc/arm-none-eabi/11.3.1/../../../../arm-none-eabi/lib/thumb/v7-m/nofp\libc_nano.a(libc_a-printf.o)
                0x0000000008010a14                iprintf
                0x0000000008010a14                printf
 .text._puts_r  0x0000000008010a38       0xa8 C:/ST/STM32CubeIDE_1.13.2/STM32CubeIDE/plugins/com.st.stm32cube.ide.mcu.externaltools.gnu-tools-for-stm32.11.3.rel1.win32_1.1.1.202309131626/tools/bin/../lib/gcc/arm-none-eabi/11.3.1/../../../../arm-none-eabi/lib/thumb/v7-m/nofp\libc_nano.a(libc_a-puts.o)
                0x0000000008010a38                _puts_r
 .text.puts     0x0000000008010ae0       0x10 C:/ST/STM32CubeIDE_1.13.2/STM32CubeIDE/plugins/com.st.stm32cube.ide.mcu.externaltools.gnu-tools-for-stm32.11.3.rel1.win32_1.1.1.202309131626/tools/bin/../lib/gcc/arm-none-eabi/11.3.1/../../../../arm-none-eabi/lib/thumb/v7-m/nofp\libc_nano.a(libc_a-puts.o)
                0x0000000008010ae0                puts
 .text.sprintf  0x0000000008010af0       0x40 C:/ST/STM32CubeIDE_1.13.2/STM32CubeIDE/plugins/com.st.stm32cube.ide.mcu.externaltools.gnu-tools-for-stm32.11.3.rel1.win32_1.1.1.202309131626/tools/bin/../lib/gcc/arm-none-eabi/11.3.1/../../../../arm-none-eabi/lib/thumb/v7-m/nofp\libc_nano.a(libc_a-sprintf.o)
                0x0000000008010af0                siprintf
                0x0000000008010af0                sprintf
 .text.__sread  0x0000000008010b30       0x22 C:/ST/STM32CubeIDE_1.13.2/STM32CubeIDE/plugins/com.st.stm32cube.ide.mcu.externaltools.gnu-tools-for-stm32.11.3.rel1.win32_1.1.1.202309131626/tools/bin/../lib/gcc/arm-none-eabi/11.3.1/../../../../arm-none-eabi/lib/thumb/v7-m/nofp\libc_nano.a(libc_a-stdio.o)
                0x0000000008010b30                __sread
 .text.__swrite
                0x0000000008010b52       0x38 C:/ST/STM32CubeIDE_1.13.2/STM32CubeIDE/plugins/com.st.stm32cube.ide.mcu.externaltools.gnu-tools-for-stm32.11.3.rel1.win32_1.1.1.202309131626/tools/bin/../lib/gcc/arm-none-eabi/11.3.1/../../../../arm-none-eabi/lib/thumb/v7-m/nofp\libc_nano.a(libc_a-stdio.o)
                0x0000000008010b52                __swrite
 .text.__sseek  0x0000000008010b8a       0x24 C:/ST/STM32CubeIDE_1.13.2/STM32CubeIDE/plugins/com.st.stm32cube.ide.mcu.externaltools.gnu-tools-for-stm32.11.3.rel1.win32_1.1.1.202309131626/tools/bin/../lib/gcc/arm-none-eabi/11.3.1/../../../../arm-none-eabi/lib/thumb/v7-m/nofp\libc_nano.a(libc_a-stdio.o)
                0x0000000008010b8a                __sseek
 .text.__sclose
                0x0000000008010bae        0x8 C:/ST/STM32CubeIDE_1.13.2/STM32CubeIDE/plugins/com.st.stm32cube.ide.mcu.externaltools.gnu-tools-for-stm32.11.3.rel1.win32_1.1.1.202309131626/tools/bin/../lib/gcc/arm-none-eabi/11.3.1/../../../../arm-none-eabi/lib/thumb/v7-m/nofp\libc_nano.a(libc_a-stdio.o)
                0x0000000008010bae                __sclose
 .text.__swbuf_r
                0x0000000008010bb6       0x7a C:/ST/STM32CubeIDE_1.13.2/STM32CubeIDE/plugins/com.st.stm32cube.ide.mcu.externaltools.gnu-tools-for-stm32.11.3.rel1.win32_1.1.1.202309131626/tools/bin/../lib/gcc/arm-none-eabi/11.3.1/../../../../arm-none-eabi/lib/thumb/v7-m/nofp\libc_nano.a(libc_a-wbuf.o)
                0x0000000008010bb6                __swbuf_r
 .text.__swsetup_r
                0x0000000008010c30       0xb0 C:/ST/STM32CubeIDE_1.13.2/STM32CubeIDE/plugins/com.st.stm32cube.ide.mcu.externaltools.gnu-tools-for-stm32.11.3.rel1.win32_1.1.1.202309131626/tools/bin/../lib/gcc/arm-none-eabi/11.3.1/../../../../arm-none-eabi/lib/thumb/v7-m/nofp\libc_nano.a(libc_a-wsetup.o)
                0x0000000008010c30                __swsetup_r
 .text.memset   0x0000000008010ce0       0x10 C:/ST/STM32CubeIDE_1.13.2/STM32CubeIDE/plugins/com.st.stm32cube.ide.mcu.externaltools.gnu-tools-for-stm32.11.3.rel1.win32_1.1.1.202309131626/tools/bin/../lib/gcc/arm-none-eabi/11.3.1/../../../../arm-none-eabi/lib/thumb/v7-m/nofp\libc_nano.a(libc_a-memset.o)
                0x0000000008010ce0                memset
 .text.strchr   0x0000000008010cf0       0x1a C:/ST/STM32CubeIDE_1.13.2/STM32CubeIDE/plugins/com.st.stm32cube.ide.mcu.externaltools.gnu-tools-for-stm32.11.3.rel1.win32_1.1.1.202309131626/tools/bin/../lib/gcc/arm-none-eabi/11.3.1/../../../../arm-none-eabi/lib/thumb/v7-m/nofp\libc_nano.a(libc_a-strchr.o)
                0x0000000008010cf0                strchr
 .text.strncmp  0x0000000008010d0a       0x24 C:/ST/STM32CubeIDE_1.13.2/STM32CubeIDE/plugins/com.st.stm32cube.ide.mcu.externaltools.gnu-tools-for-stm32.11.3.rel1.win32_1.1.1.202309131626/tools/bin/../lib/gcc/arm-none-eabi/11.3.1/../../../../arm-none-eabi/lib/thumb/v7-m/nofp\libc_nano.a(libc_a-strncmp.o)
                0x0000000008010d0a                strncmp
 *fill*         0x0000000008010d2e        0x2 
 .text.strndup  0x0000000008010d30       0x10 C:/ST/STM32CubeIDE_1.13.2/STM32CubeIDE/plugins/com.st.stm32cube.ide.mcu.externaltools.gnu-tools-for-stm32.11.3.rel1.win32_1.1.1.202309131626/tools/bin/../lib/gcc/arm-none-eabi/11.3.1/../../../../arm-none-eabi/lib/thumb/v7-m/nofp\libc_nano.a(libc_a-strndup.o)
                0x0000000008010d30                strndup
 .text._strndup_r
                0x0000000008010d40       0x36 C:/ST/STM32CubeIDE_1.13.2/STM32CubeIDE/plugins/com.st.stm32cube.ide.mcu.externaltools.gnu-tools-for-stm32.11.3.rel1.win32_1.1.1.202309131626/tools/bin/../lib/gcc/arm-none-eabi/11.3.1/../../../../arm-none-eabi/lib/thumb/v7-m/nofp\libc_nano.a(libc_a-strndup_r.o)
                0x0000000008010d40                _strndup_r
 *fill*         0x0000000008010d76        0x2 
 .text._close_r
                0x0000000008010d78       0x20 C:/ST/STM32CubeIDE_1.13.2/STM32CubeIDE/plugins/com.st.stm32cube.ide.mcu.externaltools.gnu-tools-for-stm32.11.3.rel1.win32_1.1.1.202309131626/tools/bin/../lib/gcc/arm-none-eabi/11.3.1/../../../../arm-none-eabi/lib/thumb/v7-m/nofp\libc_nano.a(libc_a-closer.o)
                0x0000000008010d78                _close_r
 .text._lseek_r
                0x0000000008010d98       0x24 C:/ST/STM32CubeIDE_1.13.2/STM32CubeIDE/plugins/com.st.stm32cube.ide.mcu.externaltools.gnu-tools-for-stm32.11.3.rel1.win32_1.1.1.202309131626/tools/bin/../lib/gcc/arm-none-eabi/11.3.1/../../../../arm-none-eabi/lib/thumb/v7-m/nofp\libc_nano.a(libc_a-lseekr.o)
                0x0000000008010d98                _lseek_r
 .text._read_r  0x0000000008010dbc       0x24 C:/ST/STM32CubeIDE_1.13.2/STM32CubeIDE/plugins/com.st.stm32cube.ide.mcu.externaltools.gnu-tools-for-stm32.11.3.rel1.win32_1.1.1.202309131626/tools/bin/../lib/gcc/arm-none-eabi/11.3.1/../../../../arm-none-eabi/lib/thumb/v7-m/nofp\libc_nano.a(libc_a-readr.o)
                0x0000000008010dbc                _read_r
 .text._sbrk_r  0x0000000008010de0       0x20 C:/ST/STM32CubeIDE_1.13.2/STM32CubeIDE/plugins/com.st.stm32cube.ide.mcu.externaltools.gnu-tools-for-stm32.11.3.rel1.win32_1.1.1.202309131626/tools/bin/../lib/gcc/arm-none-eabi/11.3.1/../../../../arm-none-eabi/lib/thumb/v7-m/nofp\libc_nano.a(libc_a-sbrkr.o)
                0x0000000008010de0                _sbrk_r
 .text._write_r
                0x0000000008010e00       0x24 C:/ST/STM32CubeIDE_1.13.2/STM32CubeIDE/plugins/com.st.stm32cube.ide.mcu.externaltools.gnu-tools-for-stm32.11.3.rel1.win32_1.1.1.202309131626/tools/bin/../lib/gcc/arm-none-eabi/11.3.1/../../../../arm-none-eabi/lib/thumb/v7-m/nofp\libc_nano.a(libc_a-writer.o)
                0x0000000008010e00                _write_r
 .text.__errno  0x0000000008010e24        0xc C:/ST/STM32CubeIDE_1.13.2/STM32CubeIDE/plugins/com.st.stm32cube.ide.mcu.externaltools.gnu-tools-for-stm32.11.3.rel1.win32_1.1.1.202309131626/tools/bin/../lib/gcc/arm-none-eabi/11.3.1/../../../../arm-none-eabi/lib/thumb/v7-m/nofp\libc_nano.a(libc_a-errno.o)
                0x0000000008010e24                __errno
 .text.__libc_init_array
                0x0000000008010e30       0x48 C:/ST/STM32CubeIDE_1.13.2/STM32CubeIDE/plugins/com.st.stm32cube.ide.mcu.externaltools.gnu-tools-for-stm32.11.3.rel1.win32_1.1.1.202309131626/tools/bin/../lib/gcc/arm-none-eabi/11.3.1/../../../../arm-none-eabi/lib/thumb/v7-m/nofp\libc_nano.a(libc_a-init.o)
                0x0000000008010e30                __libc_init_array
 .text.__retarget_lock_init_recursive
                0x0000000008010e78        0x2 C:/ST/STM32CubeIDE_1.13.2/STM32CubeIDE/plugins/com.st.stm32cube.ide.mcu.externaltools.gnu-tools-for-stm32.11.3.rel1.win32_1.1.1.202309131626/tools/bin/../lib/gcc/arm-none-eabi/11.3.1/../../../../arm-none-eabi/lib/thumb/v7-m/nofp\libc_nano.a(libc_a-lock.o)
                0x0000000008010e78                __retarget_lock_init_recursive
 .text.__retarget_lock_acquire_recursive
                0x0000000008010e7a        0x2 C:/ST/STM32CubeIDE_1.13.2/STM32CubeIDE/plugins/com.st.stm32cube.ide.mcu.externaltools.gnu-tools-for-stm32.11.3.rel1.win32_1.1.1.202309131626/tools/bin/../lib/gcc/arm-none-eabi/11.3.1/../../../../arm-none-eabi/lib/thumb/v7-m/nofp\libc_nano.a(libc_a-lock.o)
                0x0000000008010e7a                __retarget_lock_acquire_recursive
 .text.__retarget_lock_release_recursive
                0x0000000008010e7c        0x2 C:/ST/STM32CubeIDE_1.13.2/STM32CubeIDE/plugins/com.st.stm32cube.ide.mcu.externaltools.gnu-tools-for-stm32.11.3.rel1.win32_1.1.1.202309131626/tools/bin/../lib/gcc/arm-none-eabi/11.3.1/../../../../arm-none-eabi/lib/thumb/v7-m/nofp\libc_nano.a(libc_a-lock.o)
                0x0000000008010e7c                __retarget_lock_release_recursive
 .text.memcpy   0x0000000008010e7e       0x1c C:/ST/STM32CubeIDE_1.13.2/STM32CubeIDE/plugins/com.st.stm32cube.ide.mcu.externaltools.gnu-tools-for-stm32.11.3.rel1.win32_1.1.1.202309131626/tools/bin/../lib/gcc/arm-none-eabi/11.3.1/../../../../arm-none-eabi/lib/thumb/v7-m/nofp\libc_nano.a(libc_a-memcpy-stub.o)
                0x0000000008010e7e                memcpy
 *fill*         0x0000000008010e9a        0x2 
 .text.nan      0x0000000008010e9c        0xc C:/ST/STM32CubeIDE_1.13.2/STM32CubeIDE/plugins/com.st.stm32cube.ide.mcu.externaltools.gnu-tools-for-stm32.11.3.rel1.win32_1.1.1.202309131626/tools/bin/../lib/gcc/arm-none-eabi/11.3.1/../../../../arm-none-eabi/lib/thumb/v7-m/nofp\libc_nano.a(libm_a-s_nan.o)
                0x0000000008010e9c                nan
 .text._free_r  0x0000000008010ea8       0x90 C:/ST/STM32CubeIDE_1.13.2/STM32CubeIDE/plugins/com.st.stm32cube.ide.mcu.externaltools.gnu-tools-for-stm32.11.3.rel1.win32_1.1.1.202309131626/tools/bin/../lib/gcc/arm-none-eabi/11.3.1/../../../../arm-none-eabi/lib/thumb/v7-m/nofp\libc_nano.a(libc_a-freer.o)
                0x0000000008010ea8                _free_r
 .text.rshift   0x0000000008010f38       0xa6 C:/ST/STM32CubeIDE_1.13.2/STM32CubeIDE/plugins/com.st.stm32cube.ide.mcu.externaltools.gnu-tools-for-stm32.11.3.rel1.win32_1.1.1.202309131626/tools/bin/../lib/gcc/arm-none-eabi/11.3.1/../../../../arm-none-eabi/lib/thumb/v7-m/nofp\libc_nano.a(libc_a-gdtoa-gethex.o)
 .text.__hexdig_fun
                0x0000000008010fde       0x2a C:/ST/STM32CubeIDE_1.13.2/STM32CubeIDE/plugins/com.st.stm32cube.ide.mcu.externaltools.gnu-tools-for-stm32.11.3.rel1.win32_1.1.1.202309131626/tools/bin/../lib/gcc/arm-none-eabi/11.3.1/../../../../arm-none-eabi/lib/thumb/v7-m/nofp\libc_nano.a(libc_a-gdtoa-gethex.o)
                0x0000000008010fde                __hexdig_fun
 .text.__gethex
                0x0000000008011008      0x460 C:/ST/STM32CubeIDE_1.13.2/STM32CubeIDE/plugins/com.st.stm32cube.ide.mcu.externaltools.gnu-tools-for-stm32.11.3.rel1.win32_1.1.1.202309131626/tools/bin/../lib/gcc/arm-none-eabi/11.3.1/../../../../arm-none-eabi/lib/thumb/v7-m/nofp\libc_nano.a(libc_a-gdtoa-gethex.o)
                0x0000000008011008                __gethex
 .text.L_shift  0x0000000008011468       0x24 C:/ST/STM32CubeIDE_1.13.2/STM32CubeIDE/plugins/com.st.stm32cube.ide.mcu.externaltools.gnu-tools-for-stm32.11.3.rel1.win32_1.1.1.202309131626/tools/bin/../lib/gcc/arm-none-eabi/11.3.1/../../../../arm-none-eabi/lib/thumb/v7-m/nofp\libc_nano.a(libc_a-gdtoa-hexnan.o)
 .text.__match  0x000000000801148c       0x28 C:/ST/STM32CubeIDE_1.13.2/STM32CubeIDE/plugins/com.st.stm32cube.ide.mcu.externaltools.gnu-tools-for-stm32.11.3.rel1.win32_1.1.1.202309131626/tools/bin/../lib/gcc/arm-none-eabi/11.3.1/../../../../arm-none-eabi/lib/thumb/v7-m/nofp\libc_nano.a(libc_a-gdtoa-hexnan.o)
                0x000000000801148c                __match
 .text.__hexnan
                0x00000000080114b4      0x136 C:/ST/STM32CubeIDE_1.13.2/STM32CubeIDE/plugins/com.st.stm32cube.ide.mcu.externaltools.gnu-tools-for-stm32.11.3.rel1.win32_1.1.1.202309131626/tools/bin/../lib/gcc/arm-none-eabi/11.3.1/../../../../arm-none-eabi/lib/thumb/v7-m/nofp\libc_nano.a(libc_a-gdtoa-hexnan.o)
                0x00000000080114b4                __hexnan
 .text.__ascii_mbtowc
                0x00000000080115ea       0x24 C:/ST/STM32CubeIDE_1.13.2/STM32CubeIDE/plugins/com.st.stm32cube.ide.mcu.externaltools.gnu-tools-for-stm32.11.3.rel1.win32_1.1.1.202309131626/tools/bin/../lib/gcc/arm-none-eabi/11.3.1/../../../../arm-none-eabi/lib/thumb/v7-m/nofp\libc_nano.a(libc_a-mbtowc_r.o)
                0x00000000080115ea                __ascii_mbtowc
 *fill*         0x000000000801160e        0x2 
 .text._Balloc  0x0000000008011610       0x80 C:/ST/STM32CubeIDE_1.13.2/STM32CubeIDE/plugins/com.st.stm32cube.ide.mcu.externaltools.gnu-tools-for-stm32.11.3.rel1.win32_1.1.1.202309131626/tools/bin/../lib/gcc/arm-none-eabi/11.3.1/../../../../arm-none-eabi/lib/thumb/v7-m/nofp\libc_nano.a(libc_a-mprec.o)
                0x0000000008011610                _Balloc
 .text._Bfree   0x0000000008011690       0x44 C:/ST/STM32CubeIDE_1.13.2/STM32CubeIDE/plugins/com.st.stm32cube.ide.mcu.externaltools.gnu-tools-for-stm32.11.3.rel1.win32_1.1.1.202309131626/tools/bin/../lib/gcc/arm-none-eabi/11.3.1/../../../../arm-none-eabi/lib/thumb/v7-m/nofp\libc_nano.a(libc_a-mprec.o)
                0x0000000008011690                _Bfree
 .text.__multadd
                0x00000000080116d4       0x8c C:/ST/STM32CubeIDE_1.13.2/STM32CubeIDE/plugins/com.st.stm32cube.ide.mcu.externaltools.gnu-tools-for-stm32.11.3.rel1.win32_1.1.1.202309131626/tools/bin/../lib/gcc/arm-none-eabi/11.3.1/../../../../arm-none-eabi/lib/thumb/v7-m/nofp\libc_nano.a(libc_a-mprec.o)
                0x00000000080116d4                __multadd
 .text.__s2b    0x0000000008011760       0x94 C:/ST/STM32CubeIDE_1.13.2/STM32CubeIDE/plugins/com.st.stm32cube.ide.mcu.externaltools.gnu-tools-for-stm32.11.3.rel1.win32_1.1.1.202309131626/tools/bin/../lib/gcc/arm-none-eabi/11.3.1/../../../../arm-none-eabi/lib/thumb/v7-m/nofp\libc_nano.a(libc_a-mprec.o)
                0x0000000008011760                __s2b
 .text.__hi0bits
                0x00000000080117f4       0x40 C:/ST/STM32CubeIDE_1.13.2/STM32CubeIDE/plugins/com.st.stm32cube.ide.mcu.externaltools.gnu-tools-for-stm32.11.3.rel1.win32_1.1.1.202309131626/tools/bin/../lib/gcc/arm-none-eabi/11.3.1/../../../../arm-none-eabi/lib/thumb/v7-m/nofp\libc_nano.a(libc_a-mprec.o)
                0x00000000080117f4                __hi0bits
 .text.__lo0bits
                0x0000000008011834       0x5a C:/ST/STM32CubeIDE_1.13.2/STM32CubeIDE/plugins/com.st.stm32cube.ide.mcu.externaltools.gnu-tools-for-stm32.11.3.rel1.win32_1.1.1.202309131626/tools/bin/../lib/gcc/arm-none-eabi/11.3.1/../../../../arm-none-eabi/lib/thumb/v7-m/nofp\libc_nano.a(libc_a-mprec.o)
                0x0000000008011834                __lo0bits
 *fill*         0x000000000801188e        0x2 
 .text.__i2b    0x0000000008011890       0x2c C:/ST/STM32CubeIDE_1.13.2/STM32CubeIDE/plugins/com.st.stm32cube.ide.mcu.externaltools.gnu-tools-for-stm32.11.3.rel1.win32_1.1.1.202309131626/tools/bin/../lib/gcc/arm-none-eabi/11.3.1/../../../../arm-none-eabi/lib/thumb/v7-m/nofp\libc_nano.a(libc_a-mprec.o)
                0x0000000008011890                __i2b
 .text.__multiply
                0x00000000080118bc      0x150 C:/ST/STM32CubeIDE_1.13.2/STM32CubeIDE/plugins/com.st.stm32cube.ide.mcu.externaltools.gnu-tools-for-stm32.11.3.rel1.win32_1.1.1.202309131626/tools/bin/../lib/gcc/arm-none-eabi/11.3.1/../../../../arm-none-eabi/lib/thumb/v7-m/nofp\libc_nano.a(libc_a-mprec.o)
                0x00000000080118bc                __multiply
 .text.__pow5mult
                0x0000000008011a0c       0xb4 C:/ST/STM32CubeIDE_1.13.2/STM32CubeIDE/plugins/com.st.stm32cube.ide.mcu.externaltools.gnu-tools-for-stm32.11.3.rel1.win32_1.1.1.202309131626/tools/bin/../lib/gcc/arm-none-eabi/11.3.1/../../../../arm-none-eabi/lib/thumb/v7-m/nofp\libc_nano.a(libc_a-mprec.o)
                0x0000000008011a0c                __pow5mult
 .text.__lshift
                0x0000000008011ac0       0xd8 C:/ST/STM32CubeIDE_1.13.2/STM32CubeIDE/plugins/com.st.stm32cube.ide.mcu.externaltools.gnu-tools-for-stm32.11.3.rel1.win32_1.1.1.202309131626/tools/bin/../lib/gcc/arm-none-eabi/11.3.1/../../../../arm-none-eabi/lib/thumb/v7-m/nofp\libc_nano.a(libc_a-mprec.o)
                0x0000000008011ac0                __lshift
 .text.__mcmp   0x0000000008011b98       0x36 C:/ST/STM32CubeIDE_1.13.2/STM32CubeIDE/plugins/com.st.stm32cube.ide.mcu.externaltools.gnu-tools-for-stm32.11.3.rel1.win32_1.1.1.202309131626/tools/bin/../lib/gcc/arm-none-eabi/11.3.1/../../../../arm-none-eabi/lib/thumb/v7-m/nofp\libc_nano.a(libc_a-mprec.o)
                0x0000000008011b98                __mcmp
 *fill*         0x0000000008011bce        0x2 
 .text.__mdiff  0x0000000008011bd0      0x118 C:/ST/STM32CubeIDE_1.13.2/STM32CubeIDE/plugins/com.st.stm32cube.ide.mcu.externaltools.gnu-tools-for-stm32.11.3.rel1.win32_1.1.1.202309131626/tools/bin/../lib/gcc/arm-none-eabi/11.3.1/../../../../arm-none-eabi/lib/thumb/v7-m/nofp\libc_nano.a(libc_a-mprec.o)
                0x0000000008011bd0                __mdiff
 .text.__ulp    0x0000000008011ce8       0x40 C:/ST/STM32CubeIDE_1.13.2/STM32CubeIDE/plugins/com.st.stm32cube.ide.mcu.externaltools.gnu-tools-for-stm32.11.3.rel1.win32_1.1.1.202309131626/tools/bin/../lib/gcc/arm-none-eabi/11.3.1/../../../../arm-none-eabi/lib/thumb/v7-m/nofp\libc_nano.a(libc_a-mprec.o)
                0x0000000008011ce8                __ulp
 .text.__b2d    0x0000000008011d28       0x90 C:/ST/STM32CubeIDE_1.13.2/STM32CubeIDE/plugins/com.st.stm32cube.ide.mcu.externaltools.gnu-tools-for-stm32.11.3.rel1.win32_1.1.1.202309131626/tools/bin/../lib/gcc/arm-none-eabi/11.3.1/../../../../arm-none-eabi/lib/thumb/v7-m/nofp\libc_nano.a(libc_a-mprec.o)
                0x0000000008011d28                __b2d
 .text.__d2b    0x0000000008011db8       0xac C:/ST/STM32CubeIDE_1.13.2/STM32CubeIDE/plugins/com.st.stm32cube.ide.mcu.externaltools.gnu-tools-for-stm32.11.3.rel1.win32_1.1.1.202309131626/tools/bin/../lib/gcc/arm-none-eabi/11.3.1/../../../../arm-none-eabi/lib/thumb/v7-m/nofp\libc_nano.a(libc_a-mprec.o)
                0x0000000008011db8                __d2b
 .text.__ratio  0x0000000008011e64       0x5c C:/ST/STM32CubeIDE_1.13.2/STM32CubeIDE/plugins/com.st.stm32cube.ide.mcu.externaltools.gnu-tools-for-stm32.11.3.rel1.win32_1.1.1.202309131626/tools/bin/../lib/gcc/arm-none-eabi/11.3.1/../../../../arm-none-eabi/lib/thumb/v7-m/nofp\libc_nano.a(libc_a-mprec.o)
                0x0000000008011e64                __ratio
 .text.__copybits
                0x0000000008011ec0       0x46 C:/ST/STM32CubeIDE_1.13.2/STM32CubeIDE/plugins/com.st.stm32cube.ide.mcu.externaltools.gnu-tools-for-stm32.11.3.rel1.win32_1.1.1.202309131626/tools/bin/../lib/gcc/arm-none-eabi/11.3.1/../../../../arm-none-eabi/lib/thumb/v7-m/nofp\libc_nano.a(libc_a-mprec.o)
                0x0000000008011ec0                __copybits
 .text.__any_on
                0x0000000008011f06       0x42 C:/ST/STM32CubeIDE_1.13.2/STM32CubeIDE/plugins/com.st.stm32cube.ide.mcu.externaltools.gnu-tools-for-stm32.11.3.rel1.win32_1.1.1.202309131626/tools/bin/../lib/gcc/arm-none-eabi/11.3.1/../../../../arm-none-eabi/lib/thumb/v7-m/nofp\libc_nano.a(libc_a-mprec.o)
                0x0000000008011f06                __any_on
 .text.__ascii_wctomb
                0x0000000008011f48       0x1a C:/ST/STM32CubeIDE_1.13.2/STM32CubeIDE/plugins/com.st.stm32cube.ide.mcu.externaltools.gnu-tools-for-stm32.11.3.rel1.win32_1.1.1.202309131626/tools/bin/../lib/gcc/arm-none-eabi/11.3.1/../../../../arm-none-eabi/lib/thumb/v7-m/nofp\libc_nano.a(libc_a-wctomb_r.o)
                0x0000000008011f48                __ascii_wctomb
 .text.__ssputs_r
                0x0000000008011f62       0xb4 C:/ST/STM32CubeIDE_1.13.2/STM32CubeIDE/plugins/com.st.stm32cube.ide.mcu.externaltools.gnu-tools-for-stm32.11.3.rel1.win32_1.1.1.202309131626/tools/bin/../lib/gcc/arm-none-eabi/11.3.1/../../../../arm-none-eabi/lib/thumb/v7-m/nofp\libc_nano.a(libc_a-nano-svfprintf.o)
                0x0000000008011f62                __ssputs_r
 *fill*         0x0000000008012016        0x2 
 .text._svfprintf_r
                0x0000000008012018      0x1fc C:/ST/STM32CubeIDE_1.13.2/STM32CubeIDE/plugins/com.st.stm32cube.ide.mcu.externaltools.gnu-tools-for-stm32.11.3.rel1.win32_1.1.1.202309131626/tools/bin/../lib/gcc/arm-none-eabi/11.3.1/../../../../arm-none-eabi/lib/thumb/v7-m/nofp\libc_nano.a(libc_a-nano-svfprintf.o)
                0x0000000008012018                _svfiprintf_r
                0x0000000008012018                _svfprintf_r
 .text.__sfputc_r
                0x0000000008012214       0x2a C:/ST/STM32CubeIDE_1.13.2/STM32CubeIDE/plugins/com.st.stm32cube.ide.mcu.externaltools.gnu-tools-for-stm32.11.3.rel1.win32_1.1.1.202309131626/tools/bin/../lib/gcc/arm-none-eabi/11.3.1/../../../../arm-none-eabi/lib/thumb/v7-m/nofp\libc_nano.a(libc_a-nano-vfprintf.o)
 .text.__sfputs_r
                0x000000000801223e       0x24 C:/ST/STM32CubeIDE_1.13.2/STM32CubeIDE/plugins/com.st.stm32cube.ide.mcu.externaltools.gnu-tools-for-stm32.11.3.rel1.win32_1.1.1.202309131626/tools/bin/../lib/gcc/arm-none-eabi/11.3.1/../../../../arm-none-eabi/lib/thumb/v7-m/nofp\libc_nano.a(libc_a-nano-vfprintf.o)
                0x000000000801223e                __sfputs_r
 *fill*         0x0000000008012262        0x2 
 .text._vfprintf_r
                0x0000000008012264      0x234 C:/ST/STM32CubeIDE_1.13.2/STM32CubeIDE/plugins/com.st.stm32cube.ide.mcu.externaltools.gnu-tools-for-stm32.11.3.rel1.win32_1.1.1.202309131626/tools/bin/../lib/gcc/arm-none-eabi/11.3.1/../../../../arm-none-eabi/lib/thumb/v7-m/nofp\libc_nano.a(libc_a-nano-vfprintf.o)
                0x0000000008012264                _vfprintf_r
                0x0000000008012264                _vfiprintf_r
 .text._printf_common
                0x0000000008012498       0xe4 C:/ST/STM32CubeIDE_1.13.2/STM32CubeIDE/plugins/com.st.stm32cube.ide.mcu.externaltools.gnu-tools-for-stm32.11.3.rel1.win32_1.1.1.202309131626/tools/bin/../lib/gcc/arm-none-eabi/11.3.1/../../../../arm-none-eabi/lib/thumb/v7-m/nofp\libc_nano.a(libc_a-nano-vfprintf_i.o)
                0x0000000008012498                _printf_common
 .text._printf_i
                0x000000000801257c      0x244 C:/ST/STM32CubeIDE_1.13.2/STM32CubeIDE/plugins/com.st.stm32cube.ide.mcu.externaltools.gnu-tools-for-stm32.11.3.rel1.win32_1.1.1.202309131626/tools/bin/../lib/gcc/arm-none-eabi/11.3.1/../../../../arm-none-eabi/lib/thumb/v7-m/nofp\libc_nano.a(libc_a-nano-vfprintf_i.o)
                0x000000000801257c                _printf_i
 .text.__sflush_r
                0x00000000080127c0      0x104 C:/ST/STM32CubeIDE_1.13.2/STM32CubeIDE/plugins/com.st.stm32cube.ide.mcu.externaltools.gnu-tools-for-stm32.11.3.rel1.win32_1.1.1.202309131626/tools/bin/../lib/gcc/arm-none-eabi/11.3.1/../../../../arm-none-eabi/lib/thumb/v7-m/nofp\libc_nano.a(libc_a-fflush.o)
                0x00000000080127c0                __sflush_r
 .text._fflush_r
                0x00000000080128c4       0x50 C:/ST/STM32CubeIDE_1.13.2/STM32CubeIDE/plugins/com.st.stm32cube.ide.mcu.externaltools.gnu-tools-for-stm32.11.3.rel1.win32_1.1.1.202309131626/tools/bin/../lib/gcc/arm-none-eabi/11.3.1/../../../../arm-none-eabi/lib/thumb/v7-m/nofp\libc_nano.a(libc_a-fflush.o)
                0x00000000080128c4                _fflush_r
 .text.__swhatbuf_r
                0x0000000008012914       0x4a C:/ST/STM32CubeIDE_1.13.2/STM32CubeIDE/plugins/com.st.stm32cube.ide.mcu.externaltools.gnu-tools-for-stm32.11.3.rel1.win32_1.1.1.202309131626/tools/bin/../lib/gcc/arm-none-eabi/11.3.1/../../../../arm-none-eabi/lib/thumb/v7-m/nofp\libc_nano.a(libc_a-makebuf.o)
                0x0000000008012914                __swhatbuf_r
 .text.__smakebuf_r
                0x000000000801295e       0x78 C:/ST/STM32CubeIDE_1.13.2/STM32CubeIDE/plugins/com.st.stm32cube.ide.mcu.externaltools.gnu-tools-for-stm32.11.3.rel1.win32_1.1.1.202309131626/tools/bin/../lib/gcc/arm-none-eabi/11.3.1/../../../../arm-none-eabi/lib/thumb/v7-m/nofp\libc_nano.a(libc_a-makebuf.o)
                0x000000000801295e                __smakebuf_r
 .text.memmove  0x00000000080129d6       0x34 C:/ST/STM32CubeIDE_1.13.2/STM32CubeIDE/plugins/com.st.stm32cube.ide.mcu.externaltools.gnu-tools-for-stm32.11.3.rel1.win32_1.1.1.202309131626/tools/bin/../lib/gcc/arm-none-eabi/11.3.1/../../../../arm-none-eabi/lib/thumb/v7-m/nofp\libc_nano.a(libc_a-memmove.o)
                0x00000000080129d6                memmove
 *fill*         0x0000000008012a0a        0x2 
 .text._fstat_r
                0x0000000008012a0c       0x24 C:/ST/STM32CubeIDE_1.13.2/STM32CubeIDE/plugins/com.st.stm32cube.ide.mcu.externaltools.gnu-tools-for-stm32.11.3.rel1.win32_1.1.1.202309131626/tools/bin/../lib/gcc/arm-none-eabi/11.3.1/../../../../arm-none-eabi/lib/thumb/v7-m/nofp\libc_nano.a(libc_a-fstatr.o)
                0x0000000008012a0c                _fstat_r
 .text._isatty_r
                0x0000000008012a30       0x20 C:/ST/STM32CubeIDE_1.13.2/STM32CubeIDE/plugins/com.st.stm32cube.ide.mcu.externaltools.gnu-tools-for-stm32.11.3.rel1.win32_1.1.1.202309131626/tools/bin/../lib/gcc/arm-none-eabi/11.3.1/../../../../arm-none-eabi/lib/thumb/v7-m/nofp\libc_nano.a(libc_a-isattyr.o)
                0x0000000008012a30                _isatty_r
 .text.memchr   0x0000000008012a50       0x1c C:/ST/STM32CubeIDE_1.13.2/STM32CubeIDE/plugins/com.st.stm32cube.ide.mcu.externaltools.gnu-tools-for-stm32.11.3.rel1.win32_1.1.1.202309131626/tools/bin/../lib/gcc/arm-none-eabi/11.3.1/../../../../arm-none-eabi/lib/thumb/v7-m/nofp\libc_nano.a(libc_a-memchr-stub.o)
                0x0000000008012a50                memchr
 .text.__assert_func
                0x0000000008012a6c       0x3c C:/ST/STM32CubeIDE_1.13.2/STM32CubeIDE/plugins/com.st.stm32cube.ide.mcu.externaltools.gnu-tools-for-stm32.11.3.rel1.win32_1.1.1.202309131626/tools/bin/../lib/gcc/arm-none-eabi/11.3.1/../../../../arm-none-eabi/lib/thumb/v7-m/nofp\libc_nano.a(libc_a-assert.o)
                0x0000000008012a6c                __assert_func
 .text._calloc_r
                0x0000000008012aa8       0x28 C:/ST/STM32CubeIDE_1.13.2/STM32CubeIDE/plugins/com.st.stm32cube.ide.mcu.externaltools.gnu-tools-for-stm32.11.3.rel1.win32_1.1.1.202309131626/tools/bin/../lib/gcc/arm-none-eabi/11.3.1/../../../../arm-none-eabi/lib/thumb/v7-m/nofp\libc_nano.a(libc_a-callocr.o)
                0x0000000008012aa8                _calloc_r
 .text._realloc_r
                0x0000000008012ad0       0x5e C:/ST/STM32CubeIDE_1.13.2/STM32CubeIDE/plugins/com.st.stm32cube.ide.mcu.externaltools.gnu-tools-for-stm32.11.3.rel1.win32_1.1.1.202309131626/tools/bin/../lib/gcc/arm-none-eabi/11.3.1/../../../../arm-none-eabi/lib/thumb/v7-m/nofp\libc_nano.a(libc_a-reallocr.o)
                0x0000000008012ad0                _realloc_r
 *fill*         0x0000000008012b2e        0x2 
 .text.fprintf  0x0000000008012b30       0x24 C:/ST/STM32CubeIDE_1.13.2/STM32CubeIDE/plugins/com.st.stm32cube.ide.mcu.externaltools.gnu-tools-for-stm32.11.3.rel1.win32_1.1.1.202309131626/tools/bin/../lib/gcc/arm-none-eabi/11.3.1/../../../../arm-none-eabi/lib/thumb/v7-m/nofp\libc_nano.a(libc_a-fprintf.o)
                0x0000000008012b30                fiprintf
                0x0000000008012b30                fprintf
 .text.abort    0x0000000008012b54        0xe C:/ST/STM32CubeIDE_1.13.2/STM32CubeIDE/plugins/com.st.stm32cube.ide.mcu.externaltools.gnu-tools-for-stm32.11.3.rel1.win32_1.1.1.202309131626/tools/bin/../lib/gcc/arm-none-eabi/11.3.1/../../../../arm-none-eabi/lib/thumb/v7-m/nofp\libc_nano.a(libc_a-abort.o)
                0x0000000008012b54                abort
 .text._malloc_usable_size_r
                0x0000000008012b62       0x10 C:/ST/STM32CubeIDE_1.13.2/STM32CubeIDE/plugins/com.st.stm32cube.ide.mcu.externaltools.gnu-tools-for-stm32.11.3.rel1.win32_1.1.1.202309131626/tools/bin/../lib/gcc/arm-none-eabi/11.3.1/../../../../arm-none-eabi/lib/thumb/v7-m/nofp\libc_nano.a(libc_a-msizer.o)
                0x0000000008012b62                _malloc_usable_size_r
 .text._raise_r
                0x0000000008012b72       0x50 C:/ST/STM32CubeIDE_1.13.2/STM32CubeIDE/plugins/com.st.stm32cube.ide.mcu.externaltools.gnu-tools-for-stm32.11.3.rel1.win32_1.1.1.202309131626/tools/bin/../lib/gcc/arm-none-eabi/11.3.1/../../../../arm-none-eabi/lib/thumb/v7-m/nofp\libc_nano.a(libc_a-signal.o)
                0x0000000008012b72                _raise_r
 *fill*         0x0000000008012bc2        0x2 
 .text.raise    0x0000000008012bc4       0x10 C:/ST/STM32CubeIDE_1.13.2/STM32CubeIDE/plugins/com.st.stm32cube.ide.mcu.externaltools.gnu-tools-for-stm32.11.3.rel1.win32_1.1.1.202309131626/tools/bin/../lib/gcc/arm-none-eabi/11.3.1/../../../../arm-none-eabi/lib/thumb/v7-m/nofp\libc_nano.a(libc_a-signal.o)
                0x0000000008012bc4                raise
 .text._kill_r  0x0000000008012bd4       0x24 C:/ST/STM32CubeIDE_1.13.2/STM32CubeIDE/plugins/com.st.stm32cube.ide.mcu.externaltools.gnu-tools-for-stm32.11.3.rel1.win32_1.1.1.202309131626/tools/bin/../lib/gcc/arm-none-eabi/11.3.1/../../../../arm-none-eabi/lib/thumb/v7-m/nofp\libc_nano.a(libc_a-signalr.o)
                0x0000000008012bd4                _kill_r
 .text._getpid_r