../Core/Src/fattester.c:26:4:mf_mount	0	static
../Core/Src/fattester.c:34:4:mf_open	16	static
../Core/Src/fattester.c:43:4:mf_close	8	static
../Core/Src/fattester.c:51:4:mf_read	32	static
../Core/Src/fattester.c:90:4:mf_write	16	static
../Core/Src/fattester.c:108:4:mf_opendir	0	static
../Core/Src/fattester.c:114:4:mf_closedir	0	static
../Core/Src/fattester.c:120:4:mf_readdir	16	static
../Core/Src/fattester.c:149:4:mf_scan_files	24	static
../Core/Src/fattester.c:170:5:mf_showfree	16	static
../Core/Src/fattester.c:204:4:mf_lseek	0	static
../Core/Src/fattester.c:210:5:mf_tell	0	static
../Core/Src/fattester.c:216:5:mf_size	0	static
../Core/Src/fattester.c:223:4:mf_mkdir	0	static
../Core/Src/fattester.c:232:4:mf_fmkfs	0	static
../Core/Src/fattester.c:239:4:mf_unlink	0	static
../Core/Src/fattester.c:248:4:mf_rename	0	static
../Core/Src/fattester.c:254:6:mf_getlabel	32	static
../Core/Src/fattester.c:268:6:mf_setlabel	8	static
../Core/Src/fattester.c:280:6:mf_gets	8	static
../Core/Src/fattester.c:294:4:mf_putc	8	static
../Core/Src/fattester.c:301:4:mf_puts	8	static
