../Core/Src/ff.c:600:7:ld_dword	0	static
../Core/Src/ff.c:613:7:ld_qword	0	static
../Core/Src/ff.c:638:6:st_dword	0	static
../Core/Src/ff.c:648:6:st_qword	0	static
../Core/Src/ff.c:681:6:mem_set	0	static
../Core/Src/ff.c:955:7:clust2sect	0	static
../Core/Src/ff.c:1379:7:clmt_clust	16	static
../Core/Src/ff.c:1586:6:st_clust	0	static
../Core/Src/ff.c:1782:6:sum_sfn	0	static
../Core/Src/ff.c:1803:6:xdir_sum	8	static
../Core/Src/ff.c:2813:5:get_ldnumber	8	static
../Core/Src/ff.c:3120:9:validate	16	static
../Core/Src/ff.c:1825:6:xname_sum	16	static
../Core/Src/ff.c:670:6:mem_cpy.part.0	0	static
../Core/Src/ff.c:856:9:sync_window.part.0	24	static
../Core/Src/ff.c:856:9:sync_window	0	static
../Core/Src/ff.c:885:9:move_window	16	static
../Core/Src/ff.c:973:7:get_fat	24	static
../Core/Src/ff.c:1152:9:change_bitmap	32	static
../Core/Src/ff.c:2874:6:check_fs	8	static
../Core/Src/ff.c:2900:9:find_volume	40	static
../Core/Src/ff.c:1049:9:put_fat	32	static
../Core/Src/ff.c:1213:9:remove_chain	32	static
../Core/Src/ff.c:1187:9:fill_fat_chain	16	static
../Core/Src/ff.c:916:9:sync_fs	24	static
../Core/Src/ff.c:2347:6:get_fileinfo	24	static
../Core/Src/ff.c:1295:7:create_chain	40	static
../Core/Src/ff.c:1568:7:ld_clust.isra	0	static
../Core/Src/ff.c:1456:9:dir_next	32	static
../Core/Src/ff.c:1893:9:load_xdir	24	static
../Core/Src/ff.c:2042:9:dir_read	32	static
../Core/Src/ff.c:1407:9:dir_sdi	24	static
../Core/Src/ff.c:2118:9:dir_find	56	static
../Core/Src/ff.c:2725:9:follow_path	48	static
../Core/Src/ff.c:1526:9:dir_alloc	24	static
../Core/Src/ff.c:1971:9:store_xdir	24	static
../Core/Src/ff.c:2196:9:dir_register	128	static
../Core/Src/ff.c:2300:9:dir_remove	24	static
../Core/Src/ff.c:3155:9:f_mount	24	static
../Core/Src/ff.c:3202:9:f_open	128	static
../Core/Src/ff.c:3375:9:f_read	64	static
../Core/Src/ff.c:3483:9:f_write	56	static
../Core/Src/ff.c:5581:6:putc_bfd	24	static
../Core/Src/ff.c:3614:9:f_sync	104	static
../Core/Src/ff.c:3694:9:f_close	16	static
../Core/Src/ff.c:3881:9:f_lseek	64	static
../Core/Src/ff.c:4041:9:f_opendir	48	static
../Core/Src/ff.c:4111:9:f_closedir	16	static
../Core/Src/ff.c:4145:9:f_readdir	40	static
../Core/Src/ff.c:4233:9:f_stat	112	static
../Core/Src/ff.c:4268:9:f_getfree	88	static
../Core/Src/ff.c:4355:9:f_truncate	24	static
../Core/Src/ff.c:4405:9:f_unlink	232	static
../Core/Src/ff.c:4500:9:f_mkdir	144	static
../Core/Src/ff.c:4594:9:f_rename	256	static
../Core/Src/ff.c:4790:9:f_getlabel	120	static
../Core/Src/ff.c:4879:9:f_setlabel	136	static
../Core/Src/ff.c:5165:9:f_mkfs	72	static
../Core/Src/ff.c:5494:8:f_gets	32	static
../Core/Src/ff.c:5637:5:f_putc	88	static
../Core/Src/ff.c:5664:5:f_puts	88	static
../Core/Src/ff.c:5692:5:f_printf	164	static
