../Core/Src/stm32f1xx_it.c:76:6:NMI_Handler	0	static
../Core/Src/stm32f1xx_it.c:91:6:HardFault_Handler	0	static
../Core/Src/stm32f1xx_it.c:106:6:MemManage_Handler	0	static
../Core/Src/stm32f1xx_it.c:121:6:BusFault_Handler	0	static
../Core/Src/stm32f1xx_it.c:136:6:UsageFault_Handler	0	static
../Core/Src/stm32f1xx_it.c:151:6:SVC_Handler	0	static
../Core/Src/stm32f1xx_it.c:164:6:DebugMon_Handler	0	static
../Core/Src/stm32f1xx_it.c:177:6:PendSV_Handler	0	static
../Core/Src/stm32f1xx_it.c:190:6:SysTick_Handler	0	static
../Core/Src/stm32f1xx_it.c:211:6:RTC_IRQHandler	0	static
../Core/Src/stm32f1xx_it.c:225:6:EXTI0_IRQHandler	0	static
../Core/Src/stm32f1xx_it.c:239:6:EXTI9_5_IRQHandler	0	static
../Core/Src/stm32f1xx_it.c:253:6:TIM3_IRQHandler	0	static
../Core/Src/stm32f1xx_it.c:267:6:USART1_IRQHandler	8	static
../Core/Src/stm32f1xx_it.c:281:6:EXTI15_10_IRQHandler	0	static
../Core/Src/stm32f1xx_it.c:294:6:HAL_UART_RxCpltCallback	8	static
../Core/Src/stm32f1xx_it.c:313:6:HAL_GPIO_EXTI_Callback	8	static
