../Core/Src/stm32f1xx_it.c:77:6:NMI_Handler	0	static
../Core/Src/stm32f1xx_it.c:92:6:HardFault_Handler	0	static
../Core/Src/stm32f1xx_it.c:107:6:MemManage_Handler	0	static
../Core/Src/stm32f1xx_it.c:122:6:BusFault_Handler	0	static
../Core/Src/stm32f1xx_it.c:137:6:UsageFault_Handler	0	static
../Core/Src/stm32f1xx_it.c:152:6:SVC_Handler	0	static
../Core/Src/stm32f1xx_it.c:165:6:DebugMon_Handler	0	static
../Core/Src/stm32f1xx_it.c:178:6:PendSV_Handler	0	static
../Core/Src/stm32f1xx_it.c:191:6:SysTick_Handler	0	static
../Core/Src/stm32f1xx_it.c:212:6:RTC_IRQHandler	0	static
../Core/Src/stm32f1xx_it.c:226:6:EXTI0_IRQHandler	0	static
../Core/Src/stm32f1xx_it.c:240:6:EXTI9_5_IRQHandler	0	static
../Core/Src/stm32f1xx_it.c:254:6:TIM3_IRQHandler	0	static
../Core/Src/stm32f1xx_it.c:268:6:USART1_IRQHandler	8	static
../Core/Src/stm32f1xx_it.c:282:6:EXTI15_10_IRQHandler	0	static
../Core/Src/stm32f1xx_it.c:309:6:HAL_UART_RxCpltCallback	16	static
../Core/Src/stm32f1xx_it.c:334:6:HAL_GPIO_EXTI_Callback	8	static
