../Core/Src/stm32f1xx_it.c:78:6:NMI_Handler	0	static
../Core/Src/stm32f1xx_it.c:93:6:HardFault_Handler	0	static
../Core/Src/stm32f1xx_it.c:108:6:MemManage_Handler	0	static
../Core/Src/stm32f1xx_it.c:123:6:BusFault_Handler	0	static
../Core/Src/stm32f1xx_it.c:138:6:UsageFault_Handler	0	static
../Core/Src/stm32f1xx_it.c:153:6:SVC_Handler	0	static
../Core/Src/stm32f1xx_it.c:166:6:DebugMon_Handler	0	static
../Core/Src/stm32f1xx_it.c:179:6:PendSV_Handler	0	static
../Core/Src/stm32f1xx_it.c:192:6:SysTick_Handler	0	static
../Core/Src/stm32f1xx_it.c:213:6:RTC_IRQHandler	0	static
../Core/Src/stm32f1xx_it.c:227:6:EXTI0_IRQHandler	0	static
../Core/Src/stm32f1xx_it.c:241:6:EXTI9_5_IRQHandler	0	static
../Core/Src/stm32f1xx_it.c:255:6:TIM3_IRQHandler	0	static
../Core/Src/stm32f1xx_it.c:269:6:USART1_IRQHandler	8	static
../Core/Src/stm32f1xx_it.c:283:6:EXTI15_10_IRQHandler	0	static
../Core/Src/stm32f1xx_it.c:297:6:SDIO_IRQHandler	0	static
../Core/Src/stm32f1xx_it.c:311:6:DMA2_Channel4_5_IRQHandler	0	static
../Core/Src/stm32f1xx_it.c:324:6:HAL_UART_RxCpltCallback	8	static
../Core/Src/stm32f1xx_it.c:343:6:HAL_GPIO_EXTI_Callback	8	static
