../Core/Src/stm32f1xx_it.c:79:6:NMI_Handler	0	static
../Core/Src/stm32f1xx_it.c:94:6:HardFault_Handler	0	static
../Core/Src/stm32f1xx_it.c:109:6:MemManage_Handler	0	static
../Core/Src/stm32f1xx_it.c:124:6:BusFault_Handler	0	static
../Core/Src/stm32f1xx_it.c:139:6:UsageFault_Handler	0	static
../Core/Src/stm32f1xx_it.c:154:6:SVC_Handler	0	static
../Core/Src/stm32f1xx_it.c:167:6:DebugMon_Handler	0	static
../Core/Src/stm32f1xx_it.c:180:6:PendSV_Handler	0	static
../Core/Src/stm32f1xx_it.c:193:6:SysTick_Handler	0	static
../Core/Src/stm32f1xx_it.c:214:6:RTC_IRQHandler	0	static
../Core/Src/stm32f1xx_it.c:228:6:EXTI0_IRQHandler	0	static
../Core/Src/stm32f1xx_it.c:242:6:EXTI9_5_IRQHandler	0	static
../Core/Src/stm32f1xx_it.c:256:6:TIM3_IRQHandler	0	static
../Core/Src/stm32f1xx_it.c:270:6:USART1_IRQHandler	8	static
../Core/Src/stm32f1xx_it.c:284:6:EXTI15_10_IRQHandler	0	static
../Core/Src/stm32f1xx_it.c:298:6:SDIO_IRQHandler	0	static
../Core/Src/stm32f1xx_it.c:312:6:DMA2_Channel4_5_IRQHandler	0	static
../Core/Src/stm32f1xx_it.c:325:6:HAL_UART_RxCpltCallback	8	static
../Core/Src/stm32f1xx_it.c:344:6:HAL_GPIO_EXTI_Callback	8	static
../Core/Src/stm32f1xx_it.c:376:9:BSP_SD_IsDetected	8	static
