../Core/Src/tetris.c:29:6:initMap	16	static
../Core/Src/tetris.c:48:6:initBlock	88	static
../Core/Src/tetris.c:90:14:generate_seed	8	dynamic
../Core/Src/tetris.c:95:6:initGame	8	static
../Core/Src/tetris.c:103:5:drawBlock	24	static
../Core/Src/tetris.c:116:6:drawSpace	20	static
../Core/Src/tetris.c:126:5:isLegal	28	static
../Core/Src/tetris.c:139:5:clearRow	24	static
../Core/Src/tetris.c:164:5:inRange	0	static
../Core/Src/tetris.c:165:6:getInstruction	0	static
../Core/Src/tetris.c:175:6:printMap	56	dynamic
../Core/Src/tetris.c:221:6:printNextBlock	56	dynamic
../Core/Src/tetris.c:264:6:startGame	400	static
../Core/Src/tetris.c:408:6:getMap	8	static
../Core/Src/tetris.c:410:5:getScore	0	static
../Core/Src/tetris.c:412:6:draw_tetris_screen	48	static
../Core/Src/tetris.c:401:6:tetris	8	static
