../Core/Src/tetris.c:22:6:initMap	16	static
../Core/Src/tetris.c:41:6:initBlock	88	static
../Core/Src/tetris.c:83:6:initGame	8	static
../Core/Src/tetris.c:91:5:drawBlock	24	static
../Core/Src/tetris.c:104:6:drawSpace	20	static
../Core/Src/tetris.c:114:5:isLegal	28	static
../Core/Src/tetris.c:127:5:clearRow	24	static
../Core/Src/tetris.c:152:5:inRange	0	static
../Core/Src/tetris.c:153:6:getInstruction	0	static
../Core/Src/tetris.c:163:6:printMap	56	dynamic
../Core/Src/tetris.c:209:6:printNextBlock	56	dynamic
../Core/Src/tetris.c:252:6:startGame	80	static
../Core/Src/tetris.c:386:6:getMap	8	static
../Core/Src/tetris.c:388:5:getScore	0	static
../Core/Src/tetris.c:390:6:draw_tetris_screen	48	static
../Core/Src/tetris.c:379:6:tetris	8	static
