../Core/Src/utils.c:15:13:getDayOfWeekString	56	static
../Core/Src/utils.c:22:6:draw_initial_screen	1048	static
../Core/Src/utils.c:53:9:Is_Leap_Year	16	static
../Core/Src/utils.c:65:5:calculate_week	40	static
../Core/Src/utils.c:79:9:RTC_Get	24	static
../Core/Src/utils.c:138:9:RTC_Set	32	static
../Core/Src/utils.c:177:6:update_time	72	static
../Core/Src/utils.c:190:6:draw_chat_screen	16	static
../Core/Src/utils.c:202:6:draw_calc_screen	88	static
../Core/Src/utils.c:250:6:draw_pic_screen	16	static
../Core/Src/utils.c:256:9:press_between	16	static
../Core/Src/utils.c:263:9:press_calc_button	40	static
../Core/Src/utils.c:271:6:clear_calc_equation	16	static
../Core/Src/utils.c:274:6:clear_calc_result	16	static
../Core/Src/utils.c:278:6:display_calc_equation	56	static
../Core/Src/utils.c:290:6:floatToString	56	static
../Core/Src/utils.c:332:6:work_for_calc	408	static
../Core/Src/utils.c:501:6:calc_button_shift_handler	16	static
../Core/Src/utils.c:525:6:calc_touch_screen_handler	48	static
