../Core/Src/utils.c:6297:13:getDayOfWeekString	56	static
../Core/Src/utils.c:6304:6:draw_initial_screen	1048	static
../Core/Src/utils.c:6335:9:Is_Leap_Year	16	static
../Core/Src/utils.c:6347:5:calculate_week	40	static
../Core/Src/utils.c:6361:9:RTC_Get	24	static
../Core/Src/utils.c:6420:9:RTC_Set	32	static
../Core/Src/utils.c:6459:6:update_time	72	static
../Core/Src/utils.c:6472:6:draw_chat_screen	16	static
../Core/Src/utils.c:6483:6:draw_calc_screen	88	static
../Core/Src/utils.c:6520:6:draw_pic_screen	16	static
../Core/Src/utils.c:6526:9:press_between	16	static
../Core/Src/utils.c:6533:9:press_calc_button	40	static
../Core/Src/utils.c:6541:6:clear_calc_equation	16	static
../Core/Src/utils.c:6544:6:clear_calc_result	16	static
../Core/Src/utils.c:6548:6:display_calc_equation	56	static
../Core/Src/utils.c:6560:6:floatToString	56	static
../Core/Src/utils.c:6604:6:work_for_calc	408	static
../Core/Src/utils.c:6773:6:calc_touch_screen_handler	32	static
../Core/Src/utils.c:6809:6:calc_button_shift_handler	16	static
