Archive member included to satisfy reference by file (symbol)

C:/ST/STM32CubeIDE_1.13.2/STM32CubeIDE/plugins/com.st.stm32cube.ide.mcu.externaltools.gnu-tools-for-stm32.11.3.rel1.win32_1.1.1.202309131626/tools/bin/../lib/gcc/arm-none-eabi/11.3.1/../../../../arm-none-eabi/lib/thumb/v7-m/nofp\libc_nano.a(libc_a-exit.o)
                              C:/ST/STM32CubeIDE_1.13.2/STM32CubeIDE/plugins/com.st.stm32cube.ide.mcu.externaltools.gnu-tools-for-stm32.11.3.rel1.win32_1.1.1.202309131626/tools/bin/../lib/gcc/arm-none-eabi/11.3.1/../../../../arm-none-eabi/lib/thumb/v7-m/nofp/crt0.o (exit)
C:/ST/STM32CubeIDE_1.13.2/STM32CubeIDE/plugins/com.st.stm32cube.ide.mcu.externaltools.gnu-tools-for-stm32.11.3.rel1.win32_1.1.1.202309131626/tools/bin/../lib/gcc/arm-none-eabi/11.3.1/../../../../arm-none-eabi/lib/thumb/v7-m/nofp\libc_nano.a(libc_a-findfp.o)
                              C:/ST/STM32CubeIDE_1.13.2/STM32CubeIDE/plugins/com.st.stm32cube.ide.mcu.externaltools.gnu-tools-for-stm32.11.3.rel1.win32_1.1.1.202309131626/tools/bin/../lib/gcc/arm-none-eabi/11.3.1/../../../../arm-none-eabi/lib/thumb/v7-m/nofp\libc_nano.a(libc_a-exit.o) (__stdio_exit_handler)
C:/ST/STM32CubeIDE_1.13.2/STM32CubeIDE/plugins/com.st.stm32cube.ide.mcu.externaltools.gnu-tools-for-stm32.11.3.rel1.win32_1.1.1.202309131626/tools/bin/../lib/gcc/arm-none-eabi/11.3.1/../../../../arm-none-eabi/lib/thumb/v7-m/nofp\libc_nano.a(libc_a-fwalk.o)
                              C:/ST/STM32CubeIDE_1.13.2/STM32CubeIDE/plugins/com.st.stm32cube.ide.mcu.externaltools.gnu-tools-for-stm32.11.3.rel1.win32_1.1.1.202309131626/tools/bin/../lib/gcc/arm-none-eabi/11.3.1/../../../../arm-none-eabi/lib/thumb/v7-m/nofp\libc_nano.a(libc_a-findfp.o) (_fwalk_sglue)
C:/ST/STM32CubeIDE_1.13.2/STM32CubeIDE/plugins/com.st.stm32cube.ide.mcu.externaltools.gnu-tools-for-stm32.11.3.rel1.win32_1.1.1.202309131626/tools/bin/../lib/gcc/arm-none-eabi/11.3.1/../../../../arm-none-eabi/lib/thumb/v7-m/nofp\libc_nano.a(libc_a-stdio.o)
                              C:/ST/STM32CubeIDE_1.13.2/STM32CubeIDE/plugins/com.st.stm32cube.ide.mcu.externaltools.gnu-tools-for-stm32.11.3.rel1.win32_1.1.1.202309131626/tools/bin/../lib/gcc/arm-none-eabi/11.3.1/../../../../arm-none-eabi/lib/thumb/v7-m/nofp\libc_nano.a(libc_a-findfp.o) (__sread)
C:/ST/STM32CubeIDE_1.13.2/STM32CubeIDE/plugins/com.st.stm32cube.ide.mcu.externaltools.gnu-tools-for-stm32.11.3.rel1.win32_1.1.1.202309131626/tools/bin/../lib/gcc/arm-none-eabi/11.3.1/../../../../arm-none-eabi/lib/thumb/v7-m/nofp\libc_nano.a(libc_a-memset.o)
                              C:/ST/STM32CubeIDE_1.13.2/STM32CubeIDE/plugins/com.st.stm32cube.ide.mcu.externaltools.gnu-tools-for-stm32.11.3.rel1.win32_1.1.1.202309131626/tools/bin/../lib/gcc/arm-none-eabi/11.3.1/../../../../arm-none-eabi/lib/thumb/v7-m/nofp/crt0.o (memset)
C:/ST/STM32CubeIDE_1.13.2/STM32CubeIDE/plugins/com.st.stm32cube.ide.mcu.externaltools.gnu-tools-for-stm32.11.3.rel1.win32_1.1.1.202309131626/tools/bin/../lib/gcc/arm-none-eabi/11.3.1/../../../../arm-none-eabi/lib/thumb/v7-m/nofp\libc_nano.a(libc_a-closer.o)
                              C:/ST/STM32CubeIDE_1.13.2/STM32CubeIDE/plugins/com.st.stm32cube.ide.mcu.externaltools.gnu-tools-for-stm32.11.3.rel1.win32_1.1.1.202309131626/tools/bin/../lib/gcc/arm-none-eabi/11.3.1/../../../../arm-none-eabi/lib/thumb/v7-m/nofp\libc_nano.a(libc_a-stdio.o) (_close_r)
C:/ST/STM32CubeIDE_1.13.2/STM32CubeIDE/plugins/com.st.stm32cube.ide.mcu.externaltools.gnu-tools-for-stm32.11.3.rel1.win32_1.1.1.202309131626/tools/bin/../lib/gcc/arm-none-eabi/11.3.1/../../../../arm-none-eabi/lib/thumb/v7-m/nofp\libc_nano.a(libc_a-reent.o)
                              C:/ST/STM32CubeIDE_1.13.2/STM32CubeIDE/plugins/com.st.stm32cube.ide.mcu.externaltools.gnu-tools-for-stm32.11.3.rel1.win32_1.1.1.202309131626/tools/bin/../lib/gcc/arm-none-eabi/11.3.1/../../../../arm-none-eabi/lib/thumb/v7-m/nofp\libc_nano.a(libc_a-closer.o) (errno)
C:/ST/STM32CubeIDE_1.13.2/STM32CubeIDE/plugins/com.st.stm32cube.ide.mcu.externaltools.gnu-tools-for-stm32.11.3.rel1.win32_1.1.1.202309131626/tools/bin/../lib/gcc/arm-none-eabi/11.3.1/../../../../arm-none-eabi/lib/thumb/v7-m/nofp\libc_nano.a(libc_a-impure.o)
                              C:/ST/STM32CubeIDE_1.13.2/STM32CubeIDE/plugins/com.st.stm32cube.ide.mcu.externaltools.gnu-tools-for-stm32.11.3.rel1.win32_1.1.1.202309131626/tools/bin/../lib/gcc/arm-none-eabi/11.3.1/../../../../arm-none-eabi/lib/thumb/v7-m/nofp\libc_nano.a(libc_a-reent.o) (_impure_ptr)
C:/ST/STM32CubeIDE_1.13.2/STM32CubeIDE/plugins/com.st.stm32cube.ide.mcu.externaltools.gnu-tools-for-stm32.11.3.rel1.win32_1.1.1.202309131626/tools/bin/../lib/gcc/arm-none-eabi/11.3.1/../../../../arm-none-eabi/lib/thumb/v7-m/nofp\libc_nano.a(libc_a-lseekr.o)
[...]
Memory Configuration

Name             Origin             Length             Attributes
RAM              0x0000000020000000 0x000000000000c000 xrw
FLASH            0x0000000008000000 0x0000000000040000 xr
*default*        0x0000000000000000 0xffffffffffffffff

Linker script and memory map

LOAD C:/ST/STM32CubeIDE_1.13.2/STM32CubeIDE/plugins/com.st.stm32cube.ide.mcu.externaltools.gnu-tools-for-stm32.11.3.rel1.win32_1.1.1.202309131626/tools/bin/../lib/gcc/arm-none-eabi/11.3.1/thumb/v7-m/nofp/crti.o
LOAD C:/ST/STM32CubeIDE_1.13.2/STM32CubeIDE/plugins/com.st.stm32cube.ide.mcu.externaltools.gnu-tools-for-stm32.11.3.rel1.win32_1.1.1.202309131626/tools/bin/../lib/gcc/arm-none-eabi/11.3.1/thumb/v7-m/nofp/crtbegin.o
LOAD C:/ST/STM32CubeIDE_1.13.2/STM32CubeIDE/plugins/com.st.stm32cube.ide.mcu.externaltools.gnu-tools-for-stm32.11.3.rel1.win32_1.1.1.202309131626/tools/bin/../lib/gcc/arm-none-eabi/11.3.1/../../../../arm-none-eabi/lib/thumb/v7-m/nofp/crt0.o
LOAD ./Core/Src/gpio.o
LOAD ./Core/Src/lcd.o
LOAD ./Core/Src/main.o
LOAD ./Core/Src/stm32f1xx_hal_msp.o
LOAD ./Core/Src/stm32f1xx_it.o
LOAD ./Core/Src/syscalls.o
LOAD ./Core/Src/sysmem.o
LOAD ./Core/Src/system_stm32f1xx.o
LOAD ./Core/Src/usart.o
LOAD ./Core/Src/utils.o
LOAD ./Core/Startup/startup_stm32f103rctx.o
LOAD ./Drivers/STM32F1xx_HAL_Driver/Src/stm32f1xx_hal.o
LOAD ./Drivers/STM32F1xx_HAL_Driver/Src/stm32f1xx_hal_cortex.o
LOAD ./Drivers/STM32F1xx_HAL_Driver/Src/stm32f1xx_hal_dma.o
LOAD ./Drivers/STM32F1xx_HAL_Driver/Src/stm32f1xx_hal_exti.o
LOAD ./Drivers/STM32F1xx_HAL_Driver/Src/stm32f1xx_hal_flash.o
LOAD ./Drivers/STM32F1xx_HAL_Driver/Src/stm32f1xx_hal_flash_ex.o
LOAD ./Drivers/STM32F1xx_HAL_Driver/Src/stm32f1xx_hal_gpio.o
LOAD ./Drivers/STM32F1xx_HAL_Driver/Src/stm32f1xx_hal_gpio_ex.o
LOAD ./Drivers/STM32F1xx_HAL_Driver/Src/stm32f1xx_hal_pwr.o
LOAD ./Drivers/STM32F1xx_HAL_Driver/Src/stm32f1xx_hal_rcc.o
LOAD ./Drivers/STM32F1xx_HAL_Driver/Src/stm32f1xx_hal_rcc_ex.o
LOAD ./Drivers/STM32F1xx_HAL_Driver/Src/stm32f1xx_hal_tim.o
LOAD ./Drivers/STM32F1xx_HAL_Driver/Src/stm32f1xx_hal_tim_ex.o
LOAD ./Drivers/STM32F1xx_HAL_Driver/Src/stm32f1xx_hal_uart.o
START GROUP
LOAD C:/ST/STM32CubeIDE_1.13.2/STM32CubeIDE/plugins/com.st.stm32cube.ide.mcu.externaltools.gnu-tools-for-stm32.11.3.rel1.win32_1.1.1.202309131626/tools/bin/../lib/gcc/arm-none-eabi/11.3.1/../../../../arm-none-eabi/lib/thumb/v7-m/nofp\libc_nano.a
LOAD C:/ST/STM32CubeIDE_1.13.2/STM32CubeIDE/plugins/com.st.stm32cube.ide.mcu.externaltools.gnu-tools-for-stm32.11.3.rel1.win32_1.1.1.202309131626/tools/bin/../lib/gcc/arm-none-eabi/11.3.1/../../../../arm-none-eabi/lib/thumb/v7-m/nofp\libm.a
END GROUP
START GROUP
LOAD C:/ST/STM32CubeIDE_1.13.2/STM32CubeIDE/plugins/com.st.stm32cube.ide.mcu.externaltools.gnu-tools-for-stm32.11.3.rel1.win32_1.1.1.202309131626/tools/bin/../lib/gcc/arm-none-eabi/11.3.1/thumb/v7-m/nofp\libgcc.a
LOAD C:/ST/STM32CubeIDE_1.13.2/STM32CubeIDE/plugins/com.st.stm32cube.ide.mcu.externaltools.gnu-tools-for-stm32.11.3.rel1.win32_1.1.1.202309131626/tools/bin/../lib/gcc/arm-none-eabi/11.3.1/../../../../arm-none-eabi/lib/thumb/v7-m/nofp\libc_nano.a
END GROUP
START GROUP
LOAD C:/ST/STM32CubeIDE_1.13.2/STM32CubeIDE/plugins/com.st.stm32cube.ide.mcu.externaltools.gnu-tools-for-stm32.11.3.rel1.win32_1.1.1.202309131626/tools/bin/../lib/gcc/arm-none-eabi/11.3.1/thumb/v7-m/nofp\libgcc.a
LOAD C:/ST/STM32CubeIDE_1.13.2/STM32CubeIDE/plugins/com.st.stm32cube.ide.mcu.externaltools.gnu-tools-for-stm32.11.3.rel1.win32_1.1.1.202309131626/tools/bin/../lib/gcc/arm-none-eabi/11.3.1/../../../../arm-none-eabi/lib/thumb/v7-m/nofp\libc_nano.a
LOAD C:/ST/STM32CubeIDE_1.13.2/STM32CubeIDE/plugins/com.st.stm32cube.ide.mcu.externaltools.gnu-tools-for-stm32.11.3.rel1.win32_1.1.1.202309131626/tools/bin/../lib/gcc/arm-none-eabi/11.3.1/../../../../arm-none-eabi/lib/thumb/v7-m/nofp\libnosys.a
END GROUP
START GROUP
LOAD C:/ST/STM32CubeIDE_1.13.2/STM32CubeIDE/plugins/com.st.stm32cube.ide.mcu.externaltools.gnu-tools-for-stm32.11.3.rel1.win32_1.1.1.202309131626/tools/bin/../lib/gcc/arm-none-eabi/11.3.1/thumb/v7-m/nofp\libgcc.a
LOAD C:/ST/STM32CubeIDE_1.13.2/STM32CubeIDE/plugins/com.st.stm32cube.ide.mcu.externaltools.gnu-tools-for-stm32.11.3.rel1.win32_1.1.1.202309131626/tools/bin/../lib/gcc/arm-none-eabi/11.3.1/../../../../arm-none-eabi/lib/thumb/v7-m/nofp\libc_nano.a
LOAD C:/ST/STM32CubeIDE_1.13.2/STM32CubeIDE/plugins/com.st.stm32cube.ide.mcu.externaltools.gnu-tools-for-stm32.11.3.rel1.win32_1.1.1.202309131626/tools/bin/../lib/gcc/arm-none-eabi/11.3.1/../../../../arm-none-eabi/lib/thumb/v7-m/nofp\libnosys.a
END GROUP
LOAD C:/ST/STM32CubeIDE_1.13.2/STM32CubeIDE/plugins/com.st.stm32cube.ide.mcu.externaltools.gnu-tools-for-stm32.11.3.rel1.win32_1.1.1.202309131626/tools/bin/../lib/gcc/arm-none-eabi/11.3.1/thumb/v7-m/nofp/crtend.o
LOAD C:/ST/STM32CubeIDE_1.13.2/STM32CubeIDE/plugins/com.st.stm32cube.ide.mcu.externaltools.gnu-tools-for-stm32.11.3.rel1.win32_1.1.1.202309131626/tools/bin/../lib/gcc/arm-none-eabi/11.3.1/thumb/v7-m/nofp/crtn.o
                0x000000002000c000                _estack = (ORIGIN (RAM) + LENGTH (RAM))
                0x0000000000000200                _Min_Heap_Size = 0x200
                0x0000000000000400                _Min_Stack_Size = 0x400

.isr_vector     0x0000000008000000      0x1e4
                0x0000000008000000                . = ALIGN (0x4)
 *(.isr_vector)
 .isr_vector    0x0000000008000000      0x1e4 ./Core/Startup/startup_stm32f103rctx.o
                0x0000000008000000                g_pfnVectors
                0x00000000080001e4                . = ALIGN (0x4)

.text           0x00000000080001e8     0x5ea0
                0x00000000080001e8                . = ALIGN (0x4)
 *(.text)
 .text          0x00000000080001e8       0x40 C:/ST/STM32CubeIDE_1.13.2/STM32CubeIDE/plugins/com.st.stm32cube.ide.mcu.externaltools.gnu-tools-for-stm32.11.3.rel1.win32_1.1.1.202309131626/tools/bin/../lib/gcc/arm-none-eabi/11.3.1/thumb/v7-m/nofp/crtbegin.o
 .text          0x0000000008000228      0x254 C:/ST/STM32CubeIDE_1.13.2/STM32CubeIDE/plugins/com.st.stm32cube.ide.mcu.externaltools.gnu-tools-for-stm32.11.3.rel1.win32_1.1.1.202309131626/tools/bin/../lib/gcc/arm-none-eabi/11.3.1/thumb/v7-m/nofp\libgcc.a(_arm_muldf3.o)
                0x0000000008000228                __muldf3
                0x0000000008000228                __aeabi_dmul
 .text          0x000000000800047c      0x378 C:/ST/STM32CubeIDE_1.13.2/STM32CubeIDE/plugins/com.st.stm32cube.ide.mcu.externaltools.gnu-tools-for-stm32.11.3.rel1.win32_1.1.1.202309131626/tools/bin/../lib/gcc/arm-none-eabi/11.3.1/thumb/v7-m/nofp\libgcc.a(_arm_addsubdf3.o)
                0x000000000800047c                __aeabi_drsub
                0x0000000008000484                __aeabi_dsub
                0x0000000008000484                __subdf3
                0x0000000008000488                __aeabi_dadd
                0x0000000008000488                __adddf3
                0x0000000008000700                __floatunsidf
                0x0000000008000700                __aeabi_ui2d
                0x0000000008000720                __floatsidf
                0x0000000008000720                __aeabi_i2d
                0x0000000008000744                __aeabi_f2d
                0x0000000008000744                __extendsfdf2
                0x0000000008000788                __floatundidf
                0x0000000008000788                __aeabi_ul2d
                0x0000000008000798                __floatdidf
                0x0000000008000798                __aeabi_l2d
 .text          0x00000000080007f4       0x40 C:/ST/STM32CubeIDE_1.13.2/STM32CubeIDE/plugins/com.st.stm32cube.ide.mcu.externaltools.gnu-tools-for-stm32.11.3.rel1.win32_1.1.1.202309131626/tools/bin/../lib/gcc/arm-none-eabi/11.3.1/thumb/v7-m/nofp\libgcc.a(_arm_fixunsdfsi.o)
                0x00000000080007f4                __aeabi_d2uiz
                0x00000000080007f4                __fixunsdfsi
 *(.text*)
 .text.MX_GPIO_Init
                0x0000000008000834      0x118 ./Core/Src/gpio.o
                0x0000000008000834                MX_GPIO_Init
 .text.LCD_WR_REG
                0x000000000800094c       0x24 ./Core/Src/lcd.o
                0x000000000800094c                LCD_WR_REG
 .text.LCD_RD_DATA
                0x0000000008000970       0x60 ./Core/Src/lcd.o
                0x0000000008000970                LCD_RD_DATA
 .text.LCD_WriteReg
                0x00000000080009d0       0x2c ./Core/Src/lcd.o
                0x00000000080009d0                LCD_WriteReg
 .text.LCD_ReadReg
                0x00000000080009fc        0xe ./Core/Src/lcd.o
                0x00000000080009fc                LCD_ReadReg
 *fill*         0x0000000008000a0a        0x2 
 .text.LCD_WriteRAM_Prepare
                0x0000000008000a0c        0xc ./Core/Src/lcd.o
                0x0000000008000a0c                LCD_WriteRAM_Prepare
 .text.LCD_WriteRAM
                0x0000000008000a18       0x24 ./Core/Src/lcd.o
                0x0000000008000a18                LCD_WriteRAM
 .text.LCD_SetCursor
                0x0000000008000a3c      0x254 ./Core/Src/lcd.o
                0x0000000008000a3c                LCD_SetCursor
 .text.LCD_Scan_Dir
                0x0000000008000c90      0x2c0 ./Core/Src/lcd.o
                0x0000000008000c90                LCD_Scan_Dir
 .text.LCD_Fast_DrawPoint
                0x0000000008000f50      0x2a8 ./Core/Src/lcd.o
                0x0000000008000f50                LCD_Fast_DrawPoint
 .text.LCD_SSD_BackLightSet
                0x00000000080011f8       0xa0 ./Core/Src/lcd.o
                0x00000000080011f8                LCD_SSD_BackLightSet
 .text.LCD_Display_Dir
                0x0000000008001298      0x140 ./Core/Src/lcd.o
                0x0000000008001298                LCD_Display_Dir
 .text.LCD_Clear
                0x00000000080013d8       0x84 ./Core/Src/lcd.o
                0x00000000080013d8                LCD_Clear
 .text.LCD_Init
                0x000000000800145c     0x3784 ./Core/Src/lcd.o
                0x000000000800145c                LCD_Init
 .text.LCD_ShowChar
                0x0000000008004be0       0xe8 ./Core/Src/lcd.o
                0x0000000008004be0                LCD_ShowChar
 .text.LCD_ShowString
                0x0000000008004cc8       0x60 ./Core/Src/lcd.o
                0x0000000008004cc8                LCD_ShowString
 .text.SystemClock_Config
                0x0000000008004d28       0x5e ./Core/Src/main.o
                0x0000000008004d28                SystemClock_Config
 *fill*         0x0000000008004d86        0x2 
 .text.startup.main
                0x0000000008004d88       0x30 ./Core/Src/main.o
                0x0000000008004d88                main
 .text.Error_Handler
                0x0000000008004db8        0x4 ./Core/Src/main.o
                0x0000000008004db8                Error_Handler
 .text.HAL_MspInit
                0x0000000008004dbc       0x4c ./Core/Src/stm32f1xx_hal_msp.o
                0x0000000008004dbc                HAL_MspInit
 .text.NMI_Handler
                0x0000000008004e08        0x2 ./Core/Src/stm32f1xx_it.o
                0x0000000008004e08                NMI_Handler
 .text.HardFault_Handler
                0x0000000008004e0a        0x2 ./Core/Src/stm32f1xx_it.o
                0x0000000008004e0a                HardFault_Handler
 .text.MemManage_Handler
                0x0000000008004e0c        0x2 ./Core/Src/stm32f1xx_it.o
                0x0000000008004e0c                MemManage_Handler
 .text.BusFault_Handler
                0x0000000008004e0e        0x2 ./Core/Src/stm32f1xx_it.o
                0x0000000008004e0e                BusFault_Handler
 .text.UsageFault_Handler
                0x0000000008004e10        0x2 ./Core/Src/stm32f1xx_it.o
                0x0000000008004e10                UsageFault_Handler
 .text.SVC_Handler
                0x0000000008004e12        0x2 ./Core/Src/stm32f1xx_it.o
                0x0000000008004e12                SVC_Handler
 .text.DebugMon_Handler
                0x0000000008004e14        0x2 ./Core/Src/stm32f1xx_it.o
                0x0000000008004e14                DebugMon_Handler
 .text.PendSV_Handler
                0x0000000008004e16        0x2 ./Core/Src/stm32f1xx_it.o
                0x0000000008004e16                PendSV_Handler
 .text.SysTick_Handler
                0x0000000008004e18        0x4 ./Core/Src/stm32f1xx_it.o
                0x0000000008004e18                SysTick_Handler
 .text.EXTI0_IRQHandler
                0x0000000008004e1c        0x6 ./Core/Src/stm32f1xx_it.o
                0x0000000008004e1c                EXTI0_IRQHandler
 .text.EXTI9_5_IRQHandler
                0x0000000008004e22        0x6 ./Core/Src/stm32f1xx_it.o
                0x0000000008004e22                EXTI9_5_IRQHandler
 .text.USART1_IRQHandler
                0x0000000008004e28       0x20 ./Core/Src/stm32f1xx_it.o
                0x0000000008004e28                USART1_IRQHandler
 .text.EXTI15_10_IRQHandler
                0x0000000008004e48        0x8 ./Core/Src/stm32f1xx_it.o
                0x0000000008004e48                EXTI15_10_IRQHandler
 .text.HAL_UART_RxCpltCallback
                0x0000000008004e50       0x48 ./Core/Src/stm32f1xx_it.o
                0x0000000008004e50                HAL_UART_RxCpltCallback
 .text.HAL_GPIO_EXTI_Callback
                0x0000000008004e98       0x34 ./Core/Src/stm32f1xx_it.o
                0x0000000008004e98                HAL_GPIO_EXTI_Callback
 .text.SystemInit
                0x0000000008004ecc        0x2 ./Core/Src/system_stm32f1xx.o
                0x0000000008004ecc                SystemInit
 *fill*         0x0000000008004ece        0x2 
 .text.MX_USART1_UART_Init
                0x0000000008004ed0       0x38 ./Core/Src/usart.o
                0x0000000008004ed0                MX_USART1_UART_Init
 .text.HAL_UART_MspInit
                0x0000000008004f08       0x88 ./Core/Src/usart.o
                0x0000000008004f08                HAL_UART_MspInit
 .text.draw_initial_screen
                0x0000000008004f90       0x5c ./Core/Src/utils.o
                0x0000000008004f90                draw_initial_screen
 .text.Reset_Handler
                0x0000000008004fec       0x48 ./Core/Startup/startup_stm32f103rctx.o
                0x0000000008004fec                Reset_Handler
 .text.Default_Handler
                0x0000000008005034        0x2 ./Core/Startup/startup_stm32f103rctx.o
                0x0000000008005034                RTC_Alarm_IRQHandler
                0x0000000008005034                EXTI2_IRQHandler
                0x0000000008005034                TIM8_TRG_COM_IRQHandler
                0x0000000008005034                TIM8_CC_IRQHandler
                0x0000000008005034                TIM1_CC_IRQHandler
                0x0000000008005034                TIM6_IRQHandler
                0x0000000008005034                PVD_IRQHandler
                0x0000000008005034                SDIO_IRQHandler
                0x0000000008005034                EXTI3_IRQHandler
                0x0000000008005034                I2C2_EV_IRQHandler
                0x0000000008005034                ADC1_2_IRQHandler
                0x0000000008005034                SPI1_IRQHandler
                0x0000000008005034                TAMPER_IRQHandler
                0x0000000008005034                TIM8_UP_IRQHandler
                0x0000000008005034                DMA2_Channel2_IRQHandler
                0x0000000008005034                DMA1_Channel4_IRQHandler
                0x0000000008005034                USART3_IRQHandler
                0x0000000008005034                RTC_IRQHandler
                0x0000000008005034                DMA1_Channel7_IRQHandler
                0x0000000008005034                CAN1_RX1_IRQHandler
                0x0000000008005034                UART5_IRQHandler
                0x0000000008005034                ADC3_IRQHandler
                0x0000000008005034                TIM4_IRQHandler
                0x0000000008005034                DMA2_Channel1_IRQHandler
                0x0000000008005034                I2C1_EV_IRQHandler
                0x0000000008005034                DMA1_Channel6_IRQHandler
                0x0000000008005034                UART4_IRQHandler
                0x0000000008005034                TIM3_IRQHandler
                0x0000000008005034                RCC_IRQHandler
                0x0000000008005034                TIM1_TRG_COM_IRQHandler
                0x0000000008005034                DMA1_Channel1_IRQHandler
                0x0000000008005034                Default_Handler
                0x0000000008005034                TIM7_IRQHandler
                0x0000000008005034                TIM5_IRQHandler
                0x0000000008005034                SPI2_IRQHandler
                0x0000000008005034                DMA1_Channel5_IRQHandler
                0x0000000008005034                EXTI4_IRQHandler
                0x0000000008005034                USB_LP_CAN1_RX0_IRQHandler
                0x0000000008005034                USB_HP_CAN1_TX_IRQHandler
                0x0000000008005034                DMA1_Channel3_IRQHandler
                0x0000000008005034                FSMC_IRQHandler
                0x0000000008005034                TIM1_UP_IRQHandler
                0x0000000008005034                WWDG_IRQHandler
                0x0000000008005034                TIM2_IRQHandler
                0x0000000008005034                TIM1_BRK_IRQHandler
                0x0000000008005034                EXTI1_IRQHandler
                0x0000000008005034                DMA2_Channel4_5_IRQHandler
                0x0000000008005034                USART2_IRQHandler
                0x0000000008005034                I2C2_ER_IRQHandler
                0x0000000008005034                DMA1_Channel2_IRQHandler
                0x0000000008005034                TIM8_BRK_IRQHandler
                0x0000000008005034                CAN1_SCE_IRQHandler
                0x0000000008005034                FLASH_IRQHandler
                0x0000000008005034                SPI3_IRQHandler
                0x0000000008005034                I2C1_ER_IRQHandler
                0x0000000008005034                USBWakeUp_IRQHandler
                0x0000000008005034                DMA2_Channel3_IRQHandler
 *fill*         0x0000000008005036        0x2 
 .text.HAL_InitTick
                0x0000000008005038       0x48 ./Drivers/STM32F1xx_HAL_Driver/Src/stm32f1xx_hal.o
                0x0000000008005038                HAL_InitTick
 .text.HAL_Init
                0x0000000008005080       0x24 ./Drivers/STM32F1xx_HAL_Driver/Src/stm32f1xx_hal.o
                0x0000000008005080                HAL_Init
 .text.HAL_IncTick
                0x00000000080050a4       0x18 ./Drivers/STM32F1xx_HAL_Driver/Src/stm32f1xx_hal.o
                0x00000000080050a4                HAL_IncTick
 .text.HAL_GetTick
                0x00000000080050bc        0xc ./Drivers/STM32F1xx_HAL_Driver/Src/stm32f1xx_hal.o
                0x00000000080050bc                HAL_GetTick
 .text.HAL_Delay
                0x00000000080050c8       0x24 ./Drivers/STM32F1xx_HAL_Driver/Src/stm32f1xx_hal.o
                0x00000000080050c8                HAL_Delay
 .text.HAL_NVIC_SetPriorityGrouping
                0x00000000080050ec       0x24 ./Drivers/STM32F1xx_HAL_Driver/Src/stm32f1xx_hal_cortex.o
                0x00000000080050ec                HAL_NVIC_SetPriorityGrouping
 .text.HAL_NVIC_SetPriority
                0x0000000008005110       0x60 ./Drivers/STM32F1xx_HAL_Driver/Src/stm32f1xx_hal_cortex.o
                0x0000000008005110                HAL_NVIC_SetPriority
 .text.HAL_NVIC_EnableIRQ
                0x0000000008005170       0x1c ./Drivers/STM32F1xx_HAL_Driver/Src/stm32f1xx_hal_cortex.o
                0x0000000008005170                HAL_NVIC_EnableIRQ
 .text.HAL_SYSTICK_Config
                0x000000000800518c       0x28 ./Drivers/STM32F1xx_HAL_Driver/Src/stm32f1xx_hal_cortex.o
                0x000000000800518c                HAL_SYSTICK_Config
 .text.HAL_DMA_Abort
                0x00000000080051b4       0x3e ./Drivers/STM32F1xx_HAL_Driver/Src/stm32f1xx_hal_dma.o
                0x00000000080051b4                HAL_DMA_Abort
 *fill*         0x00000000080051f2        0x2 
 .text.HAL_DMA_Abort_IT
                0x00000000080051f4      0x144 ./Drivers/STM32F1xx_HAL_Driver/Src/stm32f1xx_hal_dma.o
                0x00000000080051f4                HAL_DMA_Abort_IT
 .text.HAL_GPIO_Init
                0x0000000008005338      0x1d0 ./Drivers/STM32F1xx_HAL_Driver/Src/stm32f1xx_hal_gpio.o
                0x0000000008005338                HAL_GPIO_Init
 .text.HAL_GPIO_ReadPin
                0x0000000008005508        0xc ./Drivers/STM32F1xx_HAL_Driver/Src/stm32f1xx_hal_gpio.o
                0x0000000008005508                HAL_GPIO_ReadPin
 .text.HAL_GPIO_WritePin
                0x0000000008005514        0xa ./Drivers/STM32F1xx_HAL_Driver/Src/stm32f1xx_hal_gpio.o
                0x0000000008005514                HAL_GPIO_WritePin
 *fill*         0x000000000800551e        0x2 
 .text.HAL_GPIO_EXTI_IRQHandler
                0x0000000008005520       0x18 ./Drivers/STM32F1xx_HAL_Driver/Src/stm32f1xx_hal_gpio.o
                0x0000000008005520                HAL_GPIO_EXTI_IRQHandler
 .text.HAL_RCC_OscConfig
                0x0000000008005538      0x338 ./Drivers/STM32F1xx_HAL_Driver/Src/stm32f1xx_hal_rcc.o
                0x0000000008005538                HAL_RCC_OscConfig
 .text.HAL_RCC_GetSysClockFreq
                0x0000000008005870       0x4c ./Drivers/STM32F1xx_HAL_Driver/Src/stm32f1xx_hal_rcc.o
                0x0000000008005870                HAL_RCC_GetSysClockFreq
 .text.HAL_RCC_ClockConfig
                0x00000000080058bc      0x138 ./Drivers/STM32F1xx_HAL_Driver/Src/stm32f1xx_hal_rcc.o
                0x00000000080058bc                HAL_RCC_ClockConfig
 .text.HAL_RCC_GetPCLK1Freq
                0x00000000080059f4       0x20 ./Drivers/STM32F1xx_HAL_Driver/Src/stm32f1xx_hal_rcc.o
                0x00000000080059f4                HAL_RCC_GetPCLK1Freq
 .text.HAL_RCC_GetPCLK2Freq
                0x0000000008005a14       0x20 ./Drivers/STM32F1xx_HAL_Driver/Src/stm32f1xx_hal_rcc.o
                0x0000000008005a14                HAL_RCC_GetPCLK2Freq
 .text.UART_EndRxTransfer
                0x0000000008005a34       0x5c ./Drivers/STM32F1xx_HAL_Driver/Src/stm32f1xx_hal_uart.o
 .text.UART_SetConfig
                0x0000000008005a90       0x74 ./Drivers/STM32F1xx_HAL_Driver/Src/stm32f1xx_hal_uart.o
 .text.UART_WaitOnFlagUntilTimeout.constprop.0
                0x0000000008005b04       0x6c ./Drivers/STM32F1xx_HAL_Driver/Src/stm32f1xx_hal_uart.o
 .text.HAL_UART_Init
                0x0000000008005b70       0x5e ./Drivers/STM32F1xx_HAL_Driver/Src/stm32f1xx_hal_uart.o
                0x0000000008005b70                HAL_UART_Init
 .text.HAL_UART_Transmit
                0x0000000008005bce       0x96 ./Drivers/STM32F1xx_HAL_Driver/Src/stm32f1xx_hal_uart.o
                0x0000000008005bce                HAL_UART_Transmit
 .text.HAL_UART_TxCpltCallback
                0x0000000008005c64        0x2 ./Drivers/STM32F1xx_HAL_Driver/Src/stm32f1xx_hal_uart.o
                0x0000000008005c64                HAL_UART_TxCpltCallback
 .text.HAL_UART_ErrorCallback
                0x0000000008005c66        0x2 ./Drivers/STM32F1xx_HAL_Driver/Src/stm32f1xx_hal_uart.o
                0x0000000008005c66                HAL_UART_ErrorCallback
 .text.UART_DMAAbortOnError
                0x0000000008005c68       0x10 ./Drivers/STM32F1xx_HAL_Driver/Src/stm32f1xx_hal_uart.o
 .text.HAL_UARTEx_RxEventCallback
                0x0000000008005c78        0x2 ./Drivers/STM32F1xx_HAL_Driver/Src/stm32f1xx_hal_uart.o
                0x0000000008005c78                HAL_UARTEx_RxEventCallback
 .text.UART_Receive_IT.isra.0
                0x0000000008005c7a       0xb6 ./Drivers/STM32F1xx_HAL_Driver/Src/stm32f1xx_hal_uart.o
 .text.HAL_UART_IRQHandler
                0x0000000008005d30      0x294 ./Drivers/STM32F1xx_HAL_Driver/Src/stm32f1xx_hal_uart.o
                0x0000000008005d30                HAL_UART_IRQHandler
 .text.UART_Start_Receive_IT
                0x0000000008005fc4       0x32 ./Drivers/STM32F1xx_HAL_Driver/Src/stm32f1xx_hal_uart.o
                0x0000000008005fc4                UART_Start_Receive_IT
 .text.HAL_UART_Receive_IT
                0x0000000008005ff6       0x22 ./Drivers/STM32F1xx_HAL_Driver/Src/stm32f1xx_hal_uart.o
                0x0000000008005ff6                HAL_UART_Receive_IT
 .text.memset   0x0000000008006018       0x10 C:/ST/STM32CubeIDE_1.13.2/STM32CubeIDE/plugins/com.st.stm32cube.ide.mcu.externaltools.gnu-tools-for-stm32.11.3.rel1.win32_1.1.1.202309131626/tools/bin/../lib/gcc/arm-none-eabi/11.3.1/../../../../arm-none-eabi/lib/thumb/v7-m/nofp\libc_nano.a(libc_a-memset.o)
                0x0000000008006018                memset
 .text.__libc_init_array
                0x0000000008006028       0x48 C:/ST/STM32CubeIDE_1.13.2/STM32CubeIDE/plugins/com.st.stm32cube.ide.mcu.externaltools.gnu-tools-for-stm32.11.3.rel1.win32_1.1.1.202309131626/tools/bin/../lib/gcc/arm-none-eabi/11.3.1/../../../../arm-none-eabi/lib/thumb/v7-m/nofp\libc_nano.a(libc_a-init.o)
                0x0000000008006028                __libc_init_array
 *(.glue_7)
 .glue_7        0x0000000008006070        0x0 linker stubs
 *(.glue_7t)
 .glue_7t       0x0000000008006070        0x0 linker stubs
 *(.eh_frame)
 .eh_frame      0x0000000008006070        0x0 C:/ST/STM32CubeIDE_1.13.2/STM32CubeIDE/plugins/com.st.stm32cube.ide.mcu.externaltools.gnu-tools-for-stm32.11.3.rel1.win32_1.1.1.202309131626/tools/bin/../lib/gcc/arm-none-eabi/11.3.1/thumb/v7-m/nofp/crtbegin.o
 *(.init)
 .init          0x0000000008006070        0x4 C:/ST/STM32CubeIDE_1.13.2/STM32CubeIDE/plugins/com.st.stm32cube.ide.mcu.externaltools.gnu-tools-for-stm32.11.3.rel1.win32_1.1.1.202309131626/tools/bin/../lib/gcc/arm-none-eabi/11.3.1/thumb/v7-m/nofp/crti.o
                0x0000000008006070                _init
 .init          0x0000000008006074        0x8 C:/ST/STM32CubeIDE_1.13.2/STM32CubeIDE/plugins/com.st.stm32cube.ide.mcu.externaltools.gnu-tools-for-stm32.11.3.rel1.win32_1.1.1.202309131626/tools/bin/../lib/gcc/arm-none-eabi/11.3.1/thumb/v7-m/nofp/crtn.o
 *(.fini)
 .fini          0x000000000800607c        0x4 C:/ST/STM32CubeIDE_1.13.2/STM32CubeIDE/plugins/com.st.stm32cube.ide.mcu.externaltools.gnu-tools-for-stm32.11.3.rel1.win32_1.1.1.202309131626/tools/bin/../lib/gcc/arm-none-eabi/11.3.1/thumb/v7-m/nofp/crti.o
                0x000000000800607c                _fini
 .fini          0x0000000008006080        0x8 C:/ST/STM32CubeIDE_1.13.2/STM32CubeIDE/plugins/com.st.stm32cube.ide.mcu.externaltools.gnu-tools-for-stm32.11.3.rel1.win32_1.1.1.202309131626/tools/bin/../lib/gcc/arm-none-eabi/11.3.1/thumb/v7-m/nofp/crtn.o
                0x0000000008006088                . = ALIGN (0x4)
                0x0000000008006088                _etext = .

.vfp11_veneer   0x0000000008006088        0x0
 .vfp11_veneer  0x0000000008006088        0x0 linker stubs

.v4_bx          0x0000000008006088        0x0
 .v4_bx         0x0000000008006088        0x0 linker stubs

.iplt           0x0000000008006088        0x0
 .iplt          0x0000000008006088        0x0 C:/ST/STM32CubeIDE_1.13.2/STM32CubeIDE/plugins/com.st.stm32cube.ide.mcu.externaltools.gnu-tools-for-stm32.11.3.rel1.win32_1.1.1.202309131626/tools/bin/../lib/gcc/arm-none-eabi/11.3.1/thumb/v7-m/nofp/crtbegin.o

.rodata         0x0000000008006088     0x1824
                0x0000000008006088                . = ALIGN (0x4)
 *(.rodata)
 *(.rodata*)
 .rodata.CSWTCH.35
                0x0000000008006088        0x8 ./Core/Src/lcd.o
 .rodata.CSWTCH.36
                0x0000000008006090        0x7 ./Core/Src/lcd.o
 .rodata.CSWTCH.37
                0x0000000008006097        0x8 ./Core/Src/lcd.o
 .rodata.asc2_1206
                0x000000000800609f      0x474 ./Core/Src/lcd.o
                0x000000000800609f                asc2_1206
 .rodata.asc2_1608
                0x0000000008006513      0x5f0 ./Core/Src/lcd.o
                0x0000000008006513                asc2_1608
 .rodata.asc2_2412
                0x0000000008006b03      0xd5c ./Core/Src/lcd.o
                0x0000000008006b03                asc2_2412
 .rodata.AHBPrescTable
                0x000000000800785f       0x10 ./Core/Src/system_stm32f1xx.o
                0x000000000800785f                AHBPrescTable
 .rodata.APBPrescTable
                0x000000000800786f        0x8 ./Core/Src/system_stm32f1xx.o
                0x000000000800786f                APBPrescTable
 .rodata.draw_initial_screen.str1.1
                0x0000000008007877       0x23 ./Core/Src/utils.o
 .rodata.aPLLMULFactorTable.1
                0x000000000800789a       0x10 ./Drivers/STM32F1xx_HAL_Driver/Src/stm32f1xx_hal_rcc.o
 .rodata.aPredivFactorTable.0
                0x00000000080078aa        0x2 ./Drivers/STM32F1xx_HAL_Driver/Src/stm32f1xx_hal_rcc.o
                0x00000000080078ac                . = ALIGN (0x4)

.rel.dyn        0x00000000080078ac        0x0
 .rel.iplt      0x00000000080078ac        0x0 C:/ST/STM32CubeIDE_1.13.2/STM32CubeIDE/plugins/com.st.stm32cube.ide.mcu.externaltools.gnu-tools-for-stm32.11.3.rel1.win32_1.1.1.202309131626/tools/bin/../lib/gcc/arm-none-eabi/11.3.1/thumb/v7-m/nofp/crtbegin.o

.ARM.extab      0x00000000080078ac        0x0
                0x00000000080078ac                . = ALIGN (0x4)
 *(.ARM.extab* .gnu.linkonce.armextab.*)
                0x00000000080078ac                . = ALIGN (0x4)

.ARM            0x00000000080078ac        0x0
                0x00000000080078ac                . = ALIGN (0x4)
                0x00000000080078ac                __exidx_start = .
 *(.ARM.exidx*)
                0x00000000080078ac                __exidx_end = .
                0x00000000080078ac                . = ALIGN (0x4)

.preinit_array  0x00000000080078ac        0x0
                0x00000000080078ac                . = ALIGN (0x4)
                0x00000000080078ac                PROVIDE (__preinit_array_start = .)
 *(.preinit_array*)
                0x00000000080078ac                PROVIDE (__preinit_array_end = .)
                0x00000000080078ac                . = ALIGN (0x4)

.init_array     0x00000000080078ac        0x4
                0x00000000080078ac                . = ALIGN (0x4)
                0x00000000080078ac                PROVIDE (__init_array_start = .)
 *(SORT_BY_NAME(.init_array.*))
 *(.init_array*)
 .init_array    0x00000000080078ac        0x4 C:/ST/STM32CubeIDE_1.13.2/STM32CubeIDE/plugins/com.st.stm32cube.ide.mcu.externaltools.gnu-tools-for-stm32.11.3.rel1.win32_1.1.1.202309131626/tools/bin/../lib/gcc/arm-none-eabi/11.3.1/thumb/v7-m/nofp/crtbegin.o
                0x00000000080078b0                PROVIDE (__init_array_end = .)
                0x00000000080078b0                . = ALIGN (0x4)

.fini_array     0x00000000080078b0        0x4
                0x00000000080078b0                . = ALIGN (0x4)
                [!provide]                        PROVIDE (__fini_array_start = .)
 *(SORT_BY_NAME(.fini_array.*))
 *(.fini_array*)
 .fini_array    0x00000000080078b0        0x4 C:/ST/STM32CubeIDE_1.13.2/STM32CubeIDE/plugins/com.st.stm32cube.ide.mcu.externaltools.gnu-tools-for-stm32.11.3.rel1.win32_1.1.1.202309131626/tools/bin/../lib/gcc/arm-none-eabi/11.3.1/thumb/v7-m/nofp/crtbegin.o
                [!provide]                        PROVIDE (__fini_array_end = .)
                0x00000000080078b4                . = ALIGN (0x4)
                0x00000000080078b4                _sidata = LOADADDR (.data)

.data           0x0000000020000000       0x10 load address 0x00000000080078b4
                0x0000000020000000                . = ALIGN (0x4)
                0x0000000020000000                _sdata = .
 *(.data)
 *(.data*)
 .data.BACK_COLOR
                0x0000000020000000        0x2 ./Core/Src/lcd.o
                0x0000000020000000                BACK_COLOR
 *fill*         0x0000000020000002        0x2 
 .data.SystemCoreClock
                0x0000000020000004        0x4 ./Core/Src/system_stm32f1xx.o
                0x0000000020000004                SystemCoreClock
 .data.uwTickFreq
                0x0000000020000008        0x1 ./Drivers/STM32F1xx_HAL_Driver/Src/stm32f1xx_hal.o
                0x0000000020000008                uwTickFreq
 *fill*         0x0000000020000009        0x3 
 .data.uwTickPrio
                0x000000002000000c        0x4 ./Drivers/STM32F1xx_HAL_Driver/Src/stm32f1xx_hal.o
                0x000000002000000c                uwTickPrio
 *(.RamFunc)
 *(.RamFunc*)
                0x0000000020000010                . = ALIGN (0x4)
                0x0000000020000010                _edata = .

.igot.plt       0x0000000020000010        0x0 load address 0x00000000080078c4
 .igot.plt      0x0000000020000010        0x0 C:/ST/STM32CubeIDE_1.13.2/STM32CubeIDE/plugins/com.st.stm32cube.ide.mcu.externaltools.gnu-tools-for-stm32.11.3.rel1.win32_1.1.1.202309131626/tools/bin/../lib/gcc/arm-none-eabi/11.3.1/thumb/v7-m/nofp/crtbegin.o
                0x0000000020000010                . = ALIGN (0x4)

.bss            0x0000000020000010      0xc4c load address 0x00000000080078c4
                0x0000000020000010                _sbss = .
                0x0000000020000010                __bss_start__ = _sbss
 *(.bss)
 .bss           0x0000000020000010       0x1c C:/ST/STM32CubeIDE_1.13.2/STM32CubeIDE/plugins/com.st.stm32cube.ide.mcu.externaltools.gnu-tools-for-stm32.11.3.rel1.win32_1.1.1.202309131626/tools/bin/../lib/gcc/arm-none-eabi/11.3.1/thumb/v7-m/nofp/crtbegin.o
 *(.bss*)
 .bss.POINT_COLOR
                0x000000002000002c        0x2 ./Core/Src/lcd.o
                0x000000002000002c                POINT_COLOR
 .bss.lcddev    0x000000002000002e        0xe ./Core/Src/lcd.o
                0x000000002000002e                lcddev
 .bss.rxBuffer  0x000000002000003c      0x7d0 ./Core/Src/stm32f1xx_it.o
                0x000000002000003c                rxBuffer
 .bss.uLength.1
                0x000000002000080c        0x1 ./Core/Src/stm32f1xx_it.o
 .bss.uRx_Data.0
                0x000000002000080d      0x400 ./Core/Src/stm32f1xx_it.o
 *fill*         0x0000000020000c0d        0x3 
 .bss.huart1    0x0000000020000c10       0x48 ./Core/Src/usart.o
                0x0000000020000c10                huart1
 .bss.uwTick    0x0000000020000c58        0x4 ./Drivers/STM32F1xx_HAL_Driver/Src/stm32f1xx_hal.o
                0x0000000020000c58                uwTick
 *(COMMON)
                0x0000000020000c5c                . = ALIGN (0x4)
                0x0000000020000c5c                _ebss = .
                0x0000000020000c5c                __bss_end__ = _ebss

._user_heap_stack
                0x0000000020000c5c      0x604 load address 0x00000000080078c4
                0x0000000020000c60                . = ALIGN (0x8)
 *fill*         0x0000000020000c5c        0x4 
                [!provide]                        PROVIDE (end = .)
                0x0000000020000c60                PROVIDE (_end = .)
                0x0000000020000e60                . = (. + _Min_Heap_Size)
 *fill*         0x0000000020000c60      0x200 
                0x0000000020001260                . = (. + _Min_Stack_Size)
 *fill*         0x0000000020000e60      0x400 
                0x0000000020001260                . = ALIGN (0x8)

/DISCARD/
 libc.a(*)
 libm.a(*)
 libgcc.a(*)

.ARM.attributes
                0x0000000000000000       0x29
 *(.ARM.attributes)
 .ARM.attributes
                0x0000000000000000       0x1d C:/ST/STM32CubeIDE_1.13.2/STM32CubeIDE/plugins/com.st.stm32cube.ide.mcu.externaltools.gnu-tools-for-stm32.11.3.rel1.win32_1.1.1.202309131626/tools/bin/../lib/gcc/arm-none-eabi/11.3.1/thumb/v7-m/nofp/crti.o
 .ARM.attributes
                0x000000000000001d       0x2d C:/ST/STM32CubeIDE_1.13.2/STM32CubeIDE/plugins/com.st.stm32cube.ide.mcu.externaltools.gnu-tools-for-stm32.11.3.rel1.win32_1.1.1.202309131626/tools/bin/../lib/gcc/arm-none-eabi/11.3.1/thumb/v7-m/nofp/crtbegin.o
 .ARM.attributes
                0x000000000000004a       0x2d ./Core/Src/gpio.o
 .ARM.attributes
                0x0000000000000077       0x2d ./Core/Src/lcd.o
 .ARM.attributes
                0x00000000000000a4       0x2d ./Core/Src/main.o
 .ARM.attributes
                0x00000000000000d1       0x2d ./Core/Src/stm32f1xx_hal_msp.o
 .ARM.attributes
                0x00000000000000fe       0x2d ./Core/Src/stm32f1xx_it.o
 .ARM.attributes
                0x000000000000012b       0x2d ./Core/Src/system_stm32f1xx.o
 .ARM.attributes
                0x0000000000000158       0x2d ./Core/Src/usart.o
 .ARM.attributes
                0x0000000000000185       0x2d ./Core/Src/utils.o
 .ARM.attributes
                0x00000000000001b2       0x21 ./Core/Startup/startup_stm32f103rctx.o
 .ARM.attributes
                0x00000000000001d3       0x2d ./Drivers/STM32F1xx_HAL_Driver/Src/stm32f1xx_hal.o
 .ARM.attributes
                0x0000000000000200       0x2d ./Drivers/STM32F1xx_HAL_Driver/Src/stm32f1xx_hal_cortex.o
 .ARM.attributes
                0x000000000000022d       0x2d ./Drivers/STM32F1xx_HAL_Driver/Src/stm32f1xx_hal_dma.o
 .ARM.attributes
                0x000000000000025a       0x2d ./Drivers/STM32F1xx_HAL_Driver/Src/stm32f1xx_hal_gpio.o
 .ARM.attributes
                0x0000000000000287       0x2d ./Drivers/STM32F1xx_HAL_Driver/Src/stm32f1xx_hal_rcc.o
 .ARM.attributes
                0x00000000000002b4       0x2d ./Drivers/STM32F1xx_HAL_Driver/Src/stm32f1xx_hal_uart.o
 .ARM.attributes
                0x00000000000002e1       0x2d C:/ST/STM32CubeIDE_1.13.2/STM32CubeIDE/plugins/com.st.stm32cube.ide.mcu.externaltools.gnu-tools-for-stm32.11.3.rel1.win32_1.1.1.202309131626/tools/bin/../lib/gcc/arm-none-eabi/11.3.1/../../../../arm-none-eabi/lib/thumb/v7-m/nofp\libc_nano.a(libc_a-memset.o)
 .ARM.attributes
                0x000000000000030e       0x2d C:/ST/STM32CubeIDE_1.13.2/STM32CubeIDE/plugins/com.st.stm32cube.ide.mcu.externaltools.gnu-tools-for-stm32.11.3.rel1.win32_1.1.1.202309131626/tools/bin/../lib/gcc/arm-none-eabi/11.3.1/../../../../arm-none-eabi/lib/thumb/v7-m/nofp\libc_nano.a(libc_a-init.o)
 .ARM.attributes
                0x000000000000033b       0x1d C:/ST/STM32CubeIDE_1.13.2/STM32CubeIDE/plugins/com.st.stm32cube.ide.mcu.externaltools.gnu-tools-for-stm32.11.3.rel1.win32_1.1.1.202309131626/tools/bin/../lib/gcc/arm-none-eabi/11.3.1/thumb/v7-m/nofp\libgcc.a(_arm_muldf3.o)
 .ARM.attributes
                0x0000000000000358       0x1d C:/ST/STM32CubeIDE_1.13.2/STM32CubeIDE/plugins/com.st.stm32cube.ide.mcu.externaltools.gnu-tools-for-stm32.11.3.rel1.win32_1.1.1.202309131626/tools/bin/../lib/gcc/arm-none-eabi/11.3.1/thumb/v7-m/nofp\libgcc.a(_arm_addsubdf3.o)
 .ARM.attributes
                0x0000000000000375       0x1d C:/ST/STM32CubeIDE_1.13.2/STM32CubeIDE/plugins/com.st.stm32cube.ide.mcu.externaltools.gnu-tools-for-stm32.11.3.rel1.win32_1.1.1.202309131626/tools/bin/../lib/gcc/arm-none-eabi/11.3.1/thumb/v7-m/nofp\libgcc.a(_arm_fixunsdfsi.o)
 .ARM.attributes
                0x0000000000000392       0x1d C:/ST/STM32CubeIDE_1.13.2/STM32CubeIDE/plugins/com.st.stm32cube.ide.mcu.externaltools.gnu-tools-for-stm32.11.3.rel1.win32_1.1.1.202309131626/tools/bin/../lib/gcc/arm-none-eabi/11.3.1/thumb/v7-m/nofp/crtn.o
OUTPUT(Project.elf elf32-littlearm)
LOAD linker stubs
LOAD C:/ST/STM32CubeIDE_1.13.2/STM32CubeIDE/plugins/com.st.stm32cube.ide.mcu.externaltools.gnu-tools-for-stm32.11.3.rel1.win32_1.1.1.202309131626/tools/bin/../lib/gcc/arm-none-eabi/11.3.1/../../../../arm-none-eabi/lib/thumb/v7-m/nofp\libc.a
LOAD C:/ST/STM32CubeIDE_1.13.2/STM32CubeIDE/plugins/com.st.stm32cube.ide.mcu.externaltools.gnu-tools-for-stm32.11.3.rel1.win32_1.1.1.202309131626/tools/bin/../lib/gcc/arm-none-eabi/11.3.1/../../../../arm-none-eabi/lib/thumb/v7-m/nofp\libm.a
LOAD C:/ST/STM32CubeIDE_1.13.2/STM32CubeIDE/plugins/com.st.stm32cube.ide.mcu.externaltools.gnu-tools-for-stm32.11.3.rel1.win32_1.1.1.202309131626/tools/bin/../lib/gcc/arm-none-eabi/11.3.1/thumb/v7-m/nofp\libgcc.a

.comment        0x0000000000000000       0x43
 .comment       0x0000000000000000       0x43 C:/ST/STM32CubeIDE_1.13.2/STM32CubeIDE/plugins/com.st.stm32cube.ide.mcu.externaltools.gnu-tools-for-stm32.11.3.rel1.win32_1.1.1.202309131626/tools/bin/../lib/gcc/arm-none-eabi/11.3.1/thumb/v7-m/nofp/crtbegin.o
                                         0x44 (size before relaxing)
 .comment       0x0000000000000043       0x44 ./Core/Src/gpio.o
 .comment       0x0000000000000043       0x44 ./Core/Src/lcd.o
 .comment       0x0000000000000043       0x44 ./Core/Src/main.o
 .comment       0x0000000000000043       0x44 ./Core/Src/stm32f1xx_hal_msp.o
 .comment       0x0000000000000043       0x44 ./Core/Src/stm32f1xx_it.o
 .comment       0x0000000000000043       0x44 ./Core/Src/system_stm32f1xx.o
 .comment       0x0000000000000043       0x44 ./Core/Src/usart.o
 .comment       0x0000000000000043       0x44 ./Core/Src/utils.o
 .comment       0x0000000000000043       0x44 ./Drivers/STM32F1xx_HAL_Driver/Src/stm32f1xx_hal.o
 .comment       0x0000000000000043       0x44 ./Drivers/STM32F1xx_HAL_Driver/Src/stm32f1xx_hal_cortex.o
 .comment       0x0000000000000043       0x44 ./Drivers/STM32F1xx_HAL_Driver/Src/stm32f1xx_hal_dma.o
 .comment       0x0000000000000043       0x44 ./Drivers/STM32F1xx_HAL_Driver/Src/stm32f1xx_hal_gpio.o
 .comment       0x0000000000000043       0x44 ./Drivers/STM32F1xx_HAL_Driver/Src/stm32f1xx_hal_rcc.o
 .comment       0x0000000000000043       0x44 ./Drivers/STM32F1xx_HAL_Driver/Src/stm32f1xx_hal_uart.o

.debug_frame    0x0000000000000000      0x14c
 .debug_frame   0x0000000000000000       0x20 C:/ST/STM32CubeIDE_1.13.2/STM32CubeIDE/plugins/com.st.stm32cube.ide.mcu.externaltools.gnu-tools-for-stm32.11.3.rel1.win32_1.1.1.202309131626/tools/bin/../lib/gcc/arm-none-eabi/11.3.1/../../../../arm-none-eabi/lib/thumb/v7-m/nofp\libc_nano.a(libc_a-memset.o)
 .debug_frame   0x0000000000000020       0x2c C:/ST/STM32CubeIDE_1.13.2/STM32CubeIDE/plugins/com.st.stm32cube.ide.mcu.externaltools.gnu-tools-for-stm32.11.3.rel1.win32_1.1.1.202309131626/tools/bin/../lib/gcc/arm-none-eabi/11.3.1/../../../../arm-none-eabi/lib/thumb/v7-m/nofp\libc_nano.a(libc_a-init.o)
 .debug_frame   0x000000000000004c       0x30 C:/ST/STM32CubeIDE_1.13.2/STM32CubeIDE/plugins/com.st.stm32cube.ide.mcu.externaltools.gnu-tools-for-stm32.11.3.rel1.win32_1.1.1.202309131626/tools/bin/../lib/gcc/arm-none-eabi/11.3.1/thumb/v7-m/nofp\libgcc.a(_arm_muldf3.o)
 .debug_frame   0x000000000000007c       0xac C:/ST/STM32CubeIDE_1.13.2/STM32CubeIDE/plugins/com.st.stm32cube.ide.mcu.externaltools.gnu-tools-for-stm32.11.3.rel1.win32_1.1.1.202309131626/tools/bin/../lib/gcc/arm-none-eabi/11.3.1/thumb/v7-m/nofp\libgcc.a(_arm_addsubdf3.o)
 .debug_frame   0x0000000000000128       0x24 C:/ST/STM32CubeIDE_1.13.2/STM32CubeIDE/plugins/com.st.stm32cube.ide.mcu.externaltools.gnu-tools-for-stm32.11.3.rel1.win32_1.1.1.202309131626/tools/bin/../lib/gcc/arm-none-eabi/11.3.1/thumb/v7-m/nofp\libgcc.a(_arm_fixunsdfsi.o)
