../FATFS/Target/bsp_driver_sd.c:79:16:BSP_SD_ITConfig	0	static
../FATFS/Target/bsp_driver_sd.c:88:13:BSP_SD_DetectIT	0	static
../FATFS/Target/bsp_driver_sd.c:105:16:BSP_SD_ReadBlocks	16	static
../FATFS/Target/bsp_driver_sd.c:128:16:BSP_SD_WriteBlocks	16	static
../FATFS/Target/bsp_driver_sd.c:150:16:BSP_SD_ReadBlocks_DMA	8	static
../FATFS/Target/bsp_driver_sd.c:173:16:BSP_SD_WriteBlocks_DMA	8	static
../FATFS/Target/bsp_driver_sd.c:195:16:BSP_SD_Erase	8	static
../FATFS/Target/bsp_driver_sd.c:215:16:BSP_SD_GetCardState	8	static
../FATFS/Target/bsp_driver_sd.c:225:13:BSP_SD_GetCardInfo	0	static
../FATFS/Target/bsp_driver_sd.c:270:13:BSP_SD_AbortCallback	0	static
../FATFS/Target/bsp_driver_sd.c:239:6:HAL_SD_AbortCallback	8	static
../FATFS/Target/bsp_driver_sd.c:280:13:BSP_SD_WriteCpltCallback	0	static
../FATFS/Target/bsp_driver_sd.c:249:6:HAL_SD_TxCpltCallback	8	static
../FATFS/Target/bsp_driver_sd.c:290:13:BSP_SD_ReadCpltCallback	0	static
../FATFS/Target/bsp_driver_sd.c:259:6:HAL_SD_RxCpltCallback	8	static
../FATFS/Target/bsp_driver_sd.c:302:16:BSP_SD_IsDetected	16	static
../FATFS/Target/bsp_driver_sd.c:48:16:BSP_SD_Init	8	static
